Copyright 1986-2022 Xilinx, Inc. All Rights Reserved. Copyright 2022-2025 Advanced Micro Devices, Inc. All Rights Reserved.
--------------------------------------------------------------------------------------------------------------------------------------------------
| Tool Version      : Vivado v.2025.2 (win64) Build 6299465 Fri Nov 14 19:35:11 GMT 2025
| Date              : Sat Aug  8 17:28:02 2026
| Host              : DESKTOP-608D0QK running 64-bit major release  (build 9200)
| Command           : report_clocks -file R:/source/vivado/output/FPGAtten_2025_2_235MHz_core_300MHz_remote_validation/reports/report_clocks.rpt
| Design            : gqav7_z19p_system_wrapper
| Device            : xczu19eg-ffvc1760
| Speed File        : -2  PRODUCTION 1.30 05-15-2022
| Design State      : Routed
| Temperature Grade : I
--------------------------------------------------------------------------------------------------------------------------------------------------

Clock Report


Attributes
  P: Propagated
  G: Generated
  A: Auto-derived
  R: Renamed
  V: Virtual
  I: Inverted
  S: Pin phase-shifted with Latency mode

Clock                                                                                                Period(ns)  Waveform(ns)    Attributes  Sources
PL_CLK0_200M                                                                                         5.000       {0.000 2.500}   P           {PL_CLK0_clk_p}
clk_pl_0                                                                                             10.000      {0.000 5.000}   P           {gqav7_z19p_system_i/zynq_ultra_ps_e_0/inst/PS8_i/PLCLK[0]}
dbg_hub/inst/BSCANID.u_xsdbm_id/SWITCH_N_EXT_BSCAN.bscan_inst/SERIES7_BSCAN.bscan_inst/INTERNAL_TCK  50.000      {0.000 25.000}  P           {dbg_hub/inst/BSCANID.u_xsdbm_id/SWITCH_N_EXT_BSCAN.bscan_inst/SERIES7_BSCAN.bscan_inst/INTERNAL_TCK}
clk_core_235_unbuf                                                                                   4.255       {0.000 2.128}   P,G,A       {gqav7_z19p_system_i/pl_clock_buffer/inst/u_mmcm_core_235m/CLKOUT0}
clk_core_feedback                                                                                    10.000      {0.000 5.000}   P,G,A       {gqav7_z19p_system_i/pl_clock_buffer/inst/u_mmcm_core_235m/CLKFBOUT}
clk_dma_300_unbuf                                                                                    3.333       {0.000 1.667}   P,G,A       {gqav7_z19p_system_i/pl_clock_buffer/inst/u_mmcm_dma_300m/CLKOUT0}
clk_dma_feedback                                                                                     5.000       {0.000 2.500}   P,G,A       {gqav7_z19p_system_i/pl_clock_buffer/inst/u_mmcm_dma_300m/CLKFBOUT}
mmcm_clkout0                                                                                         3.333       {0.000 1.667}   P,G,A       {gqav7_z19p_system_i/pl_ddr4_0/inst/u_ddr4_controller/inst/u_ddr4_infrastructure/gen_mmcme4.u_mmcme_adv_inst/CLKOUT0}
mmcm_clkout5                                                                                         13.333      {0.000 6.667}   P,G,A       {gqav7_z19p_system_i/pl_ddr4_0/inst/u_ddr4_controller/inst/u_ddr4_infrastructure/gen_mmcme4.u_mmcme_adv_inst/CLKOUT5}
mmcm_clkout6                                                                                         6.667       {0.000 3.333}   P,G,A       {gqav7_z19p_system_i/pl_ddr4_0/inst/u_ddr4_controller/inst/u_ddr4_infrastructure/gen_mmcme4.u_mmcme_adv_inst/CLKOUT6}
pll_clk[0]                                                                                           0.417       {0.000 0.208}   P,G,A       {gqav7_z19p_system_i/pl_ddr4_0/inst/u_ddr4_controller/inst/u_ddr4_mem_intfc/u_mig_ddr4_phy/inst/u_ddr4_phy_pll/plle_loop[0].gen_plle4.PLLE4_BASE_INST_OTHER/CLKOUTPHY}
pll_clk[0]_DIV                                                                                       3.333       {0.000 1.667}   P,G,A       {gqav7_z19p_system_i/pl_ddr4_0/inst/u_ddr4_controller/inst/u_ddr4_mem_intfc/u_mig_ddr4_phy/inst/generate_block1.u_ddr_xiphy/byte_num[0].xiphy_byte_wrapper.u_xiphy_byte_wrapper/I_CONTROL[0].GEN_I_CONTROL.u_xiphy_control/xiphy_control/RX_DIV4_CLK_Q gqav7_z19p_system_i/pl_ddr4_0/inst/u_ddr4_controller/inst/u_ddr4_mem_intfc/u_mig_ddr4_phy/inst/generate_block1.u_ddr_xiphy/byte_num[0].xiphy_byte_wrapper.u_xiphy_byte_wrapper/I_CONTROL[0].GEN_I_CONTROL.u_xiphy_control/xiphy_control/TX_DIV4_CLK_Q gqav7_z19p_system_i/pl_ddr4_0/inst/u_ddr4_controller/inst/u_ddr4_mem_intfc/u_mig_ddr4_phy/inst/generate_block1.u_ddr_xiphy/byte_num[0].xiphy_byte_wrapper.u_xiphy_byte_wrapper/I_CONTROL[1].GEN_I_CONTROL.u_xiphy_control/xiphy_control/RX_DIV4_CLK_Q gqav7_z19p_system_i/pl_ddr4_0/inst/u_ddr4_controller/inst/u_ddr4_mem_intfc/u_mig_ddr4_phy/inst/generate_block1.u_ddr_xiphy/byte_num[0].xiphy_byte_wrapper.u_xiphy_byte_wrapper/I_CONTROL[1].GEN_I_CONTROL.u_xiphy_control/xiphy_control/TX_DIV4_CLK_Q gqav7_z19p_system_i/pl_ddr4_0/inst/u_ddr4_controller/inst/u_ddr4_mem_intfc/u_mig_ddr4_phy/inst/generate_block1.u_ddr_xiphy/byte_num[1].xiphy_byte_wrapper.u_xiphy_byte_wrapper/I_CONTROL[0].GEN_I_CONTROL.u_xiphy_control/xiphy_control/RX_DIV4_CLK_Q gqav7_z19p_system_i/pl_ddr4_0/inst/u_ddr4_controller/inst/u_ddr4_mem_intfc/u_mig_ddr4_phy/inst/generate_block1.u_ddr_xiphy/byte_num[1].xiphy_byte_wrapper.u_xiphy_byte_wrapper/I_CONTROL[0].GEN_I_CONTROL.u_xiphy_control/xiphy_control/TX_DIV4_CLK_Q gqav7_z19p_system_i/pl_ddr4_0/inst/u_ddr4_controller/inst/u_ddr4_mem_intfc/u_mig_ddr4_phy/inst/generate_block1.u_ddr_xiphy/byte_num[1].xiphy_byte_wrapper.u_xiphy_byte_wrapper/I_CONTROL[1].GEN_I_CONTROL.u_xiphy_control/xiphy_control/RX_DIV4_CLK_Q gqav7_z19p_system_i/pl_ddr4_0/inst/u_ddr4_controller/inst/u_ddr4_mem_intfc/u_mig_ddr4_phy/inst/generate_block1.u_ddr_xiphy/byte_num[1].xiphy_byte_wrapper.u_xiphy_byte_wrapper/I_CONTROL[1].GEN_I_CONTROL.u_xiphy_control/xiphy_control/TX_DIV4_CLK_Q gqav7_z19p_system_i/pl_ddr4_0/inst/u_ddr4_controller/inst/u_ddr4_mem_intfc/u_mig_ddr4_phy/inst/generate_block1.u_ddr_xiphy/byte_num[2].xiphy_byte_wrapper.u_xiphy_byte_wrapper/I_CONTROL[0].GEN_I_CONTROL.u_xiphy_control/xiphy_control/RX_DIV4_CLK_Q gqav7_z19p_system_i/pl_ddr4_0/inst/u_ddr4_controller/inst/u_ddr4_mem_intfc/u_mig_ddr4_phy/inst/generate_block1.u_ddr_xiphy/byte_num[2].xiphy_byte_wrapper.u_xiphy_byte_wrapper/I_CONTROL[0].GEN_I_CONTROL.u_xiphy_control/xiphy_control/TX_DIV4_CLK_Q gqav7_z19p_system_i/pl_ddr4_0/inst/u_ddr4_controller/inst/u_ddr4_mem_intfc/u_mig_ddr4_phy/inst/generate_block1.u_ddr_xiphy/byte_num[2].xiphy_byte_wrapper.u_xiphy_byte_wrapper/I_CONTROL[1].GEN_I_CONTROL.u_xiphy_control/xiphy_control/RX_DIV4_CLK_Q gqav7_z19p_system_i/pl_ddr4_0/inst/u_ddr4_controller/inst/u_ddr4_mem_intfc/u_mig_ddr4_phy/inst/generate_block1.u_ddr_xiphy/byte_num[2].xiphy_byte_wrapper.u_xiphy_byte_wrapper/I_CONTROL[1].GEN_I_CONTROL.u_xiphy_control/xiphy_control/TX_DIV4_CLK_Q gqav7_z19p_system_i/pl_ddr4_0/inst/u_ddr4_controller/inst/u_ddr4_mem_intfc/u_mig_ddr4_phy/inst/generate_block1.u_ddr_xiphy/byte_num[3].xiphy_byte_wrapper.u_xiphy_byte_wrapper/I_CONTROL[0].GEN_I_CONTROL.u_xiphy_control/xiphy_control/RX_DIV4_CLK_Q gqav7_z19p_system_i/pl_ddr4_0/inst/u_ddr4_controller/inst/u_ddr4_mem_intfc/u_mig_ddr4_phy/inst/generate_block1.u_ddr_xiphy/byte_num[3].xiphy_byte_wrapper.u_xiphy_byte_wrapper/I_CONTROL[0].GEN_I_CONTROL.u_xiphy_control/xiphy_control/TX_DIV4_CLK_Q gqav7_z19p_system_i/pl_ddr4_0/inst/u_ddr4_controller/inst/u_ddr4_mem_intfc/u_mig_ddr4_phy/inst/generate_block1.u_ddr_xiphy/byte_num[3].xiphy_byte_wrapper.u_xiphy_byte_wrapper/I_CONTROL[1].GEN_I_CONTROL.u_xiphy_control/xiphy_control/RX_DIV4_CLK_Q gqav7_z19p_system_i/pl_ddr4_0/inst/u_ddr4_controller/inst/u_ddr4_mem_intfc/u_mig_ddr4_phy/inst/generate_block1.u_ddr_xiphy/byte_num[3].xiphy_byte_wrapper.u_xiphy_byte_wrapper/I_CONTROL[1].GEN_I_CONTROL.u_xiphy_control/xiphy_control/TX_DIV4_CLK_Q}
pll_clk[1]                                                                                           0.417       {0.000 0.208}   P,G,A       {gqav7_z19p_system_i/pl_ddr4_0/inst/u_ddr4_controller/inst/u_ddr4_mem_intfc/u_mig_ddr4_phy/inst/u_ddr4_phy_pll/plle_loop[1].gen_plle4.PLLE4_BASE_INST_OTHER/CLKOUTPHY}
pll_clk[1]_DIV                                                                                       3.333       {0.000 1.667}   P,G,A       {gqav7_z19p_system_i/pl_ddr4_0/inst/u_ddr4_controller/inst/u_ddr4_mem_intfc/u_mig_ddr4_phy/inst/generate_block1.u_ddr_xiphy/byte_num[4].xiphy_byte_wrapper.u_xiphy_byte_wrapper/I_CONTROL[0].GEN_I_CONTROL.u_xiphy_control/xiphy_control/RX_DIV4_CLK_Q gqav7_z19p_system_i/pl_ddr4_0/inst/u_ddr4_controller/inst/u_ddr4_mem_intfc/u_mig_ddr4_phy/inst/generate_block1.u_ddr_xiphy/byte_num[4].xiphy_byte_wrapper.u_xiphy_byte_wrapper/I_CONTROL[0].GEN_I_CONTROL.u_xiphy_control/xiphy_control/TX_DIV4_CLK_Q gqav7_z19p_system_i/pl_ddr4_0/inst/u_ddr4_controller/inst/u_ddr4_mem_intfc/u_mig_ddr4_phy/inst/generate_block1.u_ddr_xiphy/byte_num[4].xiphy_byte_wrapper.u_xiphy_byte_wrapper/I_CONTROL[1].GEN_I_CONTROL.u_xiphy_control/xiphy_control/RX_DIV4_CLK_Q gqav7_z19p_system_i/pl_ddr4_0/inst/u_ddr4_controller/inst/u_ddr4_mem_intfc/u_mig_ddr4_phy/inst/generate_block1.u_ddr_xiphy/byte_num[4].xiphy_byte_wrapper.u_xiphy_byte_wrapper/I_CONTROL[1].GEN_I_CONTROL.u_xiphy_control/xiphy_control/TX_DIV4_CLK_Q gqav7_z19p_system_i/pl_ddr4_0/inst/u_ddr4_controller/inst/u_ddr4_mem_intfc/u_mig_ddr4_phy/inst/generate_block1.u_ddr_xiphy/byte_num[5].xiphy_byte_wrapper.u_xiphy_byte_wrapper/I_CONTROL[0].GEN_I_CONTROL.u_xiphy_control/xiphy_control/RX_DIV4_CLK_Q gqav7_z19p_system_i/pl_ddr4_0/inst/u_ddr4_controller/inst/u_ddr4_mem_intfc/u_mig_ddr4_phy/inst/generate_block1.u_ddr_xiphy/byte_num[5].xiphy_byte_wrapper.u_xiphy_byte_wrapper/I_CONTROL[0].GEN_I_CONTROL.u_xiphy_control/xiphy_control/TX_DIV4_CLK_Q gqav7_z19p_system_i/pl_ddr4_0/inst/u_ddr4_controller/inst/u_ddr4_mem_intfc/u_mig_ddr4_phy/inst/generate_block1.u_ddr_xiphy/byte_num[5].xiphy_byte_wrapper.u_xiphy_byte_wrapper/I_CONTROL[1].GEN_I_CONTROL.u_xiphy_control/xiphy_control/RX_DIV4_CLK_Q gqav7_z19p_system_i/pl_ddr4_0/inst/u_ddr4_controller/inst/u_ddr4_mem_intfc/u_mig_ddr4_phy/inst/generate_block1.u_ddr_xiphy/byte_num[5].xiphy_byte_wrapper.u_xiphy_byte_wrapper/I_CONTROL[1].GEN_I_CONTROL.u_xiphy_control/xiphy_control/TX_DIV4_CLK_Q gqav7_z19p_system_i/pl_ddr4_0/inst/u_ddr4_controller/inst/u_ddr4_mem_intfc/u_mig_ddr4_phy/inst/generate_block1.u_ddr_xiphy/byte_num[6].xiphy_byte_wrapper.u_xiphy_byte_wrapper/I_CONTROL[0].GEN_I_CONTROL.u_xiphy_control/xiphy_control/RX_DIV4_CLK_Q gqav7_z19p_system_i/pl_ddr4_0/inst/u_ddr4_controller/inst/u_ddr4_mem_intfc/u_mig_ddr4_phy/inst/generate_block1.u_ddr_xiphy/byte_num[6].xiphy_byte_wrapper.u_xiphy_byte_wrapper/I_CONTROL[0].GEN_I_CONTROL.u_xiphy_control/xiphy_control/TX_DIV4_CLK_Q gqav7_z19p_system_i/pl_ddr4_0/inst/u_ddr4_controller/inst/u_ddr4_mem_intfc/u_mig_ddr4_phy/inst/generate_block1.u_ddr_xiphy/byte_num[6].xiphy_byte_wrapper.u_xiphy_byte_wrapper/I_CONTROL[1].GEN_I_CONTROL.u_xiphy_control/xiphy_control/RX_DIV4_CLK_Q gqav7_z19p_system_i/pl_ddr4_0/inst/u_ddr4_controller/inst/u_ddr4_mem_intfc/u_mig_ddr4_phy/inst/generate_block1.u_ddr_xiphy/byte_num[6].xiphy_byte_wrapper.u_xiphy_byte_wrapper/I_CONTROL[1].GEN_I_CONTROL.u_xiphy_control/xiphy_control/TX_DIV4_CLK_Q gqav7_z19p_system_i/pl_ddr4_0/inst/u_ddr4_controller/inst/u_ddr4_mem_intfc/u_mig_ddr4_phy/inst/generate_block1.u_ddr_xiphy/byte_num[7].xiphy_byte_wrapper.u_xiphy_byte_wrapper/I_CONTROL[0].GEN_I_CONTROL.u_xiphy_control/xiphy_control/RX_DIV4_CLK_Q gqav7_z19p_system_i/pl_ddr4_0/inst/u_ddr4_controller/inst/u_ddr4_mem_intfc/u_mig_ddr4_phy/inst/generate_block1.u_ddr_xiphy/byte_num[7].xiphy_byte_wrapper.u_xiphy_byte_wrapper/I_CONTROL[0].GEN_I_CONTROL.u_xiphy_control/xiphy_control/TX_DIV4_CLK_Q gqav7_z19p_system_i/pl_ddr4_0/inst/u_ddr4_controller/inst/u_ddr4_mem_intfc/u_mig_ddr4_phy/inst/generate_block1.u_ddr_xiphy/byte_num[7].xiphy_byte_wrapper.u_xiphy_byte_wrapper/I_CONTROL[1].GEN_I_CONTROL.u_xiphy_control/xiphy_control/RX_DIV4_CLK_Q gqav7_z19p_system_i/pl_ddr4_0/inst/u_ddr4_controller/inst/u_ddr4_mem_intfc/u_mig_ddr4_phy/inst/generate_block1.u_ddr_xiphy/byte_num[7].xiphy_byte_wrapper.u_xiphy_byte_wrapper/I_CONTROL[1].GEN_I_CONTROL.u_xiphy_control/xiphy_control/TX_DIV4_CLK_Q}
pll_clk[2]                                                                                           0.417       {0.000 0.208}   P,G,A       {gqav7_z19p_system_i/pl_ddr4_0/inst/u_ddr4_controller/inst/u_ddr4_mem_intfc/u_mig_ddr4_phy/inst/u_ddr4_phy_pll/plle_loop[2].gen_plle4.PLLE4_BASE_INST_OTHER/CLKOUTPHY}
pll_clk[2]_DIV                                                                                       3.333       {0.000 1.667}   P,G,A       {gqav7_z19p_system_i/pl_ddr4_0/inst/u_ddr4_controller/inst/u_ddr4_mem_intfc/u_mig_ddr4_phy/inst/generate_block1.u_ddr_xiphy/byte_num[10].xiphy_byte_wrapper.u_xiphy_byte_wrapper/I_CONTROL[0].GEN_I_CONTROL.u_xiphy_control/xiphy_control/RX_DIV4_CLK_Q gqav7_z19p_system_i/pl_ddr4_0/inst/u_ddr4_controller/inst/u_ddr4_mem_intfc/u_mig_ddr4_phy/inst/generate_block1.u_ddr_xiphy/byte_num[10].xiphy_byte_wrapper.u_xiphy_byte_wrapper/I_CONTROL[0].GEN_I_CONTROL.u_xiphy_control/xiphy_control/TX_DIV4_CLK_Q gqav7_z19p_system_i/pl_ddr4_0/inst/u_ddr4_controller/inst/u_ddr4_mem_intfc/u_mig_ddr4_phy/inst/generate_block1.u_ddr_xiphy/byte_num[10].xiphy_byte_wrapper.u_xiphy_byte_wrapper/I_CONTROL[1].GEN_I_CONTROL.u_xiphy_control/xiphy_control/RX_DIV4_CLK_Q gqav7_z19p_system_i/pl_ddr4_0/inst/u_ddr4_controller/inst/u_ddr4_mem_intfc/u_mig_ddr4_phy/inst/generate_block1.u_ddr_xiphy/byte_num[10].xiphy_byte_wrapper.u_xiphy_byte_wrapper/I_CONTROL[1].GEN_I_CONTROL.u_xiphy_control/xiphy_control/TX_DIV4_CLK_Q gqav7_z19p_system_i/pl_ddr4_0/inst/u_ddr4_controller/inst/u_ddr4_mem_intfc/u_mig_ddr4_phy/inst/generate_block1.u_ddr_xiphy/byte_num[8].xiphy_byte_wrapper.u_xiphy_byte_wrapper/I_CONTROL[0].GEN_I_CONTROL.u_xiphy_control/xiphy_control/RX_DIV4_CLK_Q gqav7_z19p_system_i/pl_ddr4_0/inst/u_ddr4_controller/inst/u_ddr4_mem_intfc/u_mig_ddr4_phy/inst/generate_block1.u_ddr_xiphy/byte_num[8].xiphy_byte_wrapper.u_xiphy_byte_wrapper/I_CONTROL[0].GEN_I_CONTROL.u_xiphy_control/xiphy_control/TX_DIV4_CLK_Q gqav7_z19p_system_i/pl_ddr4_0/inst/u_ddr4_controller/inst/u_ddr4_mem_intfc/u_mig_ddr4_phy/inst/generate_block1.u_ddr_xiphy/byte_num[8].xiphy_byte_wrapper.u_xiphy_byte_wrapper/I_CONTROL[1].GEN_I_CONTROL.u_xiphy_control/xiphy_control/RX_DIV4_CLK_Q gqav7_z19p_system_i/pl_ddr4_0/inst/u_ddr4_controller/inst/u_ddr4_mem_intfc/u_mig_ddr4_phy/inst/generate_block1.u_ddr_xiphy/byte_num[8].xiphy_byte_wrapper.u_xiphy_byte_wrapper/I_CONTROL[1].GEN_I_CONTROL.u_xiphy_control/xiphy_control/TX_DIV4_CLK_Q gqav7_z19p_system_i/pl_ddr4_0/inst/u_ddr4_controller/inst/u_ddr4_mem_intfc/u_mig_ddr4_phy/inst/generate_block1.u_ddr_xiphy/byte_num[9].xiphy_byte_wrapper.u_xiphy_byte_wrapper/I_CONTROL[0].GEN_I_CONTROL.u_xiphy_control/xiphy_control/RX_DIV4_CLK_Q gqav7_z19p_system_i/pl_ddr4_0/inst/u_ddr4_controller/inst/u_ddr4_mem_intfc/u_mig_ddr4_phy/inst/generate_block1.u_ddr_xiphy/byte_num[9].xiphy_byte_wrapper.u_xiphy_byte_wrapper/I_CONTROL[0].GEN_I_CONTROL.u_xiphy_control/xiphy_control/TX_DIV4_CLK_Q gqav7_z19p_system_i/pl_ddr4_0/inst/u_ddr4_controller/inst/u_ddr4_mem_intfc/u_mig_ddr4_phy/inst/generate_block1.u_ddr_xiphy/byte_num[9].xiphy_byte_wrapper.u_xiphy_byte_wrapper/I_CONTROL[1].GEN_I_CONTROL.u_xiphy_control/xiphy_control/RX_DIV4_CLK_Q gqav7_z19p_system_i/pl_ddr4_0/inst/u_ddr4_controller/inst/u_ddr4_mem_intfc/u_mig_ddr4_phy/inst/generate_block1.u_ddr_xiphy/byte_num[9].xiphy_byte_wrapper.u_xiphy_byte_wrapper/I_CONTROL[1].GEN_I_CONTROL.u_xiphy_control/xiphy_control/TX_DIV4_CLK_Q}


====================================================
Generated Clocks
====================================================

Generated Clock     : clk_core_235_unbuf
Master Source       : gqav7_z19p_system_i/pl_clock_buffer/inst/u_mmcm_core_235m/CLKIN1
Master Clock        : PL_CLK0_200M
Edges               : {1 2 3}
Edge Shifts(ns)     : {0.000 -0.372 -0.745}
Generated Sources   : {gqav7_z19p_system_i/pl_clock_buffer/inst/u_mmcm_core_235m/CLKOUT0}

Generated Clock     : clk_core_feedback
Master Source       : gqav7_z19p_system_i/pl_clock_buffer/inst/u_mmcm_core_235m/CLKIN1
Master Clock        : PL_CLK0_200M
Edges               : {1 2 3}
Edge Shifts(ns)     : {0.000 2.500 5.000}
Generated Sources   : {gqav7_z19p_system_i/pl_clock_buffer/inst/u_mmcm_core_235m/CLKFBOUT}

Generated Clock     : clk_dma_300_unbuf
Master Source       : gqav7_z19p_system_i/pl_clock_buffer/inst/u_mmcm_dma_300m/CLKIN1
Master Clock        : PL_CLK0_200M
Edges               : {1 2 3}
Edge Shifts(ns)     : {0.000 -0.833 -1.667}
Generated Sources   : {gqav7_z19p_system_i/pl_clock_buffer/inst/u_mmcm_dma_300m/CLKOUT0}

Generated Clock     : clk_dma_feedback
Master Source       : gqav7_z19p_system_i/pl_clock_buffer/inst/u_mmcm_dma_300m/CLKIN1
Master Clock        : PL_CLK0_200M
Multiply By         : 1
Generated Sources   : {gqav7_z19p_system_i/pl_clock_buffer/inst/u_mmcm_dma_300m/CLKFBOUT}

Generated Clock     : mmcm_clkout0
Master Source       : gqav7_z19p_system_i/pl_ddr4_0/inst/u_ddr4_controller/inst/u_ddr4_infrastructure/gen_mmcme4.u_mmcme_adv_inst/CLKIN1
Master Clock        : PL_CLK0_200M
Edges               : {1 2 3}
Edge Shifts(ns)     : {0.000 -0.833 -1.667}
Generated Sources   : {gqav7_z19p_system_i/pl_ddr4_0/inst/u_ddr4_controller/inst/u_ddr4_infrastructure/gen_mmcme4.u_mmcme_adv_inst/CLKOUT0}

Generated Clock     : mmcm_clkout5
Master Source       : gqav7_z19p_system_i/pl_ddr4_0/inst/u_ddr4_controller/inst/u_ddr4_infrastructure/gen_mmcme4.u_mmcme_adv_inst/CLKIN1
Master Clock        : PL_CLK0_200M
Edges               : {1 2 3}
Edge Shifts(ns)     : {0.000 4.167 8.333}
Generated Sources   : {gqav7_z19p_system_i/pl_ddr4_0/inst/u_ddr4_controller/inst/u_ddr4_infrastructure/gen_mmcme4.u_mmcme_adv_inst/CLKOUT5}

Generated Clock     : mmcm_clkout6
Master Source       : gqav7_z19p_system_i/pl_ddr4_0/inst/u_ddr4_controller/inst/u_ddr4_infrastructure/gen_mmcme4.u_mmcme_adv_inst/CLKIN1
Master Clock        : PL_CLK0_200M
Edges               : {1 2 3}
Edge Shifts(ns)     : {0.000 0.833 1.667}
Generated Sources   : {gqav7_z19p_system_i/pl_ddr4_0/inst/u_ddr4_controller/inst/u_ddr4_infrastructure/gen_mmcme4.u_mmcme_adv_inst/CLKOUT6}

Generated Clock     : pll_clk[0]
Master Source       : gqav7_z19p_system_i/pl_ddr4_0/inst/u_ddr4_controller/inst/u_ddr4_mem_intfc/u_mig_ddr4_phy/inst/u_ddr4_phy_pll/plle_loop[0].gen_plle4.PLLE4_BASE_INST_OTHER/CLKIN
Master Clock        : mmcm_clkout0
Multiply By         : 8
Generated Sources   : {gqav7_z19p_system_i/pl_ddr4_0/inst/u_ddr4_controller/inst/u_ddr4_mem_intfc/u_mig_ddr4_phy/inst/u_ddr4_phy_pll/plle_loop[0].gen_plle4.PLLE4_BASE_INST_OTHER/CLKOUTPHY}

Generated Clock     : pll_clk[0]_DIV
Master Source       : gqav7_z19p_system_i/pl_ddr4_0/inst/u_ddr4_controller/inst/u_ddr4_mem_intfc/u_mig_ddr4_phy/inst/u_ddr4_phy_pll/plle_loop[0].gen_plle4.PLLE4_BASE_INST_OTHER/CLKOUTPHY
Master Clock        : pll_clk[0]
Divide By           : 8
Generated Sources   : {gqav7_z19p_system_i/pl_ddr4_0/inst/u_ddr4_controller/inst/u_ddr4_mem_intfc/u_mig_ddr4_phy/inst/generate_block1.u_ddr_xiphy/byte_num[0].xiphy_byte_wrapper.u_xiphy_byte_wrapper/I_CONTROL[0].GEN_I_CONTROL.u_xiphy_control/xiphy_control/RX_DIV4_CLK_Q gqav7_z19p_system_i/pl_ddr4_0/inst/u_ddr4_controller/inst/u_ddr4_mem_intfc/u_mig_ddr4_phy/inst/generate_block1.u_ddr_xiphy/byte_num[0].xiphy_byte_wrapper.u_xiphy_byte_wrapper/I_CONTROL[0].GEN_I_CONTROL.u_xiphy_control/xiphy_control/TX_DIV4_CLK_Q gqav7_z19p_system_i/pl_ddr4_0/inst/u_ddr4_controller/inst/u_ddr4_mem_intfc/u_mig_ddr4_phy/inst/generate_block1.u_ddr_xiphy/byte_num[0].xiphy_byte_wrapper.u_xiphy_byte_wrapper/I_CONTROL[1].GEN_I_CONTROL.u_xiphy_control/xiphy_control/RX_DIV4_CLK_Q gqav7_z19p_system_i/pl_ddr4_0/inst/u_ddr4_controller/inst/u_ddr4_mem_intfc/u_mig_ddr4_phy/inst/generate_block1.u_ddr_xiphy/byte_num[0].xiphy_byte_wrapper.u_xiphy_byte_wrapper/I_CONTROL[1].GEN_I_CONTROL.u_xiphy_control/xiphy_control/TX_DIV4_CLK_Q gqav7_z19p_system_i/pl_ddr4_0/inst/u_ddr4_controller/inst/u_ddr4_mem_intfc/u_mig_ddr4_phy/inst/generate_block1.u_ddr_xiphy/byte_num[1].xiphy_byte_wrapper.u_xiphy_byte_wrapper/I_CONTROL[0].GEN_I_CONTROL.u_xiphy_control/xiphy_control/RX_DIV4_CLK_Q gqav7_z19p_system_i/pl_ddr4_0/inst/u_ddr4_controller/inst/u_ddr4_mem_intfc/u_mig_ddr4_phy/inst/generate_block1.u_ddr_xiphy/byte_num[1].xiphy_byte_wrapper.u_xiphy_byte_wrapper/I_CONTROL[0].GEN_I_CONTROL.u_xiphy_control/xiphy_control/TX_DIV4_CLK_Q gqav7_z19p_system_i/pl_ddr4_0/inst/u_ddr4_controller/inst/u_ddr4_mem_intfc/u_mig_ddr4_phy/inst/generate_block1.u_ddr_xiphy/byte_num[1].xiphy_byte_wrapper.u_xiphy_byte_wrapper/I_CONTROL[1].GEN_I_CONTROL.u_xiphy_control/xiphy_control/RX_DIV4_CLK_Q gqav7_z19p_system_i/pl_ddr4_0/inst/u_ddr4_controller/inst/u_ddr4_mem_intfc/u_mig_ddr4_phy/inst/generate_block1.u_ddr_xiphy/byte_num[1].xiphy_byte_wrapper.u_xiphy_byte_wrapper/I_CONTROL[1].GEN_I_CONTROL.u_xiphy_control/xiphy_control/TX_DIV4_CLK_Q gqav7_z19p_system_i/pl_ddr4_0/inst/u_ddr4_controller/inst/u_ddr4_mem_intfc/u_mig_ddr4_phy/inst/generate_block1.u_ddr_xiphy/byte_num[2].xiphy_byte_wrapper.u_xiphy_byte_wrapper/I_CONTROL[0].GEN_I_CONTROL.u_xiphy_control/xiphy_control/RX_DIV4_CLK_Q gqav7_z19p_system_i/pl_ddr4_0/inst/u_ddr4_controller/inst/u_ddr4_mem_intfc/u_mig_ddr4_phy/inst/generate_block1.u_ddr_xiphy/byte_num[2].xiphy_byte_wrapper.u_xiphy_byte_wrapper/I_CONTROL[0].GEN_I_CONTROL.u_xiphy_control/xiphy_control/TX_DIV4_CLK_Q gqav7_z19p_system_i/pl_ddr4_0/inst/u_ddr4_controller/inst/u_ddr4_mem_intfc/u_mig_ddr4_phy/inst/generate_block1.u_ddr_xiphy/byte_num[2].xiphy_byte_wrapper.u_xiphy_byte_wrapper/I_CONTROL[1].GEN_I_CONTROL.u_xiphy_control/xiphy_control/RX_DIV4_CLK_Q gqav7_z19p_system_i/pl_ddr4_0/inst/u_ddr4_controller/inst/u_ddr4_mem_intfc/u_mig_ddr4_phy/inst/generate_block1.u_ddr_xiphy/byte_num[2].xiphy_byte_wrapper.u_xiphy_byte_wrapper/I_CONTROL[1].GEN_I_CONTROL.u_xiphy_control/xiphy_control/TX_DIV4_CLK_Q gqav7_z19p_system_i/pl_ddr4_0/inst/u_ddr4_controller/inst/u_ddr4_mem_intfc/u_mig_ddr4_phy/inst/generate_block1.u_ddr_xiphy/byte_num[3].xiphy_byte_wrapper.u_xiphy_byte_wrapper/I_CONTROL[0].GEN_I_CONTROL.u_xiphy_control/xiphy_control/RX_DIV4_CLK_Q gqav7_z19p_system_i/pl_ddr4_0/inst/u_ddr4_controller/inst/u_ddr4_mem_intfc/u_mig_ddr4_phy/inst/generate_block1.u_ddr_xiphy/byte_num[3].xiphy_byte_wrapper.u_xiphy_byte_wrapper/I_CONTROL[0].GEN_I_CONTROL.u_xiphy_control/xiphy_control/TX_DIV4_CLK_Q gqav7_z19p_system_i/pl_ddr4_0/inst/u_ddr4_controller/inst/u_ddr4_mem_intfc/u_mig_ddr4_phy/inst/generate_block1.u_ddr_xiphy/byte_num[3].xiphy_byte_wrapper.u_xiphy_byte_wrapper/I_CONTROL[1].GEN_I_CONTROL.u_xiphy_control/xiphy_control/RX_DIV4_CLK_Q gqav7_z19p_system_i/pl_ddr4_0/inst/u_ddr4_controller/inst/u_ddr4_mem_intfc/u_mig_ddr4_phy/inst/generate_block1.u_ddr_xiphy/byte_num[3].xiphy_byte_wrapper.u_xiphy_byte_wrapper/I_CONTROL[1].GEN_I_CONTROL.u_xiphy_control/xiphy_control/TX_DIV4_CLK_Q}

Generated Clock     : pll_clk[1]
Master Source       : gqav7_z19p_system_i/pl_ddr4_0/inst/u_ddr4_controller/inst/u_ddr4_mem_intfc/u_mig_ddr4_phy/inst/u_ddr4_phy_pll/plle_loop[1].gen_plle4.PLLE4_BASE_INST_OTHER/CLKIN
Master Clock        : mmcm_clkout0
Multiply By         : 8
Generated Sources   : {gqav7_z19p_system_i/pl_ddr4_0/inst/u_ddr4_controller/inst/u_ddr4_mem_intfc/u_mig_ddr4_phy/inst/u_ddr4_phy_pll/plle_loop[1].gen_plle4.PLLE4_BASE_INST_OTHER/CLKOUTPHY}

Generated Clock     : pll_clk[1]_DIV
Master Source       : gqav7_z19p_system_i/pl_ddr4_0/inst/u_ddr4_controller/inst/u_ddr4_mem_intfc/u_mig_ddr4_phy/inst/u_ddr4_phy_pll/plle_loop[1].gen_plle4.PLLE4_BASE_INST_OTHER/CLKOUTPHY
Master Clock        : pll_clk[1]
Divide By           : 8
Generated Sources   : {gqav7_z19p_system_i/pl_ddr4_0/inst/u_ddr4_controller/inst/u_ddr4_mem_intfc/u_mig_ddr4_phy/inst/generate_block1.u_ddr_xiphy/byte_num[4].xiphy_byte_wrapper.u_xiphy_byte_wrapper/I_CONTROL[0].GEN_I_CONTROL.u_xiphy_control/xiphy_control/RX_DIV4_CLK_Q gqav7_z19p_system_i/pl_ddr4_0/inst/u_ddr4_controller/inst/u_ddr4_mem_intfc/u_mig_ddr4_phy/inst/generate_block1.u_ddr_xiphy/byte_num[4].xiphy_byte_wrapper.u_xiphy_byte_wrapper/I_CONTROL[0].GEN_I_CONTROL.u_xiphy_control/xiphy_control/TX_DIV4_CLK_Q gqav7_z19p_system_i/pl_ddr4_0/inst/u_ddr4_controller/inst/u_ddr4_mem_intfc/u_mig_ddr4_phy/inst/generate_block1.u_ddr_xiphy/byte_num[4].xiphy_byte_wrapper.u_xiphy_byte_wrapper/I_CONTROL[1].GEN_I_CONTROL.u_xiphy_control/xiphy_control/RX_DIV4_CLK_Q gqav7_z19p_system_i/pl_ddr4_0/inst/u_ddr4_controller/inst/u_ddr4_mem_intfc/u_mig_ddr4_phy/inst/generate_block1.u_ddr_xiphy/byte_num[4].xiphy_byte_wrapper.u_xiphy_byte_wrapper/I_CONTROL[1].GEN_I_CONTROL.u_xiphy_control/xiphy_control/TX_DIV4_CLK_Q gqav7_z19p_system_i/pl_ddr4_0/inst/u_ddr4_controller/inst/u_ddr4_mem_intfc/u_mig_ddr4_phy/inst/generate_block1.u_ddr_xiphy/byte_num[5].xiphy_byte_wrapper.u_xiphy_byte_wrapper/I_CONTROL[0].GEN_I_CONTROL.u_xiphy_control/xiphy_control/RX_DIV4_CLK_Q gqav7_z19p_system_i/pl_ddr4_0/inst/u_ddr4_controller/inst/u_ddr4_mem_intfc/u_mig_ddr4_phy/inst/generate_block1.u_ddr_xiphy/byte_num[5].xiphy_byte_wrapper.u_xiphy_byte_wrapper/I_CONTROL[0].GEN_I_CONTROL.u_xiphy_control/xiphy_control/TX_DIV4_CLK_Q gqav7_z19p_system_i/pl_ddr4_0/inst/u_ddr4_controller/inst/u_ddr4_mem_intfc/u_mig_ddr4_phy/inst/generate_block1.u_ddr_xiphy/byte_num[5].xiphy_byte_wrapper.u_xiphy_byte_wrapper/I_CONTROL[1].GEN_I_CONTROL.u_xiphy_control/xiphy_control/RX_DIV4_CLK_Q gqav7_z19p_system_i/pl_ddr4_0/inst/u_ddr4_controller/inst/u_ddr4_mem_intfc/u_mig_ddr4_phy/inst/generate_block1.u_ddr_xiphy/byte_num[5].xiphy_byte_wrapper.u_xiphy_byte_wrapper/I_CONTROL[1].GEN_I_CONTROL.u_xiphy_control/xiphy_control/TX_DIV4_CLK_Q gqav7_z19p_system_i/pl_ddr4_0/inst/u_ddr4_controller/inst/u_ddr4_mem_intfc/u_mig_ddr4_phy/inst/generate_block1.u_ddr_xiphy/byte_num[6].xiphy_byte_wrapper.u_xiphy_byte_wrapper/I_CONTROL[0].GEN_I_CONTROL.u_xiphy_control/xiphy_control/RX_DIV4_CLK_Q gqav7_z19p_system_i/pl_ddr4_0/inst/u_ddr4_controller/inst/u_ddr4_mem_intfc/u_mig_ddr4_phy/inst/generate_block1.u_ddr_xiphy/byte_num[6].xiphy_byte_wrapper.u_xiphy_byte_wrapper/I_CONTROL[0].GEN_I_CONTROL.u_xiphy_control/xiphy_control/TX_DIV4_CLK_Q gqav7_z19p_system_i/pl_ddr4_0/inst/u_ddr4_controller/inst/u_ddr4_mem_intfc/u_mig_ddr4_phy/inst/generate_block1.u_ddr_xiphy/byte_num[6].xiphy_byte_wrapper.u_xiphy_byte_wrapper/I_CONTROL[1].GEN_I_CONTROL.u_xiphy_control/xiphy_control/RX_DIV4_CLK_Q gqav7_z19p_system_i/pl_ddr4_0/inst/u_ddr4_controller/inst/u_ddr4_mem_intfc/u_mig_ddr4_phy/inst/generate_block1.u_ddr_xiphy/byte_num[6].xiphy_byte_wrapper.u_xiphy_byte_wrapper/I_CONTROL[1].GEN_I_CONTROL.u_xiphy_control/xiphy_control/TX_DIV4_CLK_Q gqav7_z19p_system_i/pl_ddr4_0/inst/u_ddr4_controller/inst/u_ddr4_mem_intfc/u_mig_ddr4_phy/inst/generate_block1.u_ddr_xiphy/byte_num[7].xiphy_byte_wrapper.u_xiphy_byte_wrapper/I_CONTROL[0].GEN_I_CONTROL.u_xiphy_control/xiphy_control/RX_DIV4_CLK_Q gqav7_z19p_system_i/pl_ddr4_0/inst/u_ddr4_controller/inst/u_ddr4_mem_intfc/u_mig_ddr4_phy/inst/generate_block1.u_ddr_xiphy/byte_num[7].xiphy_byte_wrapper.u_xiphy_byte_wrapper/I_CONTROL[0].GEN_I_CONTROL.u_xiphy_control/xiphy_control/TX_DIV4_CLK_Q gqav7_z19p_system_i/pl_ddr4_0/inst/u_ddr4_controller/inst/u_ddr4_mem_intfc/u_mig_ddr4_phy/inst/generate_block1.u_ddr_xiphy/byte_num[7].xiphy_byte_wrapper.u_xiphy_byte_wrapper/I_CONTROL[1].GEN_I_CONTROL.u_xiphy_control/xiphy_control/RX_DIV4_CLK_Q gqav7_z19p_system_i/pl_ddr4_0/inst/u_ddr4_controller/inst/u_ddr4_mem_intfc/u_mig_ddr4_phy/inst/generate_block1.u_ddr_xiphy/byte_num[7].xiphy_byte_wrapper.u_xiphy_byte_wrapper/I_CONTROL[1].GEN_I_CONTROL.u_xiphy_control/xiphy_control/TX_DIV4_CLK_Q}

Generated Clock     : pll_clk[2]
Master Source       : gqav7_z19p_system_i/pl_ddr4_0/inst/u_ddr4_controller/inst/u_ddr4_mem_intfc/u_mig_ddr4_phy/inst/u_ddr4_phy_pll/plle_loop[2].gen_plle4.PLLE4_BASE_INST_OTHER/CLKIN
Master Clock        : mmcm_clkout0
Multiply By         : 8
Generated Sources   : {gqav7_z19p_system_i/pl_ddr4_0/inst/u_ddr4_controller/inst/u_ddr4_mem_intfc/u_mig_ddr4_phy/inst/u_ddr4_phy_pll/plle_loop[2].gen_plle4.PLLE4_BASE_INST_OTHER/CLKOUTPHY}

Generated Clock     : pll_clk[2]_DIV
Master Source       : gqav7_z19p_system_i/pl_ddr4_0/inst/u_ddr4_controller/inst/u_ddr4_mem_intfc/u_mig_ddr4_phy/inst/u_ddr4_phy_pll/plle_loop[2].gen_plle4.PLLE4_BASE_INST_OTHER/CLKOUTPHY
Master Clock        : pll_clk[2]
Divide By           : 8
Generated Sources   : {gqav7_z19p_system_i/pl_ddr4_0/inst/u_ddr4_controller/inst/u_ddr4_mem_intfc/u_mig_ddr4_phy/inst/generate_block1.u_ddr_xiphy/byte_num[10].xiphy_byte_wrapper.u_xiphy_byte_wrapper/I_CONTROL[0].GEN_I_CONTROL.u_xiphy_control/xiphy_control/RX_DIV4_CLK_Q gqav7_z19p_system_i/pl_ddr4_0/inst/u_ddr4_controller/inst/u_ddr4_mem_intfc/u_mig_ddr4_phy/inst/generate_block1.u_ddr_xiphy/byte_num[10].xiphy_byte_wrapper.u_xiphy_byte_wrapper/I_CONTROL[0].GEN_I_CONTROL.u_xiphy_control/xiphy_control/TX_DIV4_CLK_Q gqav7_z19p_system_i/pl_ddr4_0/inst/u_ddr4_controller/inst/u_ddr4_mem_intfc/u_mig_ddr4_phy/inst/generate_block1.u_ddr_xiphy/byte_num[10].xiphy_byte_wrapper.u_xiphy_byte_wrapper/I_CONTROL[1].GEN_I_CONTROL.u_xiphy_control/xiphy_control/RX_DIV4_CLK_Q gqav7_z19p_system_i/pl_ddr4_0/inst/u_ddr4_controller/inst/u_ddr4_mem_intfc/u_mig_ddr4_phy/inst/generate_block1.u_ddr_xiphy/byte_num[10].xiphy_byte_wrapper.u_xiphy_byte_wrapper/I_CONTROL[1].GEN_I_CONTROL.u_xiphy_control/xiphy_control/TX_DIV4_CLK_Q gqav7_z19p_system_i/pl_ddr4_0/inst/u_ddr4_controller/inst/u_ddr4_mem_intfc/u_mig_ddr4_phy/inst/generate_block1.u_ddr_xiphy/byte_num[8].xiphy_byte_wrapper.u_xiphy_byte_wrapper/I_CONTROL[0].GEN_I_CONTROL.u_xiphy_control/xiphy_control/RX_DIV4_CLK_Q gqav7_z19p_system_i/pl_ddr4_0/inst/u_ddr4_controller/inst/u_ddr4_mem_intfc/u_mig_ddr4_phy/inst/generate_block1.u_ddr_xiphy/byte_num[8].xiphy_byte_wrapper.u_xiphy_byte_wrapper/I_CONTROL[0].GEN_I_CONTROL.u_xiphy_control/xiphy_control/TX_DIV4_CLK_Q gqav7_z19p_system_i/pl_ddr4_0/inst/u_ddr4_controller/inst/u_ddr4_mem_intfc/u_mig_ddr4_phy/inst/generate_block1.u_ddr_xiphy/byte_num[8].xiphy_byte_wrapper.u_xiphy_byte_wrapper/I_CONTROL[1].GEN_I_CONTROL.u_xiphy_control/xiphy_control/RX_DIV4_CLK_Q gqav7_z19p_system_i/pl_ddr4_0/inst/u_ddr4_controller/inst/u_ddr4_mem_intfc/u_mig_ddr4_phy/inst/generate_block1.u_ddr_xiphy/byte_num[8].xiphy_byte_wrapper.u_xiphy_byte_wrapper/I_CONTROL[1].GEN_I_CONTROL.u_xiphy_control/xiphy_control/TX_DIV4_CLK_Q gqav7_z19p_system_i/pl_ddr4_0/inst/u_ddr4_controller/inst/u_ddr4_mem_intfc/u_mig_ddr4_phy/inst/generate_block1.u_ddr_xiphy/byte_num[9].xiphy_byte_wrapper.u_xiphy_byte_wrapper/I_CONTROL[0].GEN_I_CONTROL.u_xiphy_control/xiphy_control/RX_DIV4_CLK_Q gqav7_z19p_system_i/pl_ddr4_0/inst/u_ddr4_controller/inst/u_ddr4_mem_intfc/u_mig_ddr4_phy/inst/generate_block1.u_ddr_xiphy/byte_num[9].xiphy_byte_wrapper.u_xiphy_byte_wrapper/I_CONTROL[0].GEN_I_CONTROL.u_xiphy_control/xiphy_control/TX_DIV4_CLK_Q gqav7_z19p_system_i/pl_ddr4_0/inst/u_ddr4_controller/inst/u_ddr4_mem_intfc/u_mig_ddr4_phy/inst/generate_block1.u_ddr_xiphy/byte_num[9].xiphy_byte_wrapper.u_xiphy_byte_wrapper/I_CONTROL[1].GEN_I_CONTROL.u_xiphy_control/xiphy_control/RX_DIV4_CLK_Q gqav7_z19p_system_i/pl_ddr4_0/inst/u_ddr4_controller/inst/u_ddr4_mem_intfc/u_mig_ddr4_phy/inst/generate_block1.u_ddr_xiphy/byte_num[9].xiphy_byte_wrapper.u_xiphy_byte_wrapper/I_CONTROL[1].GEN_I_CONTROL.u_xiphy_control/xiphy_control/TX_DIV4_CLK_Q}



====================================================
User Uncertainty
====================================================



====================================================
User Jitter
====================================================


