Copyright 1986-2022 Xilinx, Inc. All Rights Reserved. Copyright 2022-2025 Advanced Micro Devices, Inc. All Rights Reserved.
-----------------------------------------------------------------------------------------------------------------------------------------------------------------------
| Tool Version      : Vivado v.2025.2 (win64) Build 6299465 Fri Nov 14 19:35:11 GMT 2025
| Date              : Sat Aug  8 17:29:15 2026
| Host              : DESKTOP-608D0QK running 64-bit major release  (build 9200)
| Command           : report_clock_interaction -file R:/source/vivado/output/FPGAtten_2025_2_235MHz_core_300MHz_remote_validation/reports/report_clock_interaction.rpt
| Design            : gqav7_z19p_system_wrapper
| Device            : xczu19eg-ffvc1760
| Speed File        : -2  PRODUCTION 1.30 05-15-2022
| Design State      : Routed
| Temperature Grade : I
-----------------------------------------------------------------------------------------------------------------------------------------------------------------------

Clock Interaction Report

Clock Interaction Table
-----------------------

                                                                                                                                                                                                          WNS                            TNS Failing  TNS Total    WNS Path         Clock-Pair           Inter-Clock              
From Clock                                                                                           To Clock                                                                                             Clock Edges  WNS(ns)  TNS(ns)    Endpoints    Endpoints  Requirement(ns)  Classification       Constraints              
---------------------------------------------------------------------------------------------------  ---------------------------------------------------------------------------------------------------  -----------  -------  -------  -----------  -----------  ---------------  -------------------  -----------------------  
PL_CLK0_200M                                                                                         PL_CLK0_200M                                                                                         rise - rise     3.70     0.00            0           23             5.00  Clean                Timed                    
PL_CLK0_200M                                                                                         mmcm_clkout0                                                                                                                                  0            1                   Ignored              False Path               
PL_CLK0_200M                                                                                         mmcm_clkout6                                                                                                                                  0            2                   Ignored              False Path               
clk_core_235_unbuf                                                                                   clk_core_235_unbuf                                                                                   rise - rise     0.02     0.00            0       350714             4.26  Clean                Partial False Path       
clk_core_235_unbuf                                                                                   clk_dma_300_unbuf                                                                                                                             0           47                   Ignored              Asynchronous Groups      
clk_dma_300_unbuf                                                                                    clk_core_235_unbuf                                                                                                                            0           48                   Ignored              Asynchronous Groups      
clk_dma_300_unbuf                                                                                    clk_dma_300_unbuf                                                                                    rise - rise     0.03     0.00            0       100802             3.33  Clean                Partial False Path       
clk_dma_300_unbuf                                                                                    mmcm_clkout0                                                                                         rise - rise     2.57     0.00            0          734             3.33  Ignored              Max Delay Datapath Only  
dbg_hub/inst/BSCANID.u_xsdbm_id/SWITCH_N_EXT_BSCAN.bscan_inst/SERIES7_BSCAN.bscan_inst/INTERNAL_TCK  dbg_hub/inst/BSCANID.u_xsdbm_id/SWITCH_N_EXT_BSCAN.bscan_inst/SERIES7_BSCAN.bscan_inst/INTERNAL_TCK  rise - fall     7.27     0.00            0         1092            25.00  Clean                Timed                    
dbg_hub/inst/BSCANID.u_xsdbm_id/SWITCH_N_EXT_BSCAN.bscan_inst/SERIES7_BSCAN.bscan_inst/INTERNAL_TCK  mmcm_clkout5                                                                                         rise - rise    49.19     0.00            0           86            50.00  Ignored              Max Delay Datapath Only  
mmcm_clkout0                                                                                         clk_dma_300_unbuf                                                                                    rise - rise     2.63     0.00            0          554             3.33  Ignored              Max Delay Datapath Only  
mmcm_clkout0                                                                                         mmcm_clkout0                                                                                         rise - rise     0.16     0.00            0        44681             3.33  Clean                Partial False Path       
mmcm_clkout0                                                                                         mmcm_clkout5                                                                                         rise - rise    11.47     0.00            0           10            12.00  Ignored              Max Delay Datapath Only  
mmcm_clkout0                                                                                         mmcm_clkout6                                                                                         rise - rise     1.86     0.00            0           36             3.33  Clean                Timed                    
mmcm_clkout0                                                                                         pll_clk[0]_DIV                                                                                       rise - rise     0.66     0.00            0          352             3.33  Clean                Timed                    
mmcm_clkout0                                                                                         pll_clk[1]_DIV                                                                                       rise - rise     0.72     0.00            0          352             3.33  Clean                Timed                    
mmcm_clkout0                                                                                         pll_clk[2]_DIV                                                                                       rise - rise     0.67     0.00            0          216             3.33  Clean                Timed                    
mmcm_clkout5                                                                                         dbg_hub/inst/BSCANID.u_xsdbm_id/SWITCH_N_EXT_BSCAN.bscan_inst/SERIES7_BSCAN.bscan_inst/INTERNAL_TCK  rise - rise    12.93     0.00            0          102            13.33  Ignored              Max Delay Datapath Only  
mmcm_clkout5                                                                                         mmcm_clkout0                                                                                         rise - rise     2.55     0.00            0           28             3.00  Ignored              Max Delay Datapath Only  
mmcm_clkout5                                                                                         mmcm_clkout5                                                                                         rise - rise    10.68     0.00            0          932            13.33  Clean                Timed                    
mmcm_clkout6                                                                                         mmcm_clkout0                                                                                         rise - rise     1.93     0.00            0          129             3.00  Ignored              Max Delay Datapath Only  
mmcm_clkout6                                                                                         mmcm_clkout6                                                                                         rise - rise     1.72     0.00            0         5645             6.67  Clean                Partial False Path       


