Copyright 1986-2022 Xilinx, Inc. All Rights Reserved. Copyright 2022-2025 Advanced Micro Devices, Inc. All Rights Reserved.
---------------------------------------------------------------------------------------------------------------------------------------------------------------------------------------------------------------------
| Tool Version      : Vivado v.2025.2 (win64) Build 6299465 Fri Nov 14 19:35:11 GMT 2025
| Date              : Sat Aug  8 17:29:55 2026
| Host              : DESKTOP-608D0QK running 64-bit major release  (build 9200)
| Command           : report_timing -delay_type max -max_paths 10 -nworst 1 -path_type full -file R:/source/vivado/output/FPGAtten_2025_2_235MHz_core_300MHz_remote_validation/reports/report_timing_setup_top10.rpt
| Design            : gqav7_z19p_system_wrapper
| Device            : xczu19eg-ffvc1760
| Speed File        : -2  PRODUCTION 1.30 05-15-2022
| Design State      : Routed
| Temperature Grade : I
---------------------------------------------------------------------------------------------------------------------------------------------------------------------------------------------------------------------

Timing Report

Slack (MET) :             0.017ns  (required time - arrival time)
  Source:                 gqav7_z19p_system_i/gqav7_accelerator_0/inst/u_accelerator/i_core/i_pipeline/i_downstream/i_pair_rescale/half0_valid_q_reg[1][1]/C
                            (rising edge-triggered cell FDCE clocked by clk_core_235_unbuf  {rise@0.000ns fall@2.128ns period=4.255ns})
  Destination:            gqav7_z19p_system_i/gqav7_accelerator_0/inst/u_accelerator/i_core/i_resident_operands/i_k_column_cache/gen_partition_ram[2].gen_resident_slice[0].column_mem_q_reg/ENARDEN
                            (rising edge-triggered cell RAMB36E2 clocked by clk_core_235_unbuf  {rise@0.000ns fall@2.128ns period=4.255ns})
  Path Group:             clk_core_235_unbuf
  Path Type:              Setup (Max at Slow Process Corner)
  Requirement:            4.255ns  (clk_core_235_unbuf rise@4.255ns - clk_core_235_unbuf rise@0.000ns)
  Data Path Delay:        3.736ns  (logic 0.922ns (24.678%)  route 2.814ns (75.322%))
  Logic Levels:           14  (LUT1=2 LUT2=1 LUT3=1 LUT4=3 LUT5=2 LUT6=4 MUXF7=1)
  Clock Path Skew:        -0.099ns (DCD - SCD + CPR)
    Destination Clock Delay (DCD):    1.924ns = ( 6.179 - 4.255 ) 
    Source Clock Delay      (SCD):    2.034ns
    Clock Pessimism Removal (CPR):    0.011ns
  Clock Uncertainty:      0.061ns  ((TSJ^2 + DJ^2)^1/2) / 2 + PE
    Total System Jitter     (TSJ):    0.071ns
    Discrete Jitter          (DJ):    0.099ns
    Phase Error              (PE):    0.000ns

    Location             Delay type                Incr(ns)  Path(ns)    Netlist Resource(s)
  -------------------------------------------------------------------    -------------------
                         (clock clk_core_235_unbuf rise edge)
                                                      0.000     0.000 r  
                         clock source latency        -1.206    -1.206    
                         propagated clock network latency
                                                      3.240     2.034    
    SLICE_X55Y213        FDCE                         0.000     2.034 r  gqav7_z19p_system_i/gqav7_accelerator_0/inst/u_accelerator/i_core/i_pipeline/i_downstream/i_pair_rescale/half0_valid_q_reg[1][1]/C
    SLICE_X55Y213        FDCE (Prop_AFF_SLICEL_C_Q)
                                                      0.079     2.113 r  gqav7_z19p_system_i/gqav7_accelerator_0/inst/u_accelerator/i_core/i_pipeline/i_downstream/i_pair_rescale/half0_valid_q_reg[1][1]/Q
                         net (fo=2, routed)           0.192     2.305    gqav7_z19p_system_i/gqav7_accelerator_0/inst/u_accelerator/i_core/i_pipeline/i_downstream/i_pair_rescale/gen_rescale_lane[4].i_rescale/s0_valid_q_reg_i_7_0
    SLICE_X56Y213        LUT6 (Prop_D6LUT_SLICEL_I0_O)
                                                      0.099     2.404 r  gqav7_z19p_system_i/gqav7_accelerator_0/inst/u_accelerator/i_core/i_pipeline/i_downstream/i_pair_rescale/gen_rescale_lane[4].i_rescale/s0_valid_q_i_14/O
                         net (fo=1, routed)           0.009     2.413    gqav7_z19p_system_i/gqav7_accelerator_0/inst/u_accelerator/i_core/i_pipeline/i_downstream/i_pair_rescale/gen_rescale_lane[4].i_rescale/s0_valid_q_i_14_n_0
    SLICE_X56Y213        MUXF7 (Prop_F7MUX_CD_SLICEL_I0_O)
                                                      0.063     2.476 r  gqav7_z19p_system_i/gqav7_accelerator_0/inst/u_accelerator/i_core/i_pipeline/i_downstream/i_pair_rescale/gen_rescale_lane[4].i_rescale/s0_valid_q_reg_i_7/O
                         net (fo=1, routed)           0.182     2.658    gqav7_z19p_system_i/gqav7_accelerator_0/inst/u_accelerator/i_core/i_pipeline/i_downstream/i_pair_rescale/gen_rescale_lane[4].i_rescale/s0_valid_q_reg_i_7_n_0
    SLICE_X58Y211        LUT6 (Prop_A6LUT_SLICEL_I5_O)
                                                      0.098     2.756 r  gqav7_z19p_system_i/gqav7_accelerator_0/inst/u_accelerator/i_core/i_pipeline/i_downstream/i_pair_rescale/gen_rescale_lane[4].i_rescale/s0_valid_q_i_3/O
                         net (fo=4, routed)           0.102     2.858    gqav7_z19p_system_i/gqav7_accelerator_0/inst/u_accelerator/i_core/i_pipeline/i_downstream/i_pair_rescale/gen_rescale_lane[4].i_rescale_n_51
    SLICE_X60Y211        LUT4 (Prop_C6LUT_SLICEL_I1_O)
                                                      0.035     2.893 r  gqav7_z19p_system_i/gqav7_accelerator_0/inst/u_accelerator/i_core/i_pipeline/i_downstream/i_pair_rescale/gen_difference_advance[0].i_difference_advance_i_2/O
                         net (fo=14, routed)          0.590     3.483    gqav7_z19p_system_i/gqav7_accelerator_0/inst/u_accelerator/i_core/i_pipeline/i_downstream/i_softmax/softmax_out_ready
    SLICE_X82Y185        LUT4 (Prop_F6LUT_SLICEL_I1_O)
                                                      0.123     3.606 r  gqav7_z19p_system_i/gqav7_accelerator_0/inst/u_accelerator/i_core/i_pipeline/i_downstream/i_softmax/gen_scale[0].i_scale_advance_i_1_replica/O
                         net (fo=1, routed)           0.040     3.646    gqav7_z19p_system_i/gqav7_accelerator_0/inst/u_accelerator/i_core/i_pipeline/i_downstream/i_softmax/E[0]_repN
    SLICE_X82Y185        LUT3 (Prop_E6LUT_SLICEL_I0_O)
                                                      0.090     3.736 r  gqav7_z19p_system_i/gqav7_accelerator_0/inst/u_accelerator/i_core/i_pipeline/i_downstream/i_softmax/result_row_q[3]_i_3_rewire/O
                         net (fo=2, routed)           0.083     3.819    gqav7_z19p_system_i/gqav7_accelerator_0/inst/u_accelerator/i_core/i_pipeline/i_qk/i_qk/i_qk/i_scheduler/score_row_ready
    SLICE_X82Y186        LUT6 (Prop_C6LUT_SLICEL_I0_O)
                                                      0.035     3.854 r  gqav7_z19p_system_i/gqav7_accelerator_0/inst/u_accelerator/i_core/i_pipeline/i_qk/i_qk/i_qk/i_scheduler/result_bank_ready_q[1]_i_2/O
                         net (fo=10, routed)          0.061     3.915    gqav7_z19p_system_i/gqav7_accelerator_0/inst/u_accelerator/i_core/i_pipeline/i_qk/i_qk/i_qk/i_scheduler/result_bank_q
    SLICE_X82Y186        LUT6 (Prop_B6LUT_SLICEL_I3_O)
                                                      0.090     4.005 r  gqav7_z19p_system_i/gqav7_accelerator_0/inst/u_accelerator/i_core/i_pipeline/i_qk/i_qk/i_qk/i_scheduler/state_slot_q[1][1]_i_3_replica/O
                         net (fo=2, routed)           0.242     4.247    gqav7_z19p_system_i/gqav7_accelerator_0/inst/u_accelerator/i_core/i_pipeline/i_qk/i_direct_column_adapter/result_bank_ready_q_reg[1]_repN_alias
    SLICE_X81Y171        LUT2 (Prop_E6LUT_SLICEL_I1_O)
                                                      0.035     4.282 r  gqav7_z19p_system_i/gqav7_accelerator_0/inst/u_accelerator/i_core/i_pipeline/i_qk/i_direct_column_adapter/i___0_i_4_rewire_rewire_replica/O
                         net (fo=1, routed)           0.089     4.371    gqav7_z19p_system_i/gqav7_accelerator_0/inst/u_accelerator/i_core/i_pipeline/i_qk/i_qk/i_qk/i_scheduler/qk_step_index_q_reg[5]_repN_1_alias
    SLICE_X81Y171        LUT4 (Prop_A6LUT_SLICEL_I2_O)
                                                      0.035     4.406 r  gqav7_z19p_system_i/gqav7_accelerator_0/inst/u_accelerator/i_core/i_pipeline/i_qk/i_qk/i_qk/i_scheduler/qk_step_index_q[0]_i_2_rewire/O
                         net (fo=5, routed)           0.104     4.510    gqav7_z19p_system_i/gqav7_accelerator_0/inst/u_accelerator/i_core/i_pipeline/i_qk/i_direct_column_adapter/qk_step_ready
    SLICE_X81Y169        LUT5 (Prop_C6LUT_SLICEL_I1_O)
                                                      0.035     4.545 f  gqav7_z19p_system_i/gqav7_accelerator_0/inst/u_accelerator/i_core/i_pipeline/i_qk/i_direct_column_adapter/gen_head_bank[0].i_replay_read_issue_buffer_i_2/O
                         net (fo=9, routed)           0.100     4.645    gqav7_z19p_system_i/gqav7_accelerator_0/inst/u_accelerator/i_core/i_resident_operands/i_k_column_cache/local_error_q_i_2__4_0
    SLICE_X80Y168        LUT5 (Prop_G6LUT_SLICEL_I0_O)
                                                      0.035     4.680 r  gqav7_z19p_system_i/gqav7_accelerator_0/inst/u_accelerator/i_core/i_resident_operands/i_k_column_cache/gen_partition_ram[0].i_replay_read_issue_partition_buffer_i_1_rewire/O
                         net (fo=16, routed)          0.107     4.787    gqav7_z19p_system_i/gqav7_accelerator_0/inst/u_accelerator/i_core/i_resident_operands/i_k_column_cache/gen_partition_ram[2].i_replay_read_issue_partition_buffer/in_i
    SLICE_X80Y166        LUT1 (Prop_F6LUT_SLICEL_I0_O)
                                                      0.035     4.822 r  gqav7_z19p_system_i/gqav7_accelerator_0/inst/u_accelerator/i_core/i_resident_operands/i_k_column_cache/gen_partition_ram[2].i_replay_read_issue_partition_buffer/i_local_lut_replica/O
                         net (fo=3, routed)           0.105     4.927    gqav7_z19p_system_i/gqav7_accelerator_0/inst/u_accelerator/i_core/i_resident_operands/i_k_column_cache/gen_partition_ram[2].gen_resident_slice[0].i_replay_read_issue_slice_buffer/out_o_repN_alias
    SLICE_X78Y166        LUT1 (Prop_F6LUT_SLICEL_I0_O)
                                                      0.035     4.962 r  gqav7_z19p_system_i/gqav7_accelerator_0/inst/u_accelerator/i_core/i_resident_operands/i_k_column_cache/gen_partition_ram[2].gen_resident_slice[0].i_replay_read_issue_slice_buffer/i_local_lut/O
                         net (fo=1, routed)           0.808     5.771    gqav7_z19p_system_i/gqav7_accelerator_0/inst/u_accelerator/i_core/i_resident_operands/i_k_column_cache/replay_read_issue_slice_local[2][0]_506
    RAMB36_X5Y20         RAMB36E2                                     r  gqav7_z19p_system_i/gqav7_accelerator_0/inst/u_accelerator/i_core/i_resident_operands/i_k_column_cache/gen_partition_ram[2].gen_resident_slice[0].column_mem_q_reg/ENARDEN
  -------------------------------------------------------------------    -------------------

                         (clock clk_core_235_unbuf rise edge)
                                                      4.255     4.255 r  
                         clock source latency        -1.044     3.211    
                         propagated clock network latency
                                                      2.968     6.179    
                         clock pessimism              0.011     6.190    
                         clock uncertainty           -0.061     6.130    
    RAMB36_X5Y20         RAMB36E2 (Setup_RAMB36E2_RAMB36_CLKARDCLK_ENARDEN)
                                                     -0.342     5.788    gqav7_z19p_system_i/gqav7_accelerator_0/inst/u_accelerator/i_core/i_resident_operands/i_k_column_cache/gen_partition_ram[2].gen_resident_slice[0].column_mem_q_reg
  -------------------------------------------------------------------
                         required time                          5.788    
                         arrival time                          -5.771    
  -------------------------------------------------------------------
                         slack                                  0.017    

Slack (MET) :             0.031ns  (required time - arrival time)
  Source:                 gqav7_z19p_system_i/data_smartconnect/inst/s00_entry_pipeline/s00_si_converter/inst/areset_reg/C
                            (rising edge-triggered cell FDRE clocked by clk_dma_300_unbuf  {rise@0.000ns fall@1.667ns period=3.333ns})
  Destination:            gqav7_z19p_system_i/data_smartconnect/inst/s00_entry_pipeline/s00_si_converter/inst/converter.low_area_converter.low_area_wrap_inst/aw_done_reg/R
                            (rising edge-triggered cell FDRE clocked by clk_dma_300_unbuf  {rise@0.000ns fall@1.667ns period=3.333ns})
  Path Group:             clk_dma_300_unbuf
  Path Type:              Setup (Max at Slow Process Corner)
  Requirement:            3.333ns  (clk_dma_300_unbuf rise@3.333ns - clk_dma_300_unbuf rise@0.000ns)
  Data Path Delay:        2.988ns  (logic 0.080ns (2.677%)  route 2.908ns (97.323%))
  Logic Levels:           0  
  Clock Path Skew:        -0.184ns (DCD - SCD + CPR)
    Destination Clock Delay (DCD):    1.819ns = ( 5.152 - 3.333 ) 
    Source Clock Delay      (SCD):    2.016ns
    Clock Pessimism Removal (CPR):    0.013ns
  Clock Uncertainty:      0.055ns  ((TSJ^2 + DJ^2)^1/2) / 2 + PE
    Total System Jitter     (TSJ):    0.071ns
    Discrete Jitter          (DJ):    0.085ns
    Phase Error              (PE):    0.000ns

    Location             Delay type                Incr(ns)  Path(ns)    Netlist Resource(s)
  -------------------------------------------------------------------    -------------------
                         (clock clk_dma_300_unbuf rise edge)
                                                      0.000     0.000 r  
                         clock source latency        -1.165    -1.165    
                         propagated clock network latency
                                                      3.181     2.016    
    SLICE_X33Y129        FDRE                         0.000     2.016 r  gqav7_z19p_system_i/data_smartconnect/inst/s00_entry_pipeline/s00_si_converter/inst/areset_reg/C
    SLICE_X33Y129        FDRE (Prop_HFF2_SLICEL_C_Q)
                                                      0.080     2.096 r  gqav7_z19p_system_i/data_smartconnect/inst/s00_entry_pipeline/s00_si_converter/inst/areset_reg/Q
                         net (fo=381, routed)         2.908     5.005    gqav7_z19p_system_i/data_smartconnect/inst/s00_entry_pipeline/s00_si_converter/inst/converter.low_area_converter.low_area_wrap_inst/areset
    SLICE_X28Y318        FDRE                                         r  gqav7_z19p_system_i/data_smartconnect/inst/s00_entry_pipeline/s00_si_converter/inst/converter.low_area_converter.low_area_wrap_inst/aw_done_reg/R
  -------------------------------------------------------------------    -------------------

                         (clock clk_dma_300_unbuf rise edge)
                                                      3.333     3.333 r  
                         clock source latency        -1.007     2.326    
                         propagated clock network latency
                                                      2.826     5.152    
                         clock pessimism              0.013     5.165    
                         clock uncertainty           -0.055     5.110    
    SLICE_X28Y318        FDRE (Setup_DFF_SLICEL_C_R)
                                                     -0.074     5.036    gqav7_z19p_system_i/data_smartconnect/inst/s00_entry_pipeline/s00_si_converter/inst/converter.low_area_converter.low_area_wrap_inst/aw_done_reg
  -------------------------------------------------------------------
                         required time                          5.036    
                         arrival time                          -5.005    
  -------------------------------------------------------------------
                         slack                                  0.031    

Slack (MET) :             0.031ns  (required time - arrival time)
  Source:                 gqav7_z19p_system_i/data_smartconnect/inst/s00_entry_pipeline/s00_si_converter/inst/areset_reg/C
                            (rising edge-triggered cell FDRE clocked by clk_dma_300_unbuf  {rise@0.000ns fall@1.667ns period=3.333ns})
  Destination:            gqav7_z19p_system_i/data_smartconnect/inst/s00_entry_pipeline/s00_si_converter/inst/converter.low_area_converter.low_area_wrap_inst/m_axi_awvalid_i_reg/R
                            (rising edge-triggered cell FDRE clocked by clk_dma_300_unbuf  {rise@0.000ns fall@1.667ns period=3.333ns})
  Path Group:             clk_dma_300_unbuf
  Path Type:              Setup (Max at Slow Process Corner)
  Requirement:            3.333ns  (clk_dma_300_unbuf rise@3.333ns - clk_dma_300_unbuf rise@0.000ns)
  Data Path Delay:        2.988ns  (logic 0.080ns (2.677%)  route 2.908ns (97.323%))
  Logic Levels:           0  
  Clock Path Skew:        -0.184ns (DCD - SCD + CPR)
    Destination Clock Delay (DCD):    1.819ns = ( 5.152 - 3.333 ) 
    Source Clock Delay      (SCD):    2.016ns
    Clock Pessimism Removal (CPR):    0.013ns
  Clock Uncertainty:      0.055ns  ((TSJ^2 + DJ^2)^1/2) / 2 + PE
    Total System Jitter     (TSJ):    0.071ns
    Discrete Jitter          (DJ):    0.085ns
    Phase Error              (PE):    0.000ns

    Location             Delay type                Incr(ns)  Path(ns)    Netlist Resource(s)
  -------------------------------------------------------------------    -------------------
                         (clock clk_dma_300_unbuf rise edge)
                                                      0.000     0.000 r  
                         clock source latency        -1.165    -1.165    
                         propagated clock network latency
                                                      3.181     2.016    
    SLICE_X33Y129        FDRE                         0.000     2.016 r  gqav7_z19p_system_i/data_smartconnect/inst/s00_entry_pipeline/s00_si_converter/inst/areset_reg/C
    SLICE_X33Y129        FDRE (Prop_HFF2_SLICEL_C_Q)
                                                      0.080     2.096 r  gqav7_z19p_system_i/data_smartconnect/inst/s00_entry_pipeline/s00_si_converter/inst/areset_reg/Q
                         net (fo=381, routed)         2.908     5.005    gqav7_z19p_system_i/data_smartconnect/inst/s00_entry_pipeline/s00_si_converter/inst/converter.low_area_converter.low_area_wrap_inst/areset
    SLICE_X28Y318        FDRE                                         r  gqav7_z19p_system_i/data_smartconnect/inst/s00_entry_pipeline/s00_si_converter/inst/converter.low_area_converter.low_area_wrap_inst/m_axi_awvalid_i_reg/R
  -------------------------------------------------------------------    -------------------

                         (clock clk_dma_300_unbuf rise edge)
                                                      3.333     3.333 r  
                         clock source latency        -1.007     2.326    
                         propagated clock network latency
                                                      2.826     5.152    
                         clock pessimism              0.013     5.165    
                         clock uncertainty           -0.055     5.110    
    SLICE_X28Y318        FDRE (Setup_BFF_SLICEL_C_R)
                                                     -0.074     5.036    gqav7_z19p_system_i/data_smartconnect/inst/s00_entry_pipeline/s00_si_converter/inst/converter.low_area_converter.low_area_wrap_inst/m_axi_awvalid_i_reg
  -------------------------------------------------------------------
                         required time                          5.036    
                         arrival time                          -5.005    
  -------------------------------------------------------------------
                         slack                                  0.031    

Slack (MET) :             0.031ns  (required time - arrival time)
  Source:                 gqav7_z19p_system_i/data_smartconnect/inst/s00_entry_pipeline/s00_si_converter/inst/areset_reg/C
                            (rising edge-triggered cell FDRE clocked by clk_dma_300_unbuf  {rise@0.000ns fall@1.667ns period=3.333ns})
  Destination:            gqav7_z19p_system_i/data_smartconnect/inst/s00_entry_pipeline/s00_si_converter/inst/converter.low_area_converter.low_area_wrap_inst/push_bcmd_fifo_reg/R
                            (rising edge-triggered cell FDRE clocked by clk_dma_300_unbuf  {rise@0.000ns fall@1.667ns period=3.333ns})
  Path Group:             clk_dma_300_unbuf
  Path Type:              Setup (Max at Slow Process Corner)
  Requirement:            3.333ns  (clk_dma_300_unbuf rise@3.333ns - clk_dma_300_unbuf rise@0.000ns)
  Data Path Delay:        2.988ns  (logic 0.080ns (2.677%)  route 2.908ns (97.323%))
  Logic Levels:           0  
  Clock Path Skew:        -0.184ns (DCD - SCD + CPR)
    Destination Clock Delay (DCD):    1.819ns = ( 5.152 - 3.333 ) 
    Source Clock Delay      (SCD):    2.016ns
    Clock Pessimism Removal (CPR):    0.013ns
  Clock Uncertainty:      0.055ns  ((TSJ^2 + DJ^2)^1/2) / 2 + PE
    Total System Jitter     (TSJ):    0.071ns
    Discrete Jitter          (DJ):    0.085ns
    Phase Error              (PE):    0.000ns

    Location             Delay type                Incr(ns)  Path(ns)    Netlist Resource(s)
  -------------------------------------------------------------------    -------------------
                         (clock clk_dma_300_unbuf rise edge)
                                                      0.000     0.000 r  
                         clock source latency        -1.165    -1.165    
                         propagated clock network latency
                                                      3.181     2.016    
    SLICE_X33Y129        FDRE                         0.000     2.016 r  gqav7_z19p_system_i/data_smartconnect/inst/s00_entry_pipeline/s00_si_converter/inst/areset_reg/C
    SLICE_X33Y129        FDRE (Prop_HFF2_SLICEL_C_Q)
                                                      0.080     2.096 r  gqav7_z19p_system_i/data_smartconnect/inst/s00_entry_pipeline/s00_si_converter/inst/areset_reg/Q
                         net (fo=381, routed)         2.908     5.005    gqav7_z19p_system_i/data_smartconnect/inst/s00_entry_pipeline/s00_si_converter/inst/converter.low_area_converter.low_area_wrap_inst/areset
    SLICE_X28Y318        FDRE                                         r  gqav7_z19p_system_i/data_smartconnect/inst/s00_entry_pipeline/s00_si_converter/inst/converter.low_area_converter.low_area_wrap_inst/push_bcmd_fifo_reg/R
  -------------------------------------------------------------------    -------------------

                         (clock clk_dma_300_unbuf rise edge)
                                                      3.333     3.333 r  
                         clock source latency        -1.007     2.326    
                         propagated clock network latency
                                                      2.826     5.152    
                         clock pessimism              0.013     5.165    
                         clock uncertainty           -0.055     5.110    
    SLICE_X28Y318        FDRE (Setup_DFF2_SLICEL_C_R)
                                                     -0.074     5.036    gqav7_z19p_system_i/data_smartconnect/inst/s00_entry_pipeline/s00_si_converter/inst/converter.low_area_converter.low_area_wrap_inst/push_bcmd_fifo_reg
  -------------------------------------------------------------------
                         required time                          5.036    
                         arrival time                          -5.005    
  -------------------------------------------------------------------
                         slack                                  0.031    

Slack (MET) :             0.034ns  (required time - arrival time)
  Source:                 gqav7_z19p_system_i/data_smartconnect/inst/s00_entry_pipeline/s00_si_converter/inst/areset_reg/C
                            (rising edge-triggered cell FDRE clocked by clk_dma_300_unbuf  {rise@0.000ns fall@1.667ns period=3.333ns})
  Destination:            gqav7_z19p_system_i/data_smartconnect/inst/s00_entry_pipeline/s00_si_converter/inst/converter.low_area_converter.low_area_wrap_inst/FSM_onehot_w_state_reg[2]/R
                            (rising edge-triggered cell FDRE clocked by clk_dma_300_unbuf  {rise@0.000ns fall@1.667ns period=3.333ns})
  Path Group:             clk_dma_300_unbuf
  Path Type:              Setup (Max at Slow Process Corner)
  Requirement:            3.333ns  (clk_dma_300_unbuf rise@3.333ns - clk_dma_300_unbuf rise@0.000ns)
  Data Path Delay:        2.987ns  (logic 0.080ns (2.678%)  route 2.907ns (97.322%))
  Logic Levels:           0  
  Clock Path Skew:        -0.182ns (DCD - SCD + CPR)
    Destination Clock Delay (DCD):    1.821ns = ( 5.154 - 3.333 ) 
    Source Clock Delay      (SCD):    2.016ns
    Clock Pessimism Removal (CPR):    0.013ns
  Clock Uncertainty:      0.055ns  ((TSJ^2 + DJ^2)^1/2) / 2 + PE
    Total System Jitter     (TSJ):    0.071ns
    Discrete Jitter          (DJ):    0.085ns
    Phase Error              (PE):    0.000ns

    Location             Delay type                Incr(ns)  Path(ns)    Netlist Resource(s)
  -------------------------------------------------------------------    -------------------
                         (clock clk_dma_300_unbuf rise edge)
                                                      0.000     0.000 r  
                         clock source latency        -1.165    -1.165    
                         propagated clock network latency
                                                      3.181     2.016    
    SLICE_X33Y129        FDRE                         0.000     2.016 r  gqav7_z19p_system_i/data_smartconnect/inst/s00_entry_pipeline/s00_si_converter/inst/areset_reg/C
    SLICE_X33Y129        FDRE (Prop_HFF2_SLICEL_C_Q)
                                                      0.080     2.096 r  gqav7_z19p_system_i/data_smartconnect/inst/s00_entry_pipeline/s00_si_converter/inst/areset_reg/Q
                         net (fo=381, routed)         2.907     5.004    gqav7_z19p_system_i/data_smartconnect/inst/s00_entry_pipeline/s00_si_converter/inst/converter.low_area_converter.low_area_wrap_inst/areset
    SLICE_X28Y318        FDRE                                         r  gqav7_z19p_system_i/data_smartconnect/inst/s00_entry_pipeline/s00_si_converter/inst/converter.low_area_converter.low_area_wrap_inst/FSM_onehot_w_state_reg[2]/R
  -------------------------------------------------------------------    -------------------

                         (clock clk_dma_300_unbuf rise edge)
                                                      3.333     3.333 r  
                         clock source latency        -1.007     2.326    
                         propagated clock network latency
                                                      2.828     5.154    
                         clock pessimism              0.013     5.167    
                         clock uncertainty           -0.055     5.112    
    SLICE_X28Y318        FDRE (Setup_EFF_SLICEL_C_R)
                                                     -0.074     5.038    gqav7_z19p_system_i/data_smartconnect/inst/s00_entry_pipeline/s00_si_converter/inst/converter.low_area_converter.low_area_wrap_inst/FSM_onehot_w_state_reg[2]
  -------------------------------------------------------------------
                         required time                          5.038    
                         arrival time                          -5.004    
  -------------------------------------------------------------------
                         slack                                  0.034    

Slack (MET) :             0.034ns  (required time - arrival time)
  Source:                 gqav7_z19p_system_i/data_smartconnect/inst/s00_entry_pipeline/s00_si_converter/inst/areset_reg/C
                            (rising edge-triggered cell FDRE clocked by clk_dma_300_unbuf  {rise@0.000ns fall@1.667ns period=3.333ns})
  Destination:            gqav7_z19p_system_i/data_smartconnect/inst/s00_entry_pipeline/s00_si_converter/inst/converter.low_area_converter.low_area_wrap_inst/FSM_onehot_w_state_reg[3]/R
                            (rising edge-triggered cell FDRE clocked by clk_dma_300_unbuf  {rise@0.000ns fall@1.667ns period=3.333ns})
  Path Group:             clk_dma_300_unbuf
  Path Type:              Setup (Max at Slow Process Corner)
  Requirement:            3.333ns  (clk_dma_300_unbuf rise@3.333ns - clk_dma_300_unbuf rise@0.000ns)
  Data Path Delay:        2.987ns  (logic 0.080ns (2.678%)  route 2.907ns (97.322%))
  Logic Levels:           0  
  Clock Path Skew:        -0.182ns (DCD - SCD + CPR)
    Destination Clock Delay (DCD):    1.821ns = ( 5.154 - 3.333 ) 
    Source Clock Delay      (SCD):    2.016ns
    Clock Pessimism Removal (CPR):    0.013ns
  Clock Uncertainty:      0.055ns  ((TSJ^2 + DJ^2)^1/2) / 2 + PE
    Total System Jitter     (TSJ):    0.071ns
    Discrete Jitter          (DJ):    0.085ns
    Phase Error              (PE):    0.000ns

    Location             Delay type                Incr(ns)  Path(ns)    Netlist Resource(s)
  -------------------------------------------------------------------    -------------------
                         (clock clk_dma_300_unbuf rise edge)
                                                      0.000     0.000 r  
                         clock source latency        -1.165    -1.165    
                         propagated clock network latency
                                                      3.181     2.016    
    SLICE_X33Y129        FDRE                         0.000     2.016 r  gqav7_z19p_system_i/data_smartconnect/inst/s00_entry_pipeline/s00_si_converter/inst/areset_reg/C
    SLICE_X33Y129        FDRE (Prop_HFF2_SLICEL_C_Q)
                                                      0.080     2.096 r  gqav7_z19p_system_i/data_smartconnect/inst/s00_entry_pipeline/s00_si_converter/inst/areset_reg/Q
                         net (fo=381, routed)         2.907     5.004    gqav7_z19p_system_i/data_smartconnect/inst/s00_entry_pipeline/s00_si_converter/inst/converter.low_area_converter.low_area_wrap_inst/areset
    SLICE_X28Y318        FDRE                                         r  gqav7_z19p_system_i/data_smartconnect/inst/s00_entry_pipeline/s00_si_converter/inst/converter.low_area_converter.low_area_wrap_inst/FSM_onehot_w_state_reg[3]/R
  -------------------------------------------------------------------    -------------------

                         (clock clk_dma_300_unbuf rise edge)
                                                      3.333     3.333 r  
                         clock source latency        -1.007     2.326    
                         propagated clock network latency
                                                      2.828     5.154    
                         clock pessimism              0.013     5.167    
                         clock uncertainty           -0.055     5.112    
    SLICE_X28Y318        FDRE (Setup_EFF2_SLICEL_C_R)
                                                     -0.074     5.038    gqav7_z19p_system_i/data_smartconnect/inst/s00_entry_pipeline/s00_si_converter/inst/converter.low_area_converter.low_area_wrap_inst/FSM_onehot_w_state_reg[3]
  -------------------------------------------------------------------
                         required time                          5.038    
                         arrival time                          -5.004    
  -------------------------------------------------------------------
                         slack                                  0.034    

Slack (MET) :             0.042ns  (required time - arrival time)
  Source:                 gqav7_z19p_system_i/gqav7_accelerator_0/inst/u_accelerator/i_core/i_group_scheduler/replay_reduction_tile_q_reg[1]/C
                            (rising edge-triggered cell FDCE clocked by clk_core_235_unbuf  {rise@0.000ns fall@2.128ns period=4.255ns})
  Destination:            gqav7_z19p_system_i/gqav7_accelerator_0/inst/u_accelerator/i_core/i_resident_operands/i_k_column_cache/tile_valid_q_reg[23]/D
                            (rising edge-triggered cell FDCE clocked by clk_core_235_unbuf  {rise@0.000ns fall@2.128ns period=4.255ns})
  Path Group:             clk_core_235_unbuf
  Path Type:              Setup (Max at Slow Process Corner)
  Requirement:            4.255ns  (clk_core_235_unbuf rise@4.255ns - clk_core_235_unbuf rise@0.000ns)
  Data Path Delay:        4.141ns  (logic 1.083ns (26.152%)  route 3.058ns (73.848%))
  Logic Levels:           13  (LUT2=3 LUT5=2 LUT6=8)
  Clock Path Skew:        -0.036ns (DCD - SCD + CPR)
    Destination Clock Delay (DCD):    2.015ns = ( 6.270 - 4.255 ) 
    Source Clock Delay      (SCD):    2.157ns
    Clock Pessimism Removal (CPR):    0.106ns
  Clock Uncertainty:      0.061ns  ((TSJ^2 + DJ^2)^1/2) / 2 + PE
    Total System Jitter     (TSJ):    0.071ns
    Discrete Jitter          (DJ):    0.099ns
    Phase Error              (PE):    0.000ns

    Location             Delay type                Incr(ns)  Path(ns)    Netlist Resource(s)
  -------------------------------------------------------------------    -------------------
                         (clock clk_core_235_unbuf rise edge)
                                                      0.000     0.000 r  
                         clock source latency        -1.206    -1.206    
                         propagated clock network latency
                                                      3.363     2.157    
    SLICE_X92Y174        FDCE                         0.000     2.157 r  gqav7_z19p_system_i/gqav7_accelerator_0/inst/u_accelerator/i_core/i_group_scheduler/replay_reduction_tile_q_reg[1]/C
    SLICE_X92Y174        FDCE (Prop_HFF_SLICEL_C_Q)
                                                      0.079     2.236 f  gqav7_z19p_system_i/gqav7_accelerator_0/inst/u_accelerator/i_core/i_group_scheduler/replay_reduction_tile_q_reg[1]/Q
                         net (fo=9, routed)           0.483     2.719    gqav7_z19p_system_i/gqav7_accelerator_0/inst/u_accelerator/i_core/i_group_scheduler/replay_reduction_tile_q_reg_n_0_[1]
    SLICE_X94Y174        LUT2 (Prop_F6LUT_SLICEL_I0_O)
                                                      0.035     2.754 f  gqav7_z19p_system_i/gqav7_accelerator_0/inst/u_accelerator/i_core/i_group_scheduler/replay_base_tile_q[1]_i_1_replica_1/O
                         net (fo=18, routed)          0.166     2.920    gqav7_z19p_system_i/gqav7_accelerator_0/inst/u_accelerator/i_core/i_group_scheduler/replay_reduction_tile_q_reg[2]_0[1]_repN_1
    SLICE_X93Y176        LUT2 (Prop_G6LUT_SLICEL_I1_O)
                                                      0.089     3.009 r  gqav7_z19p_system_i/gqav7_accelerator_0/inst/u_accelerator/i_core/i_group_scheduler/replay_issue_column_q[3]_i_45_replica/O
                         net (fo=5, routed)           0.491     3.500    gqav7_z19p_system_i/gqav7_accelerator_0/inst/u_accelerator/i_core/i_group_scheduler/replay_issue_column_q[3]_i_45_n_0_repN
    SLICE_X92Y177        LUT6 (Prop_E6LUT_SLICEL_I5_O)
                                                      0.123     3.623 f  gqav7_z19p_system_i/gqav7_accelerator_0/inst/u_accelerator/i_core/i_group_scheduler/replay_issue_column_q[3]_i_216/O
                         net (fo=1, routed)           0.167     3.790    gqav7_z19p_system_i/gqav7_accelerator_0/inst/u_accelerator/i_core/i_group_scheduler/replay_issue_column_q[3]_i_216_n_0
    SLICE_X91Y173        LUT6 (Prop_F6LUT_SLICEL_I0_O)
                                                      0.148     3.938 r  gqav7_z19p_system_i/gqav7_accelerator_0/inst/u_accelerator/i_core/i_group_scheduler/replay_issue_column_q[3]_i_77/O
                         net (fo=1, routed)           0.193     4.131    gqav7_z19p_system_i/gqav7_accelerator_0/inst/u_accelerator/i_core/i_group_scheduler/replay_issue_column_q[3]_i_77_n_0
    SLICE_X90Y174        LUT6 (Prop_C6LUT_SLICEL_I0_O)
                                                      0.146     4.277 r  gqav7_z19p_system_i/gqav7_accelerator_0/inst/u_accelerator/i_core/i_group_scheduler/replay_issue_column_q[3]_i_20/O
                         net (fo=1, routed)           0.139     4.416    gqav7_z19p_system_i/gqav7_accelerator_0/inst/u_accelerator/i_core/i_group_scheduler/replay_issue_column_q[3]_i_20_n_0
    SLICE_X90Y171        LUT6 (Prop_A6LUT_SLICEL_I1_O)
                                                      0.124     4.540 r  gqav7_z19p_system_i/gqav7_accelerator_0/inst/u_accelerator/i_core/i_group_scheduler/replay_issue_column_q[3]_i_7/O
                         net (fo=3, routed)           0.237     4.777    gqav7_z19p_system_i/gqav7_accelerator_0/inst/u_accelerator/i_core/i_group_scheduler/replay_issue_column_q[3]_i_7_n_0
    SLICE_X91Y168        LUT6 (Prop_D6LUT_SLICEL_I1_O)
                                                      0.036     4.813 f  gqav7_z19p_system_i/gqav7_accelerator_0/inst/u_accelerator/i_core/i_group_scheduler/replay_issue_column_q[3]_i_3__0_replica/O
                         net (fo=1, routed)           0.038     4.851    gqav7_z19p_system_i/gqav7_accelerator_0/inst/u_accelerator/i_core/i_resident_operands/i_k_column_cache/q_direct_replay_start_ready_repN_alias
    SLICE_X91Y168        LUT5 (Prop_F6LUT_SLICEL_I0_O)
                                                      0.035     4.886 f  gqav7_z19p_system_i/gqav7_accelerator_0/inst/u_accelerator/i_core/i_resident_operands/i_k_column_cache/replay_wave_tiles_q[3]_i_1_rewire_replica/O
                         net (fo=1, routed)           0.137     5.023    gqav7_z19p_system_i/gqav7_accelerator_0/inst/u_accelerator/i_core/i_row_mover/E[0]_repN_alias
    SLICE_X91Y164        LUT6 (Prop_E6LUT_SLICEL_I0_O)
                                                      0.035     5.058 f  gqav7_z19p_system_i/gqav7_accelerator_0/inst/u_accelerator/i_core/i_row_mover/fill_expected_row_q[3]_i_3/O
                         net (fo=7, routed)           0.104     5.162    gqav7_z19p_system_i/gqav7_accelerator_0/inst/u_accelerator/i_core/i_row_mover/replay_out_valid_q_reg
    SLICE_X91Y166        LUT2 (Prop_A6LUT_SLICEL_I1_O)
                                                      0.035     5.197 r  gqav7_z19p_system_i/gqav7_accelerator_0/inst/u_accelerator/i_core/i_row_mover/tile_valid_q[124]_i_3/O
                         net (fo=47, routed)          0.518     5.715    gqav7_z19p_system_i/gqav7_accelerator_0/inst/u_accelerator/i_core/i_row_mover/fill_offer_can_evict
    SLICE_X99Y167        LUT6 (Prop_H6LUT_SLICEL_I0_O)
                                                      0.036     5.751 r  gqav7_z19p_system_i/gqav7_accelerator_0/inst/u_accelerator/i_core/i_row_mover/tile_valid_q[119]_i_5/O
                         net (fo=4, routed)           0.232     5.983    gqav7_z19p_system_i/gqav7_accelerator_0/inst/u_accelerator/i_core/i_resident_operands/i_k_column_cache/tile_valid_q_reg[87]_0
    SLICE_X97Y167        LUT5 (Prop_A6LUT_SLICEM_I4_O)
                                                      0.125     6.108 r  gqav7_z19p_system_i/gqav7_accelerator_0/inst/u_accelerator/i_core/i_resident_operands/i_k_column_cache/tile_valid_q[23]_i_3/O
                         net (fo=1, routed)           0.090     6.198    gqav7_z19p_system_i/gqav7_accelerator_0/inst/u_accelerator/i_core/i_resident_operands/i_k_column_cache/tile_valid_q[23]_i_3_n_0
    SLICE_X97Y166        LUT6 (Prop_C6LUT_SLICEM_I4_O)
                                                      0.037     6.235 r  gqav7_z19p_system_i/gqav7_accelerator_0/inst/u_accelerator/i_core/i_resident_operands/i_k_column_cache/tile_valid_q[23]_i_1/O
                         net (fo=1, routed)           0.064     6.299    gqav7_z19p_system_i/gqav7_accelerator_0/inst/u_accelerator/i_core/i_resident_operands/i_k_column_cache/tile_valid_q[23]_i_1_n_0
    SLICE_X97Y166        FDCE                                         r  gqav7_z19p_system_i/gqav7_accelerator_0/inst/u_accelerator/i_core/i_resident_operands/i_k_column_cache/tile_valid_q_reg[23]/D
  -------------------------------------------------------------------    -------------------

                         (clock clk_core_235_unbuf rise edge)
                                                      4.255     4.255 r  
                         clock source latency        -1.044     3.211    
                         propagated clock network latency
                                                      3.059     6.270    
                         clock pessimism              0.106     6.376    
                         clock uncertainty           -0.061     6.316    
    SLICE_X97Y166        FDCE (Setup_CFF2_SLICEM_C_D)
                                                      0.025     6.341    gqav7_z19p_system_i/gqav7_accelerator_0/inst/u_accelerator/i_core/i_resident_operands/i_k_column_cache/tile_valid_q_reg[23]
  -------------------------------------------------------------------
                         required time                          6.341    
                         arrival time                          -6.299    
  -------------------------------------------------------------------
                         slack                                  0.042    

Slack (MET) :             0.045ns  (required time - arrival time)
  Source:                 gqav7_z19p_system_i/data_smartconnect/inst/s00_nodes/s00_aw_node/inst/inst_mi_handler/gen_normal_area.inst_fifo_node_payld/gen_xpm_memory_fifo.inst_fifo/gen_mem_rep[0].inst_rd_addrb/count_r_reg[1]/C
                            (rising edge-triggered cell FDRE clocked by clk_dma_300_unbuf  {rise@0.000ns fall@1.667ns period=3.333ns})
  Destination:            gqav7_z19p_system_i/data_smartconnect/inst/s00_nodes/s00_aw_node/inst/inst_mi_handler/gen_normal_area.inst_fifo_node_payld/gen_xpm_memory_fifo.inst_fifo/gen_mem_rep[0].inst_xpm_memory/xpm_memory_base_inst/gen_rd_b.gen_rd_b_synth_template.gen_rf_narrow_reg.doutb_reg_reg[7]/D
                            (rising edge-triggered cell FDRE clocked by clk_dma_300_unbuf  {rise@0.000ns fall@1.667ns period=3.333ns})
  Path Group:             clk_dma_300_unbuf
  Path Type:              Setup (Max at Slow Process Corner)
  Requirement:            3.333ns  (clk_dma_300_unbuf rise@3.333ns - clk_dma_300_unbuf rise@0.000ns)
  Data Path Delay:        3.041ns  (logic 0.201ns (6.610%)  route 2.840ns (93.390%))
  Logic Levels:           1  (RAMD32=1)
  Clock Path Skew:        -0.217ns (DCD - SCD + CPR)
    Destination Clock Delay (DCD):    1.800ns = ( 5.133 - 3.333 ) 
    Source Clock Delay      (SCD):    2.030ns
    Clock Pessimism Removal (CPR):    0.013ns
  Clock Uncertainty:      0.055ns  ((TSJ^2 + DJ^2)^1/2) / 2 + PE
    Total System Jitter     (TSJ):    0.071ns
    Discrete Jitter          (DJ):    0.085ns
    Phase Error              (PE):    0.000ns

    Location             Delay type                Incr(ns)  Path(ns)    Netlist Resource(s)
  -------------------------------------------------------------------    -------------------
                         (clock clk_dma_300_unbuf rise edge)
                                                      0.000     0.000 r  
                         clock source latency        -1.165    -1.165    
                         propagated clock network latency
                                                      3.195     2.030    
    SLICE_X27Y306        FDRE                         0.000     2.030 r  gqav7_z19p_system_i/data_smartconnect/inst/s00_nodes/s00_aw_node/inst/inst_mi_handler/gen_normal_area.inst_fifo_node_payld/gen_xpm_memory_fifo.inst_fifo/gen_mem_rep[0].inst_rd_addrb/count_r_reg[1]/C
    SLICE_X27Y306        FDRE (Prop_EFF2_SLICEM_C_Q)
                                                      0.079     2.109 r  gqav7_z19p_system_i/data_smartconnect/inst/s00_nodes/s00_aw_node/inst/inst_mi_handler/gen_normal_area.inst_fifo_node_payld/gen_xpm_memory_fifo.inst_fifo/gen_mem_rep[0].inst_rd_addrb/count_r_reg[1]/Q
                         net (fo=153, routed)         2.768     4.877    gqav7_z19p_system_i/data_smartconnect/inst/s00_nodes/s00_aw_node/inst/inst_mi_handler/gen_normal_area.inst_fifo_node_payld/gen_xpm_memory_fifo.inst_fifo/gen_mem_rep[0].inst_xpm_memory/xpm_memory_base_inst/gen_wr_a.gen_word_narrow.mem_reg_0_31_0_13/ADDRD1
    SLICE_X23Y252        RAMD32 (Prop_D6LUT_SLICEM_RADR1_O)
                                                      0.122     4.999 r  gqav7_z19p_system_i/data_smartconnect/inst/s00_nodes/s00_aw_node/inst/inst_mi_handler/gen_normal_area.inst_fifo_node_payld/gen_xpm_memory_fifo.inst_fifo/gen_mem_rep[0].inst_xpm_memory/xpm_memory_base_inst/gen_wr_a.gen_word_narrow.mem_reg_0_31_0_13/RAMD_D1/O
                         net (fo=1, routed)           0.072     5.071    gqav7_z19p_system_i/data_smartconnect/inst/s00_nodes/s00_aw_node/inst/inst_mi_handler/gen_normal_area.inst_fifo_node_payld/gen_xpm_memory_fifo.inst_fifo/gen_mem_rep[0].inst_xpm_memory/xpm_memory_base_inst/gen_rd_b.gen_rd_b_synth_template.gen_rf_narrow_reg.doutb_reg_reg0[7]
    SLICE_X23Y252        FDRE                                         r  gqav7_z19p_system_i/data_smartconnect/inst/s00_nodes/s00_aw_node/inst/inst_mi_handler/gen_normal_area.inst_fifo_node_payld/gen_xpm_memory_fifo.inst_fifo/gen_mem_rep[0].inst_xpm_memory/xpm_memory_base_inst/gen_rd_b.gen_rd_b_synth_template.gen_rf_narrow_reg.doutb_reg_reg[7]/D
  -------------------------------------------------------------------    -------------------

                         (clock clk_dma_300_unbuf rise edge)
                                                      3.333     3.333 r  
                         clock source latency        -1.007     2.326    
                         propagated clock network latency
                                                      2.807     5.133    
                         clock pessimism              0.013     5.147    
                         clock uncertainty           -0.055     5.091    
    SLICE_X23Y252        FDRE (Setup_DFF_SLICEM_C_D)
                                                      0.025     5.116    gqav7_z19p_system_i/data_smartconnect/inst/s00_nodes/s00_aw_node/inst/inst_mi_handler/gen_normal_area.inst_fifo_node_payld/gen_xpm_memory_fifo.inst_fifo/gen_mem_rep[0].inst_xpm_memory/xpm_memory_base_inst/gen_rd_b.gen_rd_b_synth_template.gen_rf_narrow_reg.doutb_reg_reg[7]
  -------------------------------------------------------------------
                         required time                          5.116    
                         arrival time                          -5.071    
  -------------------------------------------------------------------
                         slack                                  0.045    

Slack (MET) :             0.046ns  (required time - arrival time)
  Source:                 gqav7_z19p_system_i/gqav7_accelerator_0/inst/u_accelerator/i_core/i_pipeline/i_downstream/i_softmax/meta_q_reg[37][row_index][1]/C
                            (rising edge-triggered cell FDRE clocked by clk_core_235_unbuf  {rise@0.000ns fall@2.128ns period=4.255ns})
  Destination:            gqav7_z19p_system_i/gqav7_accelerator_0/inst/u_accelerator/i_core/i_pipeline/i_downstream/i_pair_rescale/i_combine_alpha/s0_q_reg[significand_product]/DSP_OUTPUT_INST/ALU_OUT[0]
                            (rising edge-triggered cell DSP_OUTPUT clocked by clk_core_235_unbuf  {rise@0.000ns fall@2.128ns period=4.255ns})
  Path Group:             clk_core_235_unbuf
  Path Type:              Setup (Max at Slow Process Corner)
  Requirement:            4.255ns  (clk_core_235_unbuf rise@4.255ns - clk_core_235_unbuf rise@0.000ns)
  Data Path Delay:        3.959ns  (logic 2.396ns (60.515%)  route 1.563ns (39.485%))
  Logic Levels:           9  (DSP_A_B_DATA=1 DSP_ALU=2 DSP_M_DATA=1 DSP_MULTIPLIER=1 DSP_OUTPUT=1 DSP_PREADD_DATA=1 LUT6=1 MUXF7=1)
  Clock Path Skew:        -0.204ns (DCD - SCD + CPR)
    Destination Clock Delay (DCD):    1.746ns = ( 6.002 - 4.255 ) 
    Source Clock Delay      (SCD):    2.036ns
    Clock Pessimism Removal (CPR):    0.086ns
  Clock Uncertainty:      0.061ns  ((TSJ^2 + DJ^2)^1/2) / 2 + PE
    Total System Jitter     (TSJ):    0.071ns
    Discrete Jitter          (DJ):    0.099ns
    Phase Error              (PE):    0.000ns

    Location             Delay type                Incr(ns)  Path(ns)    Netlist Resource(s)
  -------------------------------------------------------------------    -------------------
                         (clock clk_core_235_unbuf rise edge)
                                                      0.000     0.000 r  
                         clock source latency        -1.206    -1.206    
                         propagated clock network latency
                                                      3.242     2.036    
    SLICE_X56Y211        FDRE                         0.000     2.036 r  gqav7_z19p_system_i/gqav7_accelerator_0/inst/u_accelerator/i_core/i_pipeline/i_downstream/i_softmax/meta_q_reg[37][row_index][1]/C
    SLICE_X56Y211        FDRE (Prop_GFF_SLICEL_C_Q)
                                                      0.079     2.115 r  gqav7_z19p_system_i/gqav7_accelerator_0/inst/u_accelerator/i_core/i_pipeline/i_downstream/i_softmax/meta_q_reg[37][row_index][1]/Q
                         net (fo=91, routed)          1.072     3.187    gqav7_z19p_system_i/gqav7_accelerator_0/inst/u_accelerator/i_core/i_pipeline/i_downstream/i_pair_rescale/i_combine_alpha/s0_q_reg[special_value][31]_1[1]
    SLICE_X35Y239        MUXF7 (Prop_F7MUX_GH_SLICEM_S_O)
                                                      0.076     3.263 f  gqav7_z19p_system_i/gqav7_accelerator_0/inst/u_accelerator/i_core/i_pipeline/i_downstream/i_pair_rescale/i_combine_alpha/significand_product_w_i_25/O
                         net (fo=1, routed)           0.196     3.459    gqav7_z19p_system_i/gqav7_accelerator_0/inst/u_accelerator/i_core/i_pipeline/i_downstream/i_pair_rescale/i_combine_alpha/significand_product_w_i_25_n_0
    SLICE_X35Y236        LUT6 (Prop_G6LUT_SLICEM_I5_O)
                                                      0.123     3.582 f  gqav7_z19p_system_i/gqav7_accelerator_0/inst/u_accelerator/i_core/i_pipeline/i_downstream/i_pair_rescale/i_combine_alpha/significand_product_w_i_2__7/O
                         net (fo=2, routed)           0.282     3.864    gqav7_z19p_system_i/gqav7_accelerator_0/inst/u_accelerator/i_core/i_pipeline/i_downstream/i_pair_rescale/i_combine_alpha/significand_product_w/B[15]
    DSP48E2_X4Y94        DSP_A_B_DATA (Prop_DSP_A_B_DATA_DSP48E2_B[15]_B2_DATA[15])
                                                      0.151     4.015 r  gqav7_z19p_system_i/gqav7_accelerator_0/inst/u_accelerator/i_core/i_pipeline/i_downstream/i_pair_rescale/i_combine_alpha/significand_product_w/DSP_A_B_DATA_INST/B2_DATA[15]
                         net (fo=1, routed)           0.000     4.015    gqav7_z19p_system_i/gqav7_accelerator_0/inst/u_accelerator/i_core/i_pipeline/i_downstream/i_pair_rescale/i_combine_alpha/significand_product_w/DSP_A_B_DATA.B2_DATA<15>
    DSP48E2_X4Y94        DSP_PREADD_DATA (Prop_DSP_PREADD_DATA_DSP48E2_B2_DATA[15]_B2B1[15])
                                                      0.073     4.088 r  gqav7_z19p_system_i/gqav7_accelerator_0/inst/u_accelerator/i_core/i_pipeline/i_downstream/i_pair_rescale/i_combine_alpha/significand_product_w/DSP_PREADD_DATA_INST/B2B1[15]
                         net (fo=1, routed)           0.000     4.088    gqav7_z19p_system_i/gqav7_accelerator_0/inst/u_accelerator/i_core/i_pipeline/i_downstream/i_pair_rescale/i_combine_alpha/significand_product_w/DSP_PREADD_DATA.B2B1<15>
    DSP48E2_X4Y94        DSP_MULTIPLIER (Prop_DSP_MULTIPLIER_DSP48E2_B2B1[15]_V[43])
                                                      0.609     4.697 f  gqav7_z19p_system_i/gqav7_accelerator_0/inst/u_accelerator/i_core/i_pipeline/i_downstream/i_pair_rescale/i_combine_alpha/significand_product_w/DSP_MULTIPLIER_INST/V[43]
                         net (fo=1, routed)           0.000     4.697    gqav7_z19p_system_i/gqav7_accelerator_0/inst/u_accelerator/i_core/i_pipeline/i_downstream/i_pair_rescale/i_combine_alpha/significand_product_w/DSP_MULTIPLIER.V<43>
    DSP48E2_X4Y94        DSP_M_DATA (Prop_DSP_M_DATA_DSP48E2_V[43]_V_DATA[43])
                                                      0.046     4.743 r  gqav7_z19p_system_i/gqav7_accelerator_0/inst/u_accelerator/i_core/i_pipeline/i_downstream/i_pair_rescale/i_combine_alpha/significand_product_w/DSP_M_DATA_INST/V_DATA[43]
                         net (fo=1, routed)           0.000     4.743    gqav7_z19p_system_i/gqav7_accelerator_0/inst/u_accelerator/i_core/i_pipeline/i_downstream/i_pair_rescale/i_combine_alpha/significand_product_w/DSP_M_DATA.V_DATA<43>
    DSP48E2_X4Y94        DSP_ALU (Prop_DSP_ALU_DSP48E2_V_DATA[43]_ALU_OUT[47])
                                                      0.571     5.314 f  gqav7_z19p_system_i/gqav7_accelerator_0/inst/u_accelerator/i_core/i_pipeline/i_downstream/i_pair_rescale/i_combine_alpha/significand_product_w/DSP_ALU_INST/ALU_OUT[47]
                         net (fo=1, routed)           0.000     5.314    gqav7_z19p_system_i/gqav7_accelerator_0/inst/u_accelerator/i_core/i_pipeline/i_downstream/i_pair_rescale/i_combine_alpha/significand_product_w/DSP_ALU.ALU_OUT<47>
    DSP48E2_X4Y94        DSP_OUTPUT (Prop_DSP_OUTPUT_DSP48E2_ALU_OUT[47]_PCOUT[47])
                                                      0.122     5.436 r  gqav7_z19p_system_i/gqav7_accelerator_0/inst/u_accelerator/i_core/i_pipeline/i_downstream/i_pair_rescale/i_combine_alpha/significand_product_w/DSP_OUTPUT_INST/PCOUT[47]
                         net (fo=1, routed)           0.014     5.450    gqav7_z19p_system_i/gqav7_accelerator_0/inst/u_accelerator/i_core/i_pipeline/i_downstream/i_pair_rescale/i_combine_alpha/s0_q_reg[significand_product]/PCIN[47]
    DSP48E2_X4Y95        DSP_ALU (Prop_DSP_ALU_DSP48E2_PCIN[47]_ALU_OUT[0])
                                                      0.546     5.996 r  gqav7_z19p_system_i/gqav7_accelerator_0/inst/u_accelerator/i_core/i_pipeline/i_downstream/i_pair_rescale/i_combine_alpha/s0_q_reg[significand_product]/DSP_ALU_INST/ALU_OUT[0]
                         net (fo=1, routed)           0.000     5.996    gqav7_z19p_system_i/gqav7_accelerator_0/inst/u_accelerator/i_core/i_pipeline/i_downstream/i_pair_rescale/i_combine_alpha/s0_q_reg[significand_product]/DSP_ALU.ALU_OUT<0>
    DSP48E2_X4Y95        DSP_OUTPUT                                   r  gqav7_z19p_system_i/gqav7_accelerator_0/inst/u_accelerator/i_core/i_pipeline/i_downstream/i_pair_rescale/i_combine_alpha/s0_q_reg[significand_product]/DSP_OUTPUT_INST/ALU_OUT[0]
  -------------------------------------------------------------------    -------------------

                         (clock clk_core_235_unbuf rise edge)
                                                      4.255     4.255 r  
                         clock source latency        -1.044     3.211    
                         propagated clock network latency
                                                      2.790     6.002    
                         clock pessimism              0.086     6.088    
                         clock uncertainty           -0.061     6.027    
    DSP48E2_X4Y95        DSP_OUTPUT (Setup_DSP_OUTPUT_DSP48E2_CLK_ALU_OUT[0])
                                                      0.015     6.042    gqav7_z19p_system_i/gqav7_accelerator_0/inst/u_accelerator/i_core/i_pipeline/i_downstream/i_pair_rescale/i_combine_alpha/s0_q_reg[significand_product]/DSP_OUTPUT_INST
  -------------------------------------------------------------------
                         required time                          6.042    
                         arrival time                          -5.996    
  -------------------------------------------------------------------
                         slack                                  0.046    

Slack (MET) :             0.046ns  (required time - arrival time)
  Source:                 gqav7_z19p_system_i/gqav7_accelerator_0/inst/u_accelerator/i_core/i_pipeline/i_downstream/i_softmax/meta_q_reg[37][row_index][1]/C
                            (rising edge-triggered cell FDRE clocked by clk_core_235_unbuf  {rise@0.000ns fall@2.128ns period=4.255ns})
  Destination:            gqav7_z19p_system_i/gqav7_accelerator_0/inst/u_accelerator/i_core/i_pipeline/i_downstream/i_pair_rescale/i_combine_alpha/s0_q_reg[significand_product]/DSP_OUTPUT_INST/ALU_OUT[10]
                            (rising edge-triggered cell DSP_OUTPUT clocked by clk_core_235_unbuf  {rise@0.000ns fall@2.128ns period=4.255ns})
  Path Group:             clk_core_235_unbuf
  Path Type:              Setup (Max at Slow Process Corner)
  Requirement:            4.255ns  (clk_core_235_unbuf rise@4.255ns - clk_core_235_unbuf rise@0.000ns)
  Data Path Delay:        3.959ns  (logic 2.396ns (60.515%)  route 1.563ns (39.485%))
  Logic Levels:           9  (DSP_A_B_DATA=1 DSP_ALU=2 DSP_M_DATA=1 DSP_MULTIPLIER=1 DSP_OUTPUT=1 DSP_PREADD_DATA=1 LUT6=1 MUXF7=1)
  Clock Path Skew:        -0.204ns (DCD - SCD + CPR)
    Destination Clock Delay (DCD):    1.746ns = ( 6.002 - 4.255 ) 
    Source Clock Delay      (SCD):    2.036ns
    Clock Pessimism Removal (CPR):    0.086ns
  Clock Uncertainty:      0.061ns  ((TSJ^2 + DJ^2)^1/2) / 2 + PE
    Total System Jitter     (TSJ):    0.071ns
    Discrete Jitter          (DJ):    0.099ns
    Phase Error              (PE):    0.000ns

    Location             Delay type                Incr(ns)  Path(ns)    Netlist Resource(s)
  -------------------------------------------------------------------    -------------------
                         (clock clk_core_235_unbuf rise edge)
                                                      0.000     0.000 r  
                         clock source latency        -1.206    -1.206    
                         propagated clock network latency
                                                      3.242     2.036    
    SLICE_X56Y211        FDRE                         0.000     2.036 r  gqav7_z19p_system_i/gqav7_accelerator_0/inst/u_accelerator/i_core/i_pipeline/i_downstream/i_softmax/meta_q_reg[37][row_index][1]/C
    SLICE_X56Y211        FDRE (Prop_GFF_SLICEL_C_Q)
                                                      0.079     2.115 r  gqav7_z19p_system_i/gqav7_accelerator_0/inst/u_accelerator/i_core/i_pipeline/i_downstream/i_softmax/meta_q_reg[37][row_index][1]/Q
                         net (fo=91, routed)          1.072     3.187    gqav7_z19p_system_i/gqav7_accelerator_0/inst/u_accelerator/i_core/i_pipeline/i_downstream/i_pair_rescale/i_combine_alpha/s0_q_reg[special_value][31]_1[1]
    SLICE_X35Y239        MUXF7 (Prop_F7MUX_GH_SLICEM_S_O)
                                                      0.076     3.263 f  gqav7_z19p_system_i/gqav7_accelerator_0/inst/u_accelerator/i_core/i_pipeline/i_downstream/i_pair_rescale/i_combine_alpha/significand_product_w_i_25/O
                         net (fo=1, routed)           0.196     3.459    gqav7_z19p_system_i/gqav7_accelerator_0/inst/u_accelerator/i_core/i_pipeline/i_downstream/i_pair_rescale/i_combine_alpha/significand_product_w_i_25_n_0
    SLICE_X35Y236        LUT6 (Prop_G6LUT_SLICEM_I5_O)
                                                      0.123     3.582 f  gqav7_z19p_system_i/gqav7_accelerator_0/inst/u_accelerator/i_core/i_pipeline/i_downstream/i_pair_rescale/i_combine_alpha/significand_product_w_i_2__7/O
                         net (fo=2, routed)           0.282     3.864    gqav7_z19p_system_i/gqav7_accelerator_0/inst/u_accelerator/i_core/i_pipeline/i_downstream/i_pair_rescale/i_combine_alpha/significand_product_w/B[15]
    DSP48E2_X4Y94        DSP_A_B_DATA (Prop_DSP_A_B_DATA_DSP48E2_B[15]_B2_DATA[15])
                                                      0.151     4.015 r  gqav7_z19p_system_i/gqav7_accelerator_0/inst/u_accelerator/i_core/i_pipeline/i_downstream/i_pair_rescale/i_combine_alpha/significand_product_w/DSP_A_B_DATA_INST/B2_DATA[15]
                         net (fo=1, routed)           0.000     4.015    gqav7_z19p_system_i/gqav7_accelerator_0/inst/u_accelerator/i_core/i_pipeline/i_downstream/i_pair_rescale/i_combine_alpha/significand_product_w/DSP_A_B_DATA.B2_DATA<15>
    DSP48E2_X4Y94        DSP_PREADD_DATA (Prop_DSP_PREADD_DATA_DSP48E2_B2_DATA[15]_B2B1[15])
                                                      0.073     4.088 r  gqav7_z19p_system_i/gqav7_accelerator_0/inst/u_accelerator/i_core/i_pipeline/i_downstream/i_pair_rescale/i_combine_alpha/significand_product_w/DSP_PREADD_DATA_INST/B2B1[15]
                         net (fo=1, routed)           0.000     4.088    gqav7_z19p_system_i/gqav7_accelerator_0/inst/u_accelerator/i_core/i_pipeline/i_downstream/i_pair_rescale/i_combine_alpha/significand_product_w/DSP_PREADD_DATA.B2B1<15>
    DSP48E2_X4Y94        DSP_MULTIPLIER (Prop_DSP_MULTIPLIER_DSP48E2_B2B1[15]_V[43])
                                                      0.609     4.697 f  gqav7_z19p_system_i/gqav7_accelerator_0/inst/u_accelerator/i_core/i_pipeline/i_downstream/i_pair_rescale/i_combine_alpha/significand_product_w/DSP_MULTIPLIER_INST/V[43]
                         net (fo=1, routed)           0.000     4.697    gqav7_z19p_system_i/gqav7_accelerator_0/inst/u_accelerator/i_core/i_pipeline/i_downstream/i_pair_rescale/i_combine_alpha/significand_product_w/DSP_MULTIPLIER.V<43>
    DSP48E2_X4Y94        DSP_M_DATA (Prop_DSP_M_DATA_DSP48E2_V[43]_V_DATA[43])
                                                      0.046     4.743 r  gqav7_z19p_system_i/gqav7_accelerator_0/inst/u_accelerator/i_core/i_pipeline/i_downstream/i_pair_rescale/i_combine_alpha/significand_product_w/DSP_M_DATA_INST/V_DATA[43]
                         net (fo=1, routed)           0.000     4.743    gqav7_z19p_system_i/gqav7_accelerator_0/inst/u_accelerator/i_core/i_pipeline/i_downstream/i_pair_rescale/i_combine_alpha/significand_product_w/DSP_M_DATA.V_DATA<43>
    DSP48E2_X4Y94        DSP_ALU (Prop_DSP_ALU_DSP48E2_V_DATA[43]_ALU_OUT[47])
                                                      0.571     5.314 f  gqav7_z19p_system_i/gqav7_accelerator_0/inst/u_accelerator/i_core/i_pipeline/i_downstream/i_pair_rescale/i_combine_alpha/significand_product_w/DSP_ALU_INST/ALU_OUT[47]
                         net (fo=1, routed)           0.000     5.314    gqav7_z19p_system_i/gqav7_accelerator_0/inst/u_accelerator/i_core/i_pipeline/i_downstream/i_pair_rescale/i_combine_alpha/significand_product_w/DSP_ALU.ALU_OUT<47>
    DSP48E2_X4Y94        DSP_OUTPUT (Prop_DSP_OUTPUT_DSP48E2_ALU_OUT[47]_PCOUT[47])
                                                      0.122     5.436 r  gqav7_z19p_system_i/gqav7_accelerator_0/inst/u_accelerator/i_core/i_pipeline/i_downstream/i_pair_rescale/i_combine_alpha/significand_product_w/DSP_OUTPUT_INST/PCOUT[47]
                         net (fo=1, routed)           0.014     5.450    gqav7_z19p_system_i/gqav7_accelerator_0/inst/u_accelerator/i_core/i_pipeline/i_downstream/i_pair_rescale/i_combine_alpha/s0_q_reg[significand_product]/PCIN[47]
    DSP48E2_X4Y95        DSP_ALU (Prop_DSP_ALU_DSP48E2_PCIN[47]_ALU_OUT[10])
                                                      0.546     5.996 r  gqav7_z19p_system_i/gqav7_accelerator_0/inst/u_accelerator/i_core/i_pipeline/i_downstream/i_pair_rescale/i_combine_alpha/s0_q_reg[significand_product]/DSP_ALU_INST/ALU_OUT[10]
                         net (fo=1, routed)           0.000     5.996    gqav7_z19p_system_i/gqav7_accelerator_0/inst/u_accelerator/i_core/i_pipeline/i_downstream/i_pair_rescale/i_combine_alpha/s0_q_reg[significand_product]/DSP_ALU.ALU_OUT<10>
    DSP48E2_X4Y95        DSP_OUTPUT                                   r  gqav7_z19p_system_i/gqav7_accelerator_0/inst/u_accelerator/i_core/i_pipeline/i_downstream/i_pair_rescale/i_combine_alpha/s0_q_reg[significand_product]/DSP_OUTPUT_INST/ALU_OUT[10]
  -------------------------------------------------------------------    -------------------

                         (clock clk_core_235_unbuf rise edge)
                                                      4.255     4.255 r  
                         clock source latency        -1.044     3.211    
                         propagated clock network latency
                                                      2.790     6.002    
                         clock pessimism              0.086     6.088    
                         clock uncertainty           -0.061     6.027    
    DSP48E2_X4Y95        DSP_OUTPUT (Setup_DSP_OUTPUT_DSP48E2_CLK_ALU_OUT[10])
                                                      0.015     6.042    gqav7_z19p_system_i/gqav7_accelerator_0/inst/u_accelerator/i_core/i_pipeline/i_downstream/i_pair_rescale/i_combine_alpha/s0_q_reg[significand_product]/DSP_OUTPUT_INST
  -------------------------------------------------------------------
                         required time                          6.042    
                         arrival time                          -5.996    
  -------------------------------------------------------------------
                         slack                                  0.046    




