Copyright 1986-2022 Xilinx, Inc. All Rights Reserved. Copyright 2022-2025 Advanced Micro Devices, Inc. All Rights Reserved.
------------------------------------------------------------------------------------------------------------------------------------------------------------------------------------------------------
| Tool Version : Vivado v.2025.2 (win64) Build 6299465 Fri Nov 14 19:35:11 GMT 2025
| Date         : Sat Aug  8 17:30:30 2026
| Host         : DESKTOP-608D0QK running 64-bit major release  (build 9200)
| Command      : report_high_fanout_nets -fanout_greater_than 64 -max_nets 100 -file R:/source/vivado/output/FPGAtten_2025_2_235MHz_core_300MHz_remote_validation/reports/report_high_fanout_nets.rpt
| Design       : gqav7_z19p_system_wrapper
| Device       : xczu19eg
| Design State : Routed
------------------------------------------------------------------------------------------------------------------------------------------------------------------------------------------------------

High Fan-out Nets Information

1. Summary
----------

+-------------------------------------------------------------------------------------------------------------------------------------------------------------------------------------------------------------------------------------------------------------------------------------+--------+-------------+
| Net Name                                                                                                                                                                                                                                                                            | Fanout | Driver Type |
+-------------------------------------------------------------------------------------------------------------------------------------------------------------------------------------------------------------------------------------------------------------------------------------+--------+-------------+
| gqav7_z19p_system_i/gqav7_accelerator_0/inst/u_accelerator/i_regs/core_rst_ni                                                                                                                                                                                                       |   4404 | LUT6        |
| gqav7_z19p_system_i/gqav7_accelerator_0/inst/u_accelerator/i_core/i_pipeline/i_downstream/i_pv/i_compute_capture/i_qk/i_engine/result_context_q_reg[1]_rep__0_0[0]                                                                                                                  |   1616 | FDRE        |
| gqav7_z19p_system_i/gqav7_accelerator_0/inst/u_accelerator/i_core/i_pipeline/i_downstream/i_pv/i_compute_capture/i_qk/i_engine/result_context_q_reg[1]_rep__1_0[0]                                                                                                                  |   1616 | FDRE        |
| gqav7_z19p_system_i/gqav7_accelerator_0/inst/u_accelerator/i_core/i_pipeline/i_downstream/i_pv/i_compute_capture/i_qk/i_engine/result_context_q_reg[1]_rep__2_0[0]                                                                                                                  |   1616 | FDRE        |
| gqav7_z19p_system_i/gqav7_accelerator_0/inst/u_accelerator/core_reset_dma_sync2_q                                                                                                                                                                                                   |   1396 | BUFGCE      |
| gqav7_z19p_system_i/gqav7_accelerator_0/inst/u_accelerator/i_core/i_pipeline/i_qk/i_qk/i_qk/i_engine/result_row_q_reg[1]_rep__1_0                                                                                                                                                   |   1253 | FDRE        |
| gqav7_z19p_system_i/gqav7_accelerator_0/inst/u_accelerator/i_core/i_pipeline/i_qk/i_qk/i_qk/i_engine/result_row_q_reg[2]_rep__1_0                                                                                                                                                   |   1249 | FDRE        |
| gqav7_z19p_system_i/gqav7_accelerator_0/inst/u_accelerator/i_core/i_pipeline/i_qk/i_qk/i_qk/i_engine/Q[0]                                                                                                                                                                           |   1227 | FDRE        |
| gqav7_z19p_system_i/gqav7_accelerator_0/inst/u_accelerator/i_core/i_pipeline/i_qk/i_qk/i_qk/i_engine/result_row_q_reg[0]_rep__1_0                                                                                                                                                   |   1224 | FDRE        |
| gqav7_z19p_system_i/gqav7_accelerator_0/inst/u_accelerator/i_core/i_pipeline/i_downstream/i_pv/i_compute_capture/i_qk/i_engine/result_row_q_reg[2]_rep__3_0                                                                                                                         |   1097 | FDRE        |
| gqav7_z19p_system_i/gqav7_accelerator_0/inst/u_accelerator/i_core/i_pipeline/i_downstream/i_pv/i_compute_capture/i_qk/i_engine/result_row_q_reg[2]_rep__0_0                                                                                                                         |    997 | FDRE        |
| gqav7_z19p_system_i/gqav7_accelerator_0/inst/u_accelerator/i_core/i_pipeline/i_downstream/i_pv/i_compute_capture/i_qk/i_engine/result_row_q_reg[2]_rep__2_0                                                                                                                         |    948 | FDRE        |
| gqav7_z19p_system_i/gqav7_accelerator_0/inst/u_accelerator/i_core/i_pipeline/i_downstream/i_output_update/gen_update_lane[0].i_lane_advance_buffer/out_o                                                                                                                            |    929 | LUT1        |
| gqav7_z19p_system_i/gqav7_accelerator_0/inst/u_accelerator/i_core/i_pipeline/i_downstream/i_output_update/gen_update_lane[1].i_lane_advance_buffer/out_o                                                                                                                            |    929 | LUT1        |
| gqav7_z19p_system_i/gqav7_accelerator_0/inst/u_accelerator/i_core/i_pipeline/i_downstream/i_output_update/gen_update_lane[2].i_lane_advance_buffer/out_o                                                                                                                            |    929 | LUT1        |
| gqav7_z19p_system_i/gqav7_accelerator_0/inst/u_accelerator/i_core/i_pipeline/i_downstream/i_output_update/gen_update_lane[3].i_lane_advance_buffer/out_o                                                                                                                            |    929 | LUT1        |
| gqav7_z19p_system_i/gqav7_accelerator_0/inst/u_accelerator/i_core/i_pipeline/i_downstream/i_output_update/gen_update_lane[4].i_lane_advance_buffer/out_o                                                                                                                            |    929 | LUT1        |
| gqav7_z19p_system_i/gqav7_accelerator_0/inst/u_accelerator/i_core/i_pipeline/i_downstream/i_output_update/gen_update_lane[5].i_lane_advance_buffer/out_o                                                                                                                            |    929 | LUT1        |
| gqav7_z19p_system_i/gqav7_accelerator_0/inst/u_accelerator/i_core/i_pipeline/i_downstream/i_output_update/gen_update_lane[6].i_lane_advance_buffer/out_o                                                                                                                            |    929 | LUT1        |
| gqav7_z19p_system_i/gqav7_accelerator_0/inst/u_accelerator/i_core/i_pipeline/i_downstream/i_output_update/gen_update_lane[7].i_lane_advance_buffer/out_o                                                                                                                            |    929 | LUT1        |
| gqav7_z19p_system_i/gqav7_accelerator_0/inst/u_accelerator/i_core/i_pipeline/i_downstream/i_pv/i_compute_capture/i_qk/i_engine/result_row_q_reg[0]_rep__6_0                                                                                                                         |    904 | FDRE        |
| gqav7_z19p_system_i/gqav7_accelerator_0/inst/u_accelerator/i_core/i_pipeline/i_downstream/i_pv/i_compute_capture/i_qk/i_engine/result_row_q_reg[2]_rep__1_0                                                                                                                         |    904 | FDRE        |
| gqav7_z19p_system_i/gqav7_accelerator_0/inst/u_accelerator/i_core/i_pipeline/i_downstream/i_pv/i_compute_capture/i_qk/i_engine/result_row_q_reg[0]_0[0]                                                                                                                             |    840 | FDRE        |
| gqav7_z19p_system_i/gqav7_accelerator_0/inst/u_accelerator/i_core/i_pipeline/i_downstream/i_pv/i_compute_capture/i_qk/i_engine/result_row_q_reg[1]_rep__0_0                                                                                                                         |    838 | FDRE        |
| gqav7_z19p_system_i/gqav7_accelerator_0/inst/u_accelerator/i_core/i_pipeline/i_downstream/i_pv/i_compute_capture/i_qk/i_engine/result_row_q_reg[0]_rep__2_0                                                                                                                         |    835 | FDRE        |
| gqav7_z19p_system_i/gqav7_accelerator_0/inst/u_accelerator/i_core/i_pipeline/i_downstream/i_pv/i_compute_capture/i_qk/i_engine/result_row_q_reg[1]_rep__5_0                                                                                                                         |    832 | FDRE        |
| gqav7_z19p_system_i/gqav7_accelerator_0/inst/u_accelerator/i_core/i_pipeline/i_downstream/i_pv/i_compute_capture/i_qk/i_engine/result_row_q_reg[2]_rep_0                                                                                                                            |    819 | FDRE        |
| gqav7_z19p_system_i/gqav7_accelerator_0/inst/u_accelerator/i_core/i_pipeline/i_downstream/i_pv/i_compute_capture/i_qk/i_engine/result_row_q_reg[1]_rep__3_0                                                                                                                         |    804 | FDRE        |
| gqav7_z19p_system_i/gqav7_accelerator_0/inst/u_accelerator/i_core/i_pipeline/i_qk/i_qk/Q[0]_repN                                                                                                                                                                                    |    791 | FDCE        |
| gqav7_z19p_system_i/gqav7_accelerator_0/inst/u_accelerator/i_core/i_pipeline/i_qk/i_qk/Q[1]_repN                                                                                                                                                                                    |    791 | FDCE        |
| gqav7_z19p_system_i/gqav7_accelerator_0/inst/u_accelerator/i_core/i_pipeline/i_qk/i_qk/Q[3]_repN                                                                                                                                                                                    |    791 | FDCE        |
| gqav7_z19p_system_i/pl_ddr4_0/inst/u_ddr4_controller/inst/u_ddr4_mem_intfc/u_ddr_cal_top/u_ddr_mc_pi/u_ddr_mc_read/Q[0]                                                                                                                                                             |    787 | FDRE        |
| gqav7_z19p_system_i/pl_ddr4_0/inst/u_ddr4_controller/inst/u_ddr4_mem_intfc/u_ddr_cal_top/u_ddr_mc_pi/u_ddr_mc_read/Q[1]                                                                                                                                                             |    787 | FDRE        |
| gqav7_z19p_system_i/pl_ddr4_0/inst/u_ddr4_controller/inst/u_ddr4_mem_intfc/u_ddr_cal_top/u_ddr_mc_pi/u_ddr_mc_read/Q[2]                                                                                                                                                             |    787 | FDRE        |
| gqav7_z19p_system_i/pl_ddr4_0/inst/u_ddr4_controller/inst/u_ddr4_mem_intfc/u_ddr_ui/u_ddr_ui_wr_data/wb_wr_data_addr0_ns                                                                                                                                                            |    769 | LUT4        |
| gqav7_z19p_system_i/pl_ddr4_0/inst/u_ddr4_controller/inst/u_ddr4_mem_intfc/u_ddr_ui/u_ddr_ui_wr_data/wb_wr_data_addr_w[1]                                                                                                                                                           |    768 | LUT4        |
| gqav7_z19p_system_i/pl_ddr4_0/inst/u_ddr4_controller/inst/u_ddr4_mem_intfc/u_ddr_ui/u_ddr_ui_wr_data/wb_wr_data_addr_w[2]                                                                                                                                                           |    768 | LUT4        |
| gqav7_z19p_system_i/pl_ddr4_0/inst/u_ddr4_controller/inst/u_ddr4_mem_intfc/u_ddr_ui/u_ddr_ui_wr_data/wb_wr_data_addr_w[3]                                                                                                                                                           |    768 | LUT4        |
| gqav7_z19p_system_i/pl_ddr4_0/inst/u_ddr4_controller/inst/u_ddr4_mem_intfc/u_ddr_ui/u_ddr_ui_wr_data/wb_wr_data_addr_w[4]                                                                                                                                                           |    768 | LUT4        |
| gqav7_z19p_system_i/pl_ddr4_0/inst/u_ddr4_controller/inst/u_ddr4_mem_intfc/u_ddr_ui/u_ddr_ui_wr_data/wdf_rdy_ns                                                                                                                                                                     |    768 | LUT5        |
| gqav7_z19p_system_i/gqav7_accelerator_0/inst/u_accelerator/i_core/i_pipeline/i_downstream/i_pv/i_compute_capture/i_qk/i_engine/result_row_q_reg[1]_rep__1_0                                                                                                                         |    756 | FDRE        |
| gqav7_z19p_system_i/gqav7_accelerator_0/inst/u_accelerator/i_core/i_pipeline/i_downstream/i_pair_fifo/advance                                                                                                                                                                       |    729 | LUT2        |
| gqav7_z19p_system_i/gqav7_accelerator_0/inst/u_accelerator/i_core/i_pipeline/i_downstream/i_pair_fifo/count_q_reg[2]_4                                                                                                                                                              |    713 | LUT2        |
| gqav7_z19p_system_i/data_smartconnect/inst/s00_nodes/s00_w_node/inst/inst_mi_handler/gen_normal_area.inst_fifo_node_payld/gen_xpm_memory_fifo.inst_fifo/wr_wea                                                                                                                      |    680 | LUT1        |
| gqav7_z19p_system_i/pl_ddr4_0/inst/u_ddr_clock_converter/inst/gen_clock_conv.gen_async_conv.asyncfifo_axi/inst_fifo_gen/gaxi_full_lite.gwrite_ch.gwdch2.axi_wdch/grf.rf/gntv_or_sync_fifo.gl0.wr/gwas.wsts/E[0]                                                                     |    676 | LUT2        |
| gqav7_z19p_system_i/data_smartconnect/inst/m00_nodes/m00_w_node/inst/inst_mi_handler/gen_normal_area.inst_fifo_node_payld/gen_xpm_memory_fifo.inst_fifo/wr_wea                                                                                                                      |    672 | FDRE        |
| gqav7_z19p_system_i/data_smartconnect/inst/s01_nodes/s01_w_node/inst/inst_mi_handler/gen_normal_area.inst_fifo_node_payld/gen_xpm_memory_fifo.inst_fifo/wr_wea                                                                                                                      |    668 | LUT1        |
| gqav7_z19p_system_i/data_smartconnect/inst/s02_nodes/s02_w_node/inst/inst_mi_handler/gen_normal_area.inst_fifo_node_payld/gen_xpm_memory_fifo.inst_fifo/wr_wea                                                                                                                      |    668 | LUT1        |
| gqav7_z19p_system_i/gqav7_accelerator_0/inst/u_accelerator/i_core/i_pipeline/i_downstream/i_pv/i_compute_capture/i_qk/i_engine/result_row_q_reg[1]_rep__2_0                                                                                                                         |    668 | FDRE        |
| gqav7_z19p_system_i/pl_ddr4_0/inst/u_ddr_clock_converter/inst/gen_clock_conv.gen_async_conv.asyncfifo_axi/inst_fifo_gen/gaxi_full_lite.gwrite_ch.gwdch2.axi_wdch/grf.rf/gntv_or_sync_fifo.gl0.wr/wpntr/gic0.gc0.count_d2_reg[3]_0[1]                                                |    666 | FDCE        |
| gqav7_z19p_system_i/pl_ddr4_0/inst/u_ddr_clock_converter/inst/gen_clock_conv.gen_async_conv.asyncfifo_axi/inst_fifo_gen/gaxi_full_lite.gwrite_ch.gwdch2.axi_wdch/grf.rf/gntv_or_sync_fifo.gl0.wr/wpntr/gic0.gc0.count_d2_reg[3]_0[2]                                                |    666 | FDCE        |
| gqav7_z19p_system_i/pl_ddr4_0/inst/u_ddr_clock_converter/inst/gen_clock_conv.gen_async_conv.asyncfifo_axi/inst_fifo_gen/gaxi_full_lite.gwrite_ch.gwdch2.axi_wdch/grf.rf/gntv_or_sync_fifo.gl0.wr/wpntr/gic0.gc0.count_d2_reg[3]_0[3]                                                |    666 | FDCE        |
| gqav7_z19p_system_i/pl_ddr4_0/inst/u_ddr_clock_converter/inst/gen_clock_conv.gen_async_conv.asyncfifo_axi/inst_fifo_gen/gaxi_full_lite.gwrite_ch.gwdch2.axi_wdch/grf.rf/gntv_or_sync_fifo.gl0.wr/wpntr/gic0.gc0.count_d2_reg[3]_0[0]                                                |    665 | FDCE        |
| gqav7_z19p_system_i/gqav7_accelerator_0/inst/u_accelerator/i_core/i_pipeline/i_downstream/i_pv/i_compute_capture/i_qk/i_engine/capture_valid_o_reg[0]                                                                                                                               |    631 | LUT6        |
| gqav7_z19p_system_i/gqav7_accelerator_0/inst/u_accelerator/i_core/i_pipeline/i_downstream/i_pv/i_compute_capture/i_qk/i_engine/result_row_q_reg[0]_rep__5_0                                                                                                                         |    620 | FDRE        |
| gqav7_z19p_system_i/gqav7_accelerator_0/inst/u_accelerator/i_core/i_pipeline/i_downstream/i_pv/i_compute_capture/i_qk/i_engine/result_row_q_reg[1]_rep__4_0                                                                                                                         |    620 | FDRE        |
| gqav7_z19p_system_i/data_smartconnect/inst/s00_nodes/s00_w_node/inst/inst_mi_handler/gen_normal_area.inst_fifo_node_payld/gen_xpm_memory_fifo.inst_fifo/gen_mem_rep[2].inst_rd_addrb/rd_addrb_incr                                                                                  |    618 | LUT4        |
| gqav7_z19p_system_i/data_smartconnect/inst/m00_nodes/m00_r_node/inst/inst_mi_handler/gen_normal_area.inst_fifo_node_payld/gen_xpm_memory_fifo.inst_fifo/wr_wea                                                                                                                      |    608 | FDRE        |
| gqav7_z19p_system_i/data_smartconnect/inst/m00_nodes/m00_w_node/inst/inst_mi_handler/m_sc_areset_r                                                                                                                                                                                  |    608 | FDRE        |
| gqav7_z19p_system_i/data_smartconnect/inst/s02_nodes/s02_r_node/inst/inst_mi_handler/gen_normal_area.inst_fifo_node_payld/gen_xpm_memory_fifo.inst_fifo/wr_wea                                                                                                                      |    608 | FDRE        |
| gqav7_z19p_system_i/data_smartconnect/inst/s01_nodes/s01_w_node/inst/inst_mi_handler/gen_normal_area.inst_fifo_node_payld/gen_xpm_memory_fifo.inst_fifo/gen_mem_rep[2].inst_rd_addrb/rd_addrb_incr                                                                                  |    606 | LUT4        |
| gqav7_z19p_system_i/data_smartconnect/inst/s02_nodes/s02_w_node/inst/inst_mi_handler/gen_normal_area.inst_fifo_node_payld/gen_xpm_memory_fifo.inst_fifo/gen_mem_rep[2].inst_rd_addrb/rd_addrb_incr                                                                                  |    606 | LUT4        |
| gqav7_z19p_system_i/data_smartconnect/inst/s00_nodes/s00_r_node/inst/inst_mi_handler/gen_normal_area.inst_fifo_node_payld/gen_xpm_memory_fifo.inst_fifo/wr_wea                                                                                                                      |    604 | FDRE        |
| gqav7_z19p_system_i/data_smartconnect/inst/s01_nodes/s01_r_node/inst/inst_mi_handler/gen_normal_area.inst_fifo_node_payld/gen_xpm_memory_fifo.inst_fifo/wr_wea                                                                                                                      |    604 | FDRE        |
| gqav7_z19p_system_i/gqav7_accelerator_0/inst/u_accelerator/i_core/i_pipeline/i_qk/i_qk/Q[0]_repN_1                                                                                                                                                                                  |    604 | FDCE        |
| gqav7_z19p_system_i/gqav7_accelerator_0/inst/u_accelerator/i_core/i_pipeline/i_qk/i_qk/Q[1]_repN_1                                                                                                                                                                                  |    604 | FDCE        |
| gqav7_z19p_system_i/pl_ddr4_0/inst/u_ddr_clock_converter/inst/gen_clock_conv.gen_async_conv.asyncfifo_axi/inst_fifo_gen/gaxi_full_lite.gread_ch.grdch2.axi_rdch/grf.rf/gntv_or_sync_fifo.gl0.wr/gwas.wsts/E[0]                                                                      |    604 | LUT2        |
| gqav7_z19p_system_i/data_smartconnect/inst/m00_nodes/m00_w_node/inst/inst_mi_handler/gen_normal_area.inst_fifo_node_payld/gen_xpm_memory_fifo.inst_fifo/gen_mem_rep[3].inst_rd_addrb/rd_addrb_incr                                                                                  |    601 | LUT3        |
| gqav7_z19p_system_i/gqav7_accelerator_0/inst/u_accelerator/i_core/i_pipeline/i_downstream/i_pv/i_compute_capture/i_qk/i_engine/result_row_q_reg[0]_rep__1_0                                                                                                                         |    599 | FDRE        |
| gqav7_z19p_system_i/gqav7_accelerator_0/inst/u_accelerator/i_core/i_pipeline/i_qk/i_qk/Q[3]_repN_1                                                                                                                                                                                  |    598 | FDCE        |
| gqav7_z19p_system_i/pl_ddr4_0/inst/u_ddr_clock_converter/inst/gen_clock_conv.gen_async_conv.asyncfifo_axi/inst_fifo_gen/gaxi_full_lite.gread_ch.grdch2.axi_rdch/grf.rf/gntv_or_sync_fifo.gl0.wr/wpntr/gic0.gc0.count_d2_reg[3]_0[1]                                                 |    594 | FDCE        |
| gqav7_z19p_system_i/pl_ddr4_0/inst/u_ddr_clock_converter/inst/gen_clock_conv.gen_async_conv.asyncfifo_axi/inst_fifo_gen/gaxi_full_lite.gread_ch.grdch2.axi_rdch/grf.rf/gntv_or_sync_fifo.gl0.wr/wpntr/gic0.gc0.count_d2_reg[3]_0[2]                                                 |    594 | FDCE        |
| gqav7_z19p_system_i/pl_ddr4_0/inst/u_ddr_clock_converter/inst/gen_clock_conv.gen_async_conv.asyncfifo_axi/inst_fifo_gen/gaxi_full_lite.gread_ch.grdch2.axi_rdch/grf.rf/gntv_or_sync_fifo.gl0.wr/wpntr/gic0.gc0.count_d2_reg[3]_0[3]                                                 |    594 | FDCE        |
| gqav7_z19p_system_i/pl_ddr4_0/inst/u_ddr_clock_converter/inst/gen_clock_conv.gen_async_conv.asyncfifo_axi/inst_fifo_gen/gaxi_full_lite.gread_ch.grdch2.axi_rdch/grf.rf/gntv_or_sync_fifo.gl0.wr/wpntr/gic0.gc0.count_d2_reg[3]_0[0]                                                 |    593 | FDCE        |
| gqav7_z19p_system_i/data_smartconnect/inst/m00_nodes/m00_w_node/inst/inst_si_handler/gen_si_handler.gen_request_fifos.gen_req_fifo[1].inst_req_fifo/gen_xpm_memory_fifo.inst_fifo/s_sc_recv[0]                                                                                      |    592 | LUT4        |
| gqav7_z19p_system_i/data_smartconnect/inst/m00_nodes/m00_w_node/inst/inst_si_handler/gen_si_handler.gen_request_fifos.gen_req_fifo[2].inst_req_fifo/gen_xpm_memory_fifo.inst_fifo/s_sc_recv[0]                                                                                      |    592 | LUT4        |
| gqav7_z19p_system_i/gqav7_accelerator_0/inst/u_accelerator/i_core/i_pipeline/i_downstream/i_pv/i_compute_capture/i_qk/i_engine/result_row_q_reg[1]_rep_0                                                                                                                            |    591 | FDRE        |
| gqav7_z19p_system_i/pl_ddr4_0/inst/u_ddr_clock_converter/inst/gen_clock_conv.gen_async_conv.asyncfifo_axi/inst_fifo_gen/gaxi_full_lite.gwrite_ch.gwdch2.axi_wdch/grf.rf/gntv_or_sync_fifo.gl0.rd/gr1.gr1_int.rfwft/E[0]                                                             |    585 | LUT4        |
| gqav7_z19p_system_i/gqav7_accelerator_0/inst/u_accelerator/i_core/i_pipeline/i_downstream/i_pv/i_compute_capture/i_qk/i_engine/result_row_q_reg[0]_rep__0_0                                                                                                                         |    584 | FDRE        |
| gqav7_z19p_system_i/pl_ddr4_0/inst/u_ddr_clock_converter/inst/gen_clock_conv.gen_async_conv.asyncfifo_axi/inst_fifo_gen/gaxi_full_lite.gwrite_ch.gwdch2.axi_wdch/grf.rf/gntv_or_sync_fifo.gl0.rd/rpntr/gc0.count_d1_reg[3]_0[1]                                                     |    583 | FDCE        |
| gqav7_z19p_system_i/pl_ddr4_0/inst/u_ddr_clock_converter/inst/gen_clock_conv.gen_async_conv.asyncfifo_axi/inst_fifo_gen/gaxi_full_lite.gwrite_ch.gwdch2.axi_wdch/grf.rf/gntv_or_sync_fifo.gl0.rd/rpntr/gc0.count_d1_reg[3]_0[2]                                                     |    583 | FDCE        |
| gqav7_z19p_system_i/pl_ddr4_0/inst/u_ddr_clock_converter/inst/gen_clock_conv.gen_async_conv.asyncfifo_axi/inst_fifo_gen/gaxi_full_lite.gwrite_ch.gwdch2.axi_wdch/grf.rf/gntv_or_sync_fifo.gl0.rd/rpntr/gc0.count_d1_reg[3]_0[3]                                                     |    583 | FDCE        |
| gqav7_z19p_system_i/pl_ddr4_0/inst/u_ddr_clock_converter/inst/gen_clock_conv.gen_async_conv.asyncfifo_axi/inst_fifo_gen/gaxi_full_lite.gwrite_ch.gwdch2.axi_wdch/grf.rf/gntv_or_sync_fifo.gl0.rd/rpntr/gc0.count_d1_reg[3]_0[0]                                                     |    582 | FDCE        |
| gqav7_z19p_system_i/data_smartconnect/inst/m00_exit_pipeline/m00_exit/inst/w_reg/m_vector_i[0]                                                                                                                                                                                      |    577 | LUT4        |
| gqav7_z19p_system_i/data_smartconnect/inst/m00_exit_pipeline/m00_exit/inst/w_reg/skid2vector_q                                                                                                                                                                                      |    577 | FDRE        |
| gqav7_z19p_system_i/data_smartconnect/inst/m00_exit_pipeline/m00_exit/inst/w_reg/skid_buffer[2112]_i_1_n_0                                                                                                                                                                          |    577 | LUT2        |
| gqav7_z19p_system_i/pl_ddr4_0/inst/u_ddr_clock_converter/inst/gen_clock_conv.gen_async_conv.asyncfifo_axi/inst_fifo_gen/gaxi_full_lite.gwrite_ch.gwdch2.axi_wdch/grf.rf/gntv_or_sync_fifo.gl0.rd/gr1.gr1_int.rfwft/ngwrdrst.grst.g7serrst.gnsckt_wrst.gic_rst.sckt_rd_rst_ic_reg[0] |    577 | LUT4        |
| gqav7_z19p_system_i/pl_ddr4_0/inst/u_ddr4_controller/inst/u_ddr4_mem_intfc/u_ddr_cal_top/u_ddr_cal/u_ddr_cal_addr_decode/mcal_DQIn_byte_r0                                                                                                                                          |    576 | LUT2        |
| gqav7_z19p_system_i/reset_core_235m/U0/peripheral_aresetn[0]                                                                                                                                                                                                                        |    570 | FDRE        |
| gqav7_z19p_system_i/data_smartconnect/inst/s00_nodes/s00_r_node/inst/inst_mi_handler/m_sc_areset_r                                                                                                                                                                                  |    547 | FDRE        |
| gqav7_z19p_system_i/data_smartconnect/inst/s02_nodes/s02_r_node/inst/inst_mi_handler/m_sc_areset_r                                                                                                                                                                                  |    547 | FDRE        |
| gqav7_z19p_system_i/data_smartconnect/inst/m00_nodes/m00_r_node/inst/inst_mi_handler/gen_normal_area.inst_fifo_node_payld/gen_xpm_memory_fifo.inst_fifo/gen_mem_rep[2].inst_rd_addrb/rd_addrb_incr                                                                                  |    545 | LUT3        |
| gqav7_z19p_system_i/data_smartconnect/inst/s02_nodes/s02_r_node/inst/inst_mi_handler/gen_normal_area.inst_fifo_node_payld/gen_xpm_memory_fifo.inst_fifo/gen_mem_rep[2].inst_rd_addrb/rd_addrb_incr                                                                                  |    541 | LUT3        |
| gqav7_z19p_system_i/data_smartconnect/inst/s00_nodes/s00_r_node/inst/inst_mi_handler/gen_normal_area.inst_fifo_node_payld/gen_xpm_memory_fifo.inst_fifo/gen_mem_rep[2].inst_rd_addrb/rd_addrb_incr                                                                                  |    538 | LUT5        |
| gqav7_z19p_system_i/data_smartconnect/inst/s01_nodes/s01_r_node/inst/inst_mi_handler/gen_normal_area.inst_fifo_node_payld/gen_xpm_memory_fifo.inst_fifo/gen_mem_rep[2].inst_rd_addrb/rd_addrb_incr                                                                                  |    538 | LUT5        |
| gqav7_z19p_system_i/pl_ddr4_0/inst/u_ddr4_controller/inst/u_ddr4_mem_intfc/u_ddr_cal_top/u_ddr_cal/u_ddr_cal_addr_decode/u_ddr_cal_cplx/cas_uses_dm                                                                                                                                 |    537 | FDRE        |
| gqav7_z19p_system_i/gqav7_accelerator_0/inst/u_accelerator/i_core/i_pipeline/i_downstream/i_pv/i_compute_capture/i_qk/i_engine/result_row_q_reg[0]_rep__3_0                                                                                                                         |    535 | FDRE        |
| gqav7_z19p_system_i/pl_ddr4_0/inst/u_ddr_clock_converter/inst/gen_clock_conv.gen_async_conv.asyncfifo_axi/inst_fifo_gen/gaxi_full_lite.gread_ch.grdch2.axi_rdch/grf.rf/gntv_or_sync_fifo.gl0.rd/gr1.gr1_int.rfwft/E[0]                                                              |    523 | LUT4        |
| gqav7_z19p_system_i/gqav7_accelerator_0/inst/u_accelerator/i_core/i_pipeline/i_downstream/i_softmax/gen_difference_advance[0].i_difference_advance/out_o                                                                                                                            |    521 | LUT1        |
| gqav7_z19p_system_i/gqav7_accelerator_0/inst/u_accelerator/i_core/i_pipeline/i_downstream/i_softmax/gen_difference_advance[1].i_difference_advance/out_o                                                                                                                            |    521 | LUT1        |
+-------------------------------------------------------------------------------------------------------------------------------------------------------------------------------------------------------------------------------------------------------------------------------------+--------+-------------+


