Copyright 1986-2022 Xilinx, Inc. All Rights Reserved. Copyright 2022-2025 Advanced Micro Devices, Inc. All Rights Reserved.
---------------------------------------------------------------------------------------------------------------------------------------------
| Tool Version : Vivado v.2025.2 (win64) Build 6299465 Fri Nov 14 19:35:11 GMT 2025
| Date         : Sat Aug  8 15:45:07 2026
| Host         : DESKTOP-608D0QK running 64-bit major release  (build 9200)
| Command      : report_ip_status
---------------------------------------------------------------------------------------------------------------------------------------------

IP Status Summary

1. Project IP Status
--------------------
Your project uses 80 IP. Some of these IP may have undergone changes in this release of the software. Please review the recommended actions.

More information on the Xilinx versioning policy is available at www.xilinx.com.

Project IP Instances
+--------------------------------------------+--------------------------------+--------------------------+-----------+--------------------+---------+----------------+------------+----------------------+
| Instance Name                              | Status                         | Recommendation           | Change    | IP Name            | IP      | New Version    | New        | Original Part        |
|                                            |                                |                          | Log       |                    | Version |                | License    |                      |
+--------------------------------------------+--------------------------------+--------------------------+-----------+--------------------+---------+----------------+------------+----------------------+
| clock                                      | Up-to-date                     | No changes required      |  *(1)     | Clocking Wizard    | 6.0     | 6.0 (Rev. 17)  | Included   | xczu19eg-ffvc1760-2- |
|                                            |                                |                          |           |                    | (Rev.   |                |            |                      |
|                                            |                                |                          |           |                    | 17)     |                |            |                      |
+--------------------------------------------+--------------------------------+--------------------------+-----------+--------------------+---------+----------------+------------+----------------------+
| ddr4_controller                            | Up-to-date                     | No changes required      |  *(2)     | DDR4 SDRAM (MIG)   | 2.2     | 2.2 (Rev. 28)  | Included   | xczu19eg-ffvc1760-2- |
|                                            |                                |                          |           |                    | (Rev.   |                |            |                      |
|                                            |                                |                          |           |                    | 28)     |                |            |                      |
+--------------------------------------------+--------------------------------+--------------------------+-----------+--------------------+---------+----------------+------------+----------------------+
| ddr_clock_converter                        | Up-to-date                     | No changes required      |  *(3)     | AXI Clock          | 2.1     | 2.1 (Rev. 35)  | Included   | xczu19eg-ffvc1760-2- |
|                                            |                                |                          |           | Converter          | (Rev.   |                |            |                      |
|                                            |                                |                          |           |                    | 35)     |                |            |                      |
+--------------------------------------------+--------------------------------+--------------------------+-----------+--------------------+---------+----------------+------------+----------------------+
| gqav7_z19p_system_accelerator_irq_concat_0 | Up-to-date (discontinued)      | No changes required      |  *(4)     | Concat             | 2.1     | 2.1 (Rev. 7)   | Included   | xczu19eg-ffvc1760-2- |
|                                            |                                |                          |           |                    | (Rev.   |                |            |                      |
|                                            |                                |                          |           |                    | 7)      |                |            |                      |
+--------------------------------------------+--------------------------------+--------------------------+-----------+--------------------+---------+----------------+------------+----------------------+
| gqav7_z19p_system_clock_ready_0            | Up-to-date (discontinued)      | No changes required      |  *(5)     | Constant           | 1.1     | 1.1 (Rev. 10)  | Included   | xczu19eg-ffvc1760-2- |
|                                            |                                |                          |           |                    | (Rev.   |                |            |                      |
|                                            |                                |                          |           |                    | 10)     |                |            |                      |
+--------------------------------------------+--------------------------------+--------------------------+-----------+--------------------+---------+----------------+------------+----------------------+
| gqav7_z19p_system_control_smartconnect_0   | Up-to-date                     | No changes required      |  *(6)     | AXI SmartConnect   | 1.0     | 1.0 (Rev. 28)  | Included   | xczu19eg-ffvc1760-2- |
|                                            |                                |                          |           |                    | (Rev.   |                |            |                      |
|                                            |                                |                          |           |                    | 28)     |                |            |                      |
+--------------------------------------------+--------------------------------+--------------------------+-----------+--------------------+---------+----------------+------------+----------------------+
| gqav7_z19p_system_data_reset_gate_0        | Up-to-date (discontinued)      | No changes required      |  *(7)     | Utility Vector     | 2.0     | 2.0 (Rev. 5)   | Included   | xczu19eg-ffvc1760-2- |
|                                            |                                |                          |           | Logic              | (Rev.   |                |            |                      |
|                                            |                                |                          |           |                    | 5)      |                |            |                      |
+--------------------------------------------+--------------------------------+--------------------------+-----------+--------------------+---------+----------------+------------+----------------------+
| gqav7_z19p_system_data_smartconnect_0      | Up-to-date                     | No changes required      |  *(8)     | AXI SmartConnect   | 1.0     | 1.0 (Rev. 28)  | Included   | xczu19eg-ffvc1760-2- |
|                                            |                                |                          |           |                    | (Rev.   |                |            |                      |
|                                            |                                |                          |           |                    | 28)     |                |            |                      |
+--------------------------------------------+--------------------------------+--------------------------+-----------+--------------------+---------+----------------+------------+----------------------+
| gqav7_z19p_system_gqav7_accelerator_0_0    | Module reference is unresolved | Resolve module reference | Change    | gqav5_vivado_ip_to | 1.0     | 1.0 (Rev. 1)   | Included   | xczu19eg-ffvc1760-2- |
|                                            |                                |                          | Log not   |                    | (Rev.   |                |            |                      |
|                                            |                                |                          | available |                    | 1)      |                |            |                      |
+--------------------------------------------+--------------------------------+--------------------------+-----------+--------------------+---------+----------------+------------+----------------------+
| gqav7_z19p_system_pl_clock_buffer_0        | Module reference is unresolved | Resolve module reference | Change    | gqav7_pl_diff_cloc | 1.0     | 1.0 (Rev. 1)   | Included   | xczu19eg-ffvc1760-2- |
|                                            |                                |                          | Log not   |                    | (Rev.   |                |            |                      |
|                                            |                                |                          | available |                    | 1)      |                |            |                      |
+--------------------------------------------+--------------------------------+--------------------------+-----------+--------------------+---------+----------------+------------+----------------------+
| gqav7_z19p_system_pl_ddr4_0_0              | Module reference is unresolved | Resolve module reference | Change    | gqav5_pl_ddr4_axi_ | 1.0     | 1.0 (Rev. 1)   | Included   | xczu19eg-ffvc1760-2- |
|                                            |                                |                          | Log not   |                    | (Rev.   |                |            |                      |
|                                            |                                |                          | available |                    | 1)      |                |            |                      |
+--------------------------------------------+--------------------------------+--------------------------+-----------+--------------------+---------+----------------+------------+----------------------+
| gqav7_z19p_system_ps_pl_ddr_rebase_0_0     | Module reference is unresolved | Resolve module reference | Change    | gqav5_ps_pl_ddr_ax | 1.0     | 1.0 (Rev. 1)   | Included   | xczu19eg-ffvc1760-2- |
|                                            |                                |                          | Log not   |                    | (Rev.   |                |            |                      |
|                                            |                                |                          | available |                    | 1)      |                |            |                      |
+--------------------------------------------+--------------------------------+--------------------------+-----------+--------------------+---------+----------------+------------+----------------------+
| gqav7_z19p_system_reset_core_235m_0        | Up-to-date                     | No changes required      |  *(9)     | Processor System   | 5.0     | 5.0 (Rev. 17)  | Included   | xczu19eg-ffvc1760-2- |
|                                            |                                |                          |           | Reset              | (Rev.   |                |            |                      |
|                                            |                                |                          |           |                    | 17)     |                |            |                      |
+--------------------------------------------+--------------------------------+--------------------------+-----------+--------------------+---------+----------------+------------+----------------------+
| gqav7_z19p_system_reset_dma_300m_0         | Up-to-date                     | No changes required      |  *(10)    | Processor System   | 5.0     | 5.0 (Rev. 17)  | Included   | xczu19eg-ffvc1760-2- |
|                                            |                                |                          |           | Reset              | (Rev.   |                |            |                      |
|                                            |                                |                          |           |                    | 17)     |                |            |                      |
+--------------------------------------------+--------------------------------+--------------------------+-----------+--------------------+---------+----------------+------------+----------------------+
| gqav7_z19p_system_zynq_ultra_ps_e_0_0      | Up-to-date                     | No changes required      |  *(11)    | Zynq UltraScale+   | 3.5     | 3.5 (Rev. 8)   | Included   | xczu19eg-ffvc1760-2- |
|                                            |                                |                          |           | MPSoC              | (Rev.   |                |            |                      |
|                                            |                                |                          |           |                    | 8)      |                |            |                      |
+--------------------------------------------+--------------------------------+--------------------------+-----------+--------------------+---------+----------------+------------+----------------------+
| ddr4_controller_microblaze_mcs             | Up-to-date                     | No changes required      |  *(12)    | MicroBlaze MCS     | 3.0     | 3.0 (Rev. 27)  | Included   | xczu19eg-ffvc1760-2- |
|                                            |                                |                          |           |                    | (Rev.   |                |            |                      |
|                                            |                                |                          |           |                    | 27)     |                |            |                      |
+--------------------------------------------+--------------------------------+--------------------------+-----------+--------------------+---------+----------------+------------+----------------------+
| ddr4_controller_phy                        | Up-to-date                     | No changes required      |  *(13)    | DDR4 SDRAM PHY IP  | 2.2     | 2.2 (Rev. 9)   | Included   | xczu19eg-ffvc1760-2- |
|                                            |                                |                          |           |                    | (Rev.   |                |            |                      |
|                                            |                                |                          |           |                    | 9)      |                |            |                      |
+--------------------------------------------+--------------------------------+--------------------------+-----------+--------------------+---------+----------------+------------+----------------------+
| bd_5f4f_arsw_0                             | Up-to-date                     | No changes required      |  *(14)    | SmartConnect       | 1.0     | 1.0 (Rev. 9)   | Included   | xczu19eg-ffvc1760-2- |
|                                            |                                |                          |           | Switchboard        | (Rev.   |                |            |                      |
|                                            |                                |                          |           |                    | 9)      |                |            |                      |
+--------------------------------------------+--------------------------------+--------------------------+-----------+--------------------+---------+----------------+------------+----------------------+
| bd_5f4f_awsw_0                             | Up-to-date                     | No changes required      |  *(15)    | SmartConnect       | 1.0     | 1.0 (Rev. 9)   | Included   | xczu19eg-ffvc1760-2- |
|                                            |                                |                          |           | Switchboard        | (Rev.   |                |            |                      |
|                                            |                                |                          |           |                    | 9)      |                |            |                      |
+--------------------------------------------+--------------------------------+--------------------------+-----------+--------------------+---------+----------------+------------+----------------------+
| bd_5f4f_bsw_0                              | Up-to-date                     | No changes required      |  *(16)    | SmartConnect       | 1.0     | 1.0 (Rev. 9)   | Included   | xczu19eg-ffvc1760-2- |
|                                            |                                |                          |           | Switchboard        | (Rev.   |                |            |                      |
|                                            |                                |                          |           |                    | 9)      |                |            |                      |
+--------------------------------------------+--------------------------------+--------------------------+-----------+--------------------+---------+----------------+------------+----------------------+
| bd_5f4f_m00arn_0                           | Up-to-date                     | No changes required      |  *(17)    | SmartConnect Node  | 1.0     | 1.0 (Rev. 19)  | Included   | xczu19eg-ffvc1760-2- |
|                                            |                                |                          |           |                    | (Rev.   |                |            |                      |
|                                            |                                |                          |           |                    | 19)     |                |            |                      |
+--------------------------------------------+--------------------------------+--------------------------+-----------+--------------------+---------+----------------+------------+----------------------+
| bd_5f4f_m00awn_0                           | Up-to-date                     | No changes required      |  *(18)    | SmartConnect Node  | 1.0     | 1.0 (Rev. 19)  | Included   | xczu19eg-ffvc1760-2- |
|                                            |                                |                          |           |                    | (Rev.   |                |            |                      |
|                                            |                                |                          |           |                    | 19)     |                |            |                      |
+--------------------------------------------+--------------------------------+--------------------------+-----------+--------------------+---------+----------------+------------+----------------------+
| bd_5f4f_m00bn_0                            | Up-to-date                     | No changes required      |  *(19)    | SmartConnect Node  | 1.0     | 1.0 (Rev. 19)  | Included   | xczu19eg-ffvc1760-2- |
|                                            |                                |                          |           |                    | (Rev.   |                |            |                      |
|                                            |                                |                          |           |                    | 19)     |                |            |                      |
+--------------------------------------------+--------------------------------+--------------------------+-----------+--------------------+---------+----------------+------------+----------------------+
| bd_5f4f_m00e_0                             | Up-to-date                     | No changes required      |  *(20)    | SC EXIT            | 1.0     | 1.0 (Rev. 18)  | Included   | xczu19eg-ffvc1760-2- |
|                                            |                                |                          |           |                    | (Rev.   |                |            |                      |
|                                            |                                |                          |           |                    | 18)     |                |            |                      |
+--------------------------------------------+--------------------------------+--------------------------+-----------+--------------------+---------+----------------+------------+----------------------+
| bd_5f4f_m00rn_0                            | Up-to-date                     | No changes required      |  *(21)    | SmartConnect Node  | 1.0     | 1.0 (Rev. 19)  | Included   | xczu19eg-ffvc1760-2- |
|                                            |                                |                          |           |                    | (Rev.   |                |            |                      |
|                                            |                                |                          |           |                    | 19)     |                |            |                      |
+--------------------------------------------+--------------------------------+--------------------------+-----------+--------------------+---------+----------------+------------+----------------------+
| bd_5f4f_m00s2a_0                           | Up-to-date                     | No changes required      |  *(22)    | SmartConnect       | 1.0     | 1.0 (Rev. 11)  | Included   | xczu19eg-ffvc1760-2- |
|                                            |                                |                          |           | SC2AXI Bridge      | (Rev.   |                |            |                      |
|                                            |                                |                          |           |                    | 11)     |                |            |                      |
+--------------------------------------------+--------------------------------+--------------------------+-----------+--------------------+---------+----------------+------------+----------------------+
| bd_5f4f_m00wn_0                            | Up-to-date                     | No changes required      |  *(23)    | SmartConnect Node  | 1.0     | 1.0 (Rev. 19)  | Included   | xczu19eg-ffvc1760-2- |
|                                            |                                |                          |           |                    | (Rev.   |                |            |                      |
|                                            |                                |                          |           |                    | 19)     |                |            |                      |
+--------------------------------------------+--------------------------------+--------------------------+-----------+--------------------+---------+----------------+------------+----------------------+
| bd_5f4f_psr_aclk_0                         | Up-to-date                     | No changes required      |  *(24)    | Processor System   | 5.0     | 5.0 (Rev. 17)  | Included   | xczu19eg-ffvc1760-2- |
|                                            |                                |                          |           | Reset              | (Rev.   |                |            |                      |
|                                            |                                |                          |           |                    | 17)     |                |            |                      |
+--------------------------------------------+--------------------------------+--------------------------+-----------+--------------------+---------+----------------+------------+----------------------+
| bd_5f4f_rsw_0                              | Up-to-date                     | No changes required      |  *(25)    | SmartConnect       | 1.0     | 1.0 (Rev. 9)   | Included   | xczu19eg-ffvc1760-2- |
|                                            |                                |                          |           | Switchboard        | (Rev.   |                |            |                      |
|                                            |                                |                          |           |                    | 9)      |                |            |                      |
+--------------------------------------------+--------------------------------+--------------------------+-----------+--------------------+---------+----------------+------------+----------------------+
| bd_5f4f_s00a2s_0                           | Up-to-date                     | No changes required      |  *(26)    | SmartConnect       | 1.0     | 1.0 (Rev. 11)  | Included   | xczu19eg-ffvc1760-2- |
|                                            |                                |                          |           | AXI2SC Bridge      | (Rev.   |                |            |                      |
|                                            |                                |                          |           |                    | 11)     |                |            |                      |
+--------------------------------------------+--------------------------------+--------------------------+-----------+--------------------+---------+----------------+------------+----------------------+
| bd_5f4f_s00mmu_0                           | Up-to-date                     | No changes required      |  *(27)    | SC MMU             | 1.0     | 1.0 (Rev. 16)  | Included   | xczu19eg-ffvc1760-2- |
|                                            |                                |                          |           |                    | (Rev.   |                |            |                      |
|                                            |                                |                          |           |                    | 16)     |                |            |                      |
+--------------------------------------------+--------------------------------+--------------------------+-----------+--------------------+---------+----------------+------------+----------------------+
| bd_5f4f_s00sic_0                           | Up-to-date                     | No changes required      |  *(28)    | SC SI_CONVERTER    | 1.0     | 1.0 (Rev. 16)  | Included   | xczu19eg-ffvc1760-2- |
|                                            |                                |                          |           |                    | (Rev.   |                |            |                      |
|                                            |                                |                          |           |                    | 16)     |                |            |                      |
+--------------------------------------------+--------------------------------+--------------------------+-----------+--------------------+---------+----------------+------------+----------------------+
| bd_5f4f_s00tr_0                            | Up-to-date                     | No changes required      |  *(29)    | SC                 | 1.0     | 1.0 (Rev. 12)  | Included   | xczu19eg-ffvc1760-2- |
|                                            |                                |                          |           | TRANSACTION_REGULA | (Rev.   |                |            |                      |
|                                            |                                |                          |           |                    | 12)     |                |            |                      |
+--------------------------------------------+--------------------------------+--------------------------+-----------+--------------------+---------+----------------+------------+----------------------+
| bd_5f4f_s01a2s_0                           | Up-to-date                     | No changes required      |  *(30)    | SmartConnect       | 1.0     | 1.0 (Rev. 11)  | Included   | xczu19eg-ffvc1760-2- |
|                                            |                                |                          |           | AXI2SC Bridge      | (Rev.   |                |            |                      |
|                                            |                                |                          |           |                    | 11)     |                |            |                      |
+--------------------------------------------+--------------------------------+--------------------------+-----------+--------------------+---------+----------------+------------+----------------------+
| bd_5f4f_s01mmu_0                           | Up-to-date                     | No changes required      |  *(31)    | SC MMU             | 1.0     | 1.0 (Rev. 16)  | Included   | xczu19eg-ffvc1760-2- |
|                                            |                                |                          |           |                    | (Rev.   |                |            |                      |
|                                            |                                |                          |           |                    | 16)     |                |            |                      |
+--------------------------------------------+--------------------------------+--------------------------+-----------+--------------------+---------+----------------+------------+----------------------+
| bd_5f4f_s01sic_0                           | Up-to-date                     | No changes required      |  *(32)    | SC SI_CONVERTER    | 1.0     | 1.0 (Rev. 16)  | Included   | xczu19eg-ffvc1760-2- |
|                                            |                                |                          |           |                    | (Rev.   |                |            |                      |
|                                            |                                |                          |           |                    | 16)     |                |            |                      |
+--------------------------------------------+--------------------------------+--------------------------+-----------+--------------------+---------+----------------+------------+----------------------+
| bd_5f4f_s01tr_0                            | Up-to-date                     | No changes required      |  *(33)    | SC                 | 1.0     | 1.0 (Rev. 12)  | Included   | xczu19eg-ffvc1760-2- |
|                                            |                                |                          |           | TRANSACTION_REGULA | (Rev.   |                |            |                      |
|                                            |                                |                          |           |                    | 12)     |                |            |                      |
+--------------------------------------------+--------------------------------+--------------------------+-----------+--------------------+---------+----------------+------------+----------------------+
| bd_5f4f_s02a2s_0                           | Up-to-date                     | No changes required      |  *(34)    | SmartConnect       | 1.0     | 1.0 (Rev. 11)  | Included   | xczu19eg-ffvc1760-2- |
|                                            |                                |                          |           | AXI2SC Bridge      | (Rev.   |                |            |                      |
|                                            |                                |                          |           |                    | 11)     |                |            |                      |
+--------------------------------------------+--------------------------------+--------------------------+-----------+--------------------+---------+----------------+------------+----------------------+
| bd_5f4f_s02mmu_0                           | Up-to-date                     | No changes required      |  *(35)    | SC MMU             | 1.0     | 1.0 (Rev. 16)  | Included   | xczu19eg-ffvc1760-2- |
|                                            |                                |                          |           |                    | (Rev.   |                |            |                      |
|                                            |                                |                          |           |                    | 16)     |                |            |                      |
+--------------------------------------------+--------------------------------+--------------------------+-----------+--------------------+---------+----------------+------------+----------------------+
| bd_5f4f_s02sic_0                           | Up-to-date                     | No changes required      |  *(36)    | SC SI_CONVERTER    | 1.0     | 1.0 (Rev. 16)  | Included   | xczu19eg-ffvc1760-2- |
|                                            |                                |                          |           |                    | (Rev.   |                |            |                      |
|                                            |                                |                          |           |                    | 16)     |                |            |                      |
+--------------------------------------------+--------------------------------+--------------------------+-----------+--------------------+---------+----------------+------------+----------------------+
| bd_5f4f_s02tr_0                            | Up-to-date                     | No changes required      |  *(37)    | SC                 | 1.0     | 1.0 (Rev. 12)  | Included   | xczu19eg-ffvc1760-2- |
|                                            |                                |                          |           | TRANSACTION_REGULA | (Rev.   |                |            |                      |
|                                            |                                |                          |           |                    | 12)     |                |            |                      |
+--------------------------------------------+--------------------------------+--------------------------+-----------+--------------------+---------+----------------+------------+----------------------+
| bd_5f4f_sarn_0                             | Up-to-date                     | No changes required      |  *(38)    | SmartConnect Node  | 1.0     | 1.0 (Rev. 19)  | Included   | xczu19eg-ffvc1760-2- |
|                                            |                                |                          |           |                    | (Rev.   |                |            |                      |
|                                            |                                |                          |           |                    | 19)     |                |            |                      |
+--------------------------------------------+--------------------------------+--------------------------+-----------+--------------------+---------+----------------+------------+----------------------+
| bd_5f4f_sarn_1                             | Up-to-date                     | No changes required      |  *(39)    | SmartConnect Node  | 1.0     | 1.0 (Rev. 19)  | Included   | xczu19eg-ffvc1760-2- |
|                                            |                                |                          |           |                    | (Rev.   |                |            |                      |
|                                            |                                |                          |           |                    | 19)     |                |            |                      |
+--------------------------------------------+--------------------------------+--------------------------+-----------+--------------------+---------+----------------+------------+----------------------+
| bd_5f4f_sarn_2                             | Up-to-date                     | No changes required      |  *(40)    | SmartConnect Node  | 1.0     | 1.0 (Rev. 19)  | Included   | xczu19eg-ffvc1760-2- |
|                                            |                                |                          |           |                    | (Rev.   |                |            |                      |
|                                            |                                |                          |           |                    | 19)     |                |            |                      |
+--------------------------------------------+--------------------------------+--------------------------+-----------+--------------------+---------+----------------+------------+----------------------+
| bd_5f4f_sawn_0                             | Up-to-date                     | No changes required      |  *(41)    | SmartConnect Node  | 1.0     | 1.0 (Rev. 19)  | Included   | xczu19eg-ffvc1760-2- |
|                                            |                                |                          |           |                    | (Rev.   |                |            |                      |
|                                            |                                |                          |           |                    | 19)     |                |            |                      |
+--------------------------------------------+--------------------------------+--------------------------+-----------+--------------------+---------+----------------+------------+----------------------+
| bd_5f4f_sawn_1                             | Up-to-date                     | No changes required      |  *(42)    | SmartConnect Node  | 1.0     | 1.0 (Rev. 19)  | Included   | xczu19eg-ffvc1760-2- |
|                                            |                                |                          |           |                    | (Rev.   |                |            |                      |
|                                            |                                |                          |           |                    | 19)     |                |            |                      |
+--------------------------------------------+--------------------------------+--------------------------+-----------+--------------------+---------+----------------+------------+----------------------+
| bd_5f4f_sawn_2                             | Up-to-date                     | No changes required      |  *(43)    | SmartConnect Node  | 1.0     | 1.0 (Rev. 19)  | Included   | xczu19eg-ffvc1760-2- |
|                                            |                                |                          |           |                    | (Rev.   |                |            |                      |
|                                            |                                |                          |           |                    | 19)     |                |            |                      |
+--------------------------------------------+--------------------------------+--------------------------+-----------+--------------------+---------+----------------+------------+----------------------+
| bd_5f4f_sbn_0                              | Up-to-date                     | No changes required      |  *(44)    | SmartConnect Node  | 1.0     | 1.0 (Rev. 19)  | Included   | xczu19eg-ffvc1760-2- |
|                                            |                                |                          |           |                    | (Rev.   |                |            |                      |
|                                            |                                |                          |           |                    | 19)     |                |            |                      |
+--------------------------------------------+--------------------------------+--------------------------+-----------+--------------------+---------+----------------+------------+----------------------+
| bd_5f4f_sbn_1                              | Up-to-date                     | No changes required      |  *(45)    | SmartConnect Node  | 1.0     | 1.0 (Rev. 19)  | Included   | xczu19eg-ffvc1760-2- |
|                                            |                                |                          |           |                    | (Rev.   |                |            |                      |
|                                            |                                |                          |           |                    | 19)     |                |            |                      |
+--------------------------------------------+--------------------------------+--------------------------+-----------+--------------------+---------+----------------+------------+----------------------+
| bd_5f4f_sbn_2                              | Up-to-date                     | No changes required      |  *(46)    | SmartConnect Node  | 1.0     | 1.0 (Rev. 19)  | Included   | xczu19eg-ffvc1760-2- |
|                                            |                                |                          |           |                    | (Rev.   |                |            |                      |
|                                            |                                |                          |           |                    | 19)     |                |            |                      |
+--------------------------------------------+--------------------------------+--------------------------+-----------+--------------------+---------+----------------+------------+----------------------+
| bd_5f4f_srn_0                              | Up-to-date                     | No changes required      |  *(47)    | SmartConnect Node  | 1.0     | 1.0 (Rev. 19)  | Included   | xczu19eg-ffvc1760-2- |
|                                            |                                |                          |           |                    | (Rev.   |                |            |                      |
|                                            |                                |                          |           |                    | 19)     |                |            |                      |
+--------------------------------------------+--------------------------------+--------------------------+-----------+--------------------+---------+----------------+------------+----------------------+
| bd_5f4f_srn_1                              | Up-to-date                     | No changes required      |  *(48)    | SmartConnect Node  | 1.0     | 1.0 (Rev. 19)  | Included   | xczu19eg-ffvc1760-2- |
|                                            |                                |                          |           |                    | (Rev.   |                |            |                      |
|                                            |                                |                          |           |                    | 19)     |                |            |                      |
+--------------------------------------------+--------------------------------+--------------------------+-----------+--------------------+---------+----------------+------------+----------------------+
| bd_5f4f_srn_2                              | Up-to-date                     | No changes required      |  *(49)    | SmartConnect Node  | 1.0     | 1.0 (Rev. 19)  | Included   | xczu19eg-ffvc1760-2- |
|                                            |                                |                          |           |                    | (Rev.   |                |            |                      |
|                                            |                                |                          |           |                    | 19)     |                |            |                      |
+--------------------------------------------+--------------------------------+--------------------------+-----------+--------------------+---------+----------------+------------+----------------------+
| bd_5f4f_swn_0                              | Up-to-date                     | No changes required      |  *(50)    | SmartConnect Node  | 1.0     | 1.0 (Rev. 19)  | Included   | xczu19eg-ffvc1760-2- |
|                                            |                                |                          |           |                    | (Rev.   |                |            |                      |
|                                            |                                |                          |           |                    | 19)     |                |            |                      |
+--------------------------------------------+--------------------------------+--------------------------+-----------+--------------------+---------+----------------+------------+----------------------+
| bd_5f4f_swn_1                              | Up-to-date                     | No changes required      |  *(51)    | SmartConnect Node  | 1.0     | 1.0 (Rev. 19)  | Included   | xczu19eg-ffvc1760-2- |
|                                            |                                |                          |           |                    | (Rev.   |                |            |                      |
|                                            |                                |                          |           |                    | 19)     |                |            |                      |
+--------------------------------------------+--------------------------------+--------------------------+-----------+--------------------+---------+----------------+------------+----------------------+
| bd_5f4f_swn_2                              | Up-to-date                     | No changes required      |  *(52)    | SmartConnect Node  | 1.0     | 1.0 (Rev. 19)  | Included   | xczu19eg-ffvc1760-2- |
|                                            |                                |                          |           |                    | (Rev.   |                |            |                      |
|                                            |                                |                          |           |                    | 19)     |                |            |                      |
+--------------------------------------------+--------------------------------+--------------------------+-----------+--------------------+---------+----------------+------------+----------------------+
| bd_5f4f_wsw_0                              | Up-to-date                     | No changes required      |  *(53)    | SmartConnect       | 1.0     | 1.0 (Rev. 9)   | Included   | xczu19eg-ffvc1760-2- |
|                                            |                                |                          |           | Switchboard        | (Rev.   |                |            |                      |
|                                            |                                |                          |           |                    | 9)      |                |            |                      |
+--------------------------------------------+--------------------------------+--------------------------+-----------+--------------------+---------+----------------+------------+----------------------+
| bd_d78f_m00e_0                             | Up-to-date                     | No changes required      |  *(54)    | SC EXIT            | 1.0     | 1.0 (Rev. 18)  | Included   | xczu19eg-ffvc1760-2- |
|                                            |                                |                          |           |                    | (Rev.   |                |            |                      |
|                                            |                                |                          |           |                    | 18)     |                |            |                      |
+--------------------------------------------+--------------------------------+--------------------------+-----------+--------------------+---------+----------------+------------+----------------------+
| bd_d78f_m00s2a_0                           | Up-to-date                     | No changes required      |  *(55)    | SmartConnect       | 1.0     | 1.0 (Rev. 11)  | Included   | xczu19eg-ffvc1760-2- |
|                                            |                                |                          |           | SC2AXI Bridge      | (Rev.   |                |            |                      |
|                                            |                                |                          |           |                    | 11)     |                |            |                      |
+--------------------------------------------+--------------------------------+--------------------------+-----------+--------------------+---------+----------------+------------+----------------------+
| bd_d78f_psr_aclk_0                         | Up-to-date                     | No changes required      |  *(56)    | Processor System   | 5.0     | 5.0 (Rev. 17)  | Included   | xczu19eg-ffvc1760-2- |
|                                            |                                |                          |           | Reset              | (Rev.   |                |            |                      |
|                                            |                                |                          |           |                    | 17)     |                |            |                      |
+--------------------------------------------+--------------------------------+--------------------------+-----------+--------------------+---------+----------------+------------+----------------------+
| bd_d78f_s00a2s_0                           | Up-to-date                     | No changes required      |  *(57)    | SmartConnect       | 1.0     | 1.0 (Rev. 11)  | Included   | xczu19eg-ffvc1760-2- |
|                                            |                                |                          |           | AXI2SC Bridge      | (Rev.   |                |            |                      |
|                                            |                                |                          |           |                    | 11)     |                |            |                      |
+--------------------------------------------+--------------------------------+--------------------------+-----------+--------------------+---------+----------------+------------+----------------------+
| bd_d78f_s00mmu_0                           | Up-to-date                     | No changes required      |  *(58)    | SC MMU             | 1.0     | 1.0 (Rev. 16)  | Included   | xczu19eg-ffvc1760-2- |
|                                            |                                |                          |           |                    | (Rev.   |                |            |                      |
|                                            |                                |                          |           |                    | 16)     |                |            |                      |
+--------------------------------------------+--------------------------------+--------------------------+-----------+--------------------+---------+----------------+------------+----------------------+
| bd_d78f_s00sic_0                           | Up-to-date                     | No changes required      |  *(59)    | SC SI_CONVERTER    | 1.0     | 1.0 (Rev. 16)  | Included   | xczu19eg-ffvc1760-2- |
|                                            |                                |                          |           |                    | (Rev.   |                |            |                      |
|                                            |                                |                          |           |                    | 16)     |                |            |                      |
+--------------------------------------------+--------------------------------+--------------------------+-----------+--------------------+---------+----------------+------------+----------------------+
| bd_d78f_s00tr_0                            | Up-to-date                     | No changes required      |  *(60)    | SC                 | 1.0     | 1.0 (Rev. 12)  | Included   | xczu19eg-ffvc1760-2- |
|                                            |                                |                          |           | TRANSACTION_REGULA | (Rev.   |                |            |                      |
|                                            |                                |                          |           |                    | 12)     |                |            |                      |
+--------------------------------------------+--------------------------------+--------------------------+-----------+--------------------+---------+----------------+------------+----------------------+
| bd_d78f_sarn_0                             | Up-to-date                     | No changes required      |  *(61)    | SmartConnect Node  | 1.0     | 1.0 (Rev. 19)  | Included   | xczu19eg-ffvc1760-2- |
|                                            |                                |                          |           |                    | (Rev.   |                |            |                      |
|                                            |                                |                          |           |                    | 19)     |                |            |                      |
+--------------------------------------------+--------------------------------+--------------------------+-----------+--------------------+---------+----------------+------------+----------------------+
| bd_d78f_sawn_0                             | Up-to-date                     | No changes required      |  *(62)    | SmartConnect Node  | 1.0     | 1.0 (Rev. 19)  | Included   | xczu19eg-ffvc1760-2- |
|                                            |                                |                          |           |                    | (Rev.   |                |            |                      |
|                                            |                                |                          |           |                    | 19)     |                |            |                      |
+--------------------------------------------+--------------------------------+--------------------------+-----------+--------------------+---------+----------------+------------+----------------------+
| bd_d78f_sbn_0                              | Up-to-date                     | No changes required      |  *(63)    | SmartConnect Node  | 1.0     | 1.0 (Rev. 19)  | Included   | xczu19eg-ffvc1760-2- |
|                                            |                                |                          |           |                    | (Rev.   |                |            |                      |
|                                            |                                |                          |           |                    | 19)     |                |            |                      |
+--------------------------------------------+--------------------------------+--------------------------+-----------+--------------------+---------+----------------+------------+----------------------+
| bd_d78f_srn_0                              | Up-to-date                     | No changes required      |  *(64)    | SmartConnect Node  | 1.0     | 1.0 (Rev. 19)  | Included   | xczu19eg-ffvc1760-2- |
|                                            |                                |                          |           |                    | (Rev.   |                |            |                      |
|                                            |                                |                          |           |                    | 19)     |                |            |                      |
+--------------------------------------------+--------------------------------+--------------------------+-----------+--------------------+---------+----------------+------------+----------------------+
| bd_d78f_swn_0                              | Up-to-date                     | No changes required      |  *(65)    | SmartConnect Node  | 1.0     | 1.0 (Rev. 19)  | Included   | xczu19eg-ffvc1760-2- |
|                                            |                                |                          |           |                    | (Rev.   |                |            |                      |
|                                            |                                |                          |           |                    | 19)     |                |            |                      |
+--------------------------------------------+--------------------------------+--------------------------+-----------+--------------------+---------+----------------+------------+----------------------+
| bd_a471_dlmb_0                             | Up-to-date                     | No changes required      |  *(66)    | Local Memory Bus   | 3.0     | 3.0 (Rev. 16)  | Included   | xczu19eg-ffvc1760-2- |
|                                            |                                |                          |           | (LMB) 1.0          | (Rev.   |                |            |                      |
|                                            |                                |                          |           |                    | 16)     |                |            |                      |
+--------------------------------------------+--------------------------------+--------------------------+-----------+--------------------+---------+----------------+------------+----------------------+
| bd_a471_dlmb_cntlr_0                       | Up-to-date                     | No changes required      |  *(67)    | LMB BRAM           | 4.0     | 4.0 (Rev. 27)  | Included   | xczu19eg-ffvc1760-2- |
|                                            |                                |                          |           | Controller         | (Rev.   |                |            |                      |
|                                            |                                |                          |           |                    | 27)     |                |            |                      |
+--------------------------------------------+--------------------------------+--------------------------+-----------+--------------------+---------+----------------+------------+----------------------+
| bd_a471_ilmb_0                             | Up-to-date                     | No changes required      |  *(68)    | Local Memory Bus   | 3.0     | 3.0 (Rev. 16)  | Included   | xczu19eg-ffvc1760-2- |
|                                            |                                |                          |           | (LMB) 1.0          | (Rev.   |                |            |                      |
|                                            |                                |                          |           |                    | 16)     |                |            |                      |
+--------------------------------------------+--------------------------------+--------------------------+-----------+--------------------+---------+----------------+------------+----------------------+
| bd_a471_ilmb_cntlr_0                       | Up-to-date                     | No changes required      |  *(69)    | LMB BRAM           | 4.0     | 4.0 (Rev. 27)  | Included   | xczu19eg-ffvc1760-2- |
|                                            |                                |                          |           | Controller         | (Rev.   |                |            |                      |
|                                            |                                |                          |           |                    | 27)     |                |            |                      |
+--------------------------------------------+--------------------------------+--------------------------+-----------+--------------------+---------+----------------+------------+----------------------+
| bd_a471_iomodule_0_0                       | Up-to-date                     | No changes required      |  *(70)    | IOModule           | 3.1     | 3.1 (Rev. 13)  | Included   | xczu19eg-ffvc1760-2- |
|                                            |                                |                          |           |                    | (Rev.   |                |            |                      |
|                                            |                                |                          |           |                    | 13)     |                |            |                      |
+--------------------------------------------+--------------------------------+--------------------------+-----------+--------------------+---------+----------------+------------+----------------------+
| bd_a471_lmb_bram_I_0                       | Up-to-date                     | No changes required      |  *(71)    | Block Memory       | 8.4     | 8.4 (Rev. 12)  | Included   | xczu19eg-ffvc1760-2- |
|                                            |                                |                          |           | Generator          | (Rev.   |                |            |                      |
|                                            |                                |                          |           |                    | 12)     |                |            |                      |
+--------------------------------------------+--------------------------------+--------------------------+-----------+--------------------+---------+----------------+------------+----------------------+
| bd_a471_microblaze_I_0                     | Up-to-date                     | No changes required      |  *(72)    | MicroBlaze         | 11.0    | 11.0 (Rev. 16) | Included   | xczu19eg-ffvc1760-2- |
|                                            |                                |                          |           |                    | (Rev.   |                |            |                      |
|                                            |                                |                          |           |                    | 16)     |                |            |                      |
+--------------------------------------------+--------------------------------+--------------------------+-----------+--------------------+---------+----------------+------------+----------------------+
| bd_a471_rst_0_0                            | Up-to-date                     | No changes required      |  *(73)    | Processor System   | 5.0     | 5.0 (Rev. 17)  | Included   | xczu19eg-ffvc1760-2- |
|                                            |                                |                          |           | Reset              | (Rev.   |                |            |                      |
|                                            |                                |                          |           |                    | 17)     |                |            |                      |
+--------------------------------------------+--------------------------------+--------------------------+-----------+--------------------+---------+----------------+------------+----------------------+
| bd_a471_second_dlmb_cntlr_0                | Up-to-date                     | No changes required      |  *(74)    | LMB BRAM           | 4.0     | 4.0 (Rev. 27)  | Included   | xczu19eg-ffvc1760-2- |
|                                            |                                |                          |           | Controller         | (Rev.   |                |            |                      |
|                                            |                                |                          |           |                    | 27)     |                |            |                      |
+--------------------------------------------+--------------------------------+--------------------------+-----------+--------------------+---------+----------------+------------+----------------------+
| bd_a471_second_ilmb_cntlr_0                | Up-to-date                     | No changes required      |  *(75)    | LMB BRAM           | 4.0     | 4.0 (Rev. 27)  | Included   | xczu19eg-ffvc1760-2- |
|                                            |                                |                          |           | Controller         | (Rev.   |                |            |                      |
|                                            |                                |                          |           |                    | 27)     |                |            |                      |
+--------------------------------------------+--------------------------------+--------------------------+-----------+--------------------+---------+----------------+------------+----------------------+
| bd_a471_second_lmb_bram_I_0                | Up-to-date                     | No changes required      |  *(76)    | Block Memory       | 8.4     | 8.4 (Rev. 12)  | Included   | xczu19eg-ffvc1760-2- |
|                                            |                                |                          |           | Generator          | (Rev.   |                |            |                      |
|                                            |                                |                          |           |                    | 12)     |                |            |                      |
+--------------------------------------------+--------------------------------+--------------------------+-----------+--------------------+---------+----------------+------------+----------------------+
*(1) c:/AMDDesignTools/2025.2/Vivado/data/ip/xilinx/clk_wiz_v6_0/doc/clk_wiz_v6_0_changelog.txt
*(2) c:/AMDDesignTools/2025.2/Vivado/data/ip/xilinx/ddr4_v2_2/doc/ddr4_v2_2_changelog.txt
*(3) c:/AMDDesignTools/2025.2/Vivado/data/ip/xilinx/axi_clock_converter_v2_1/doc/axi_clock_converter_v2_1_changelog.txt
*(4) c:/AMDDesignTools/2025.2/Vivado/data/ip/xilinx/xlconcat_v2_1/doc/xlconcat_v2_1_changelog.txt
*(5) c:/AMDDesignTools/2025.2/Vivado/data/ip/xilinx/xlconstant_v1_1/doc/xlconstant_v1_1_changelog.txt
*(6) c:/AMDDesignTools/2025.2/Vivado/data/ip/xilinx/smartconnect_v1_0/doc/smartconnect_v1_0_changelog.txt
*(7) c:/AMDDesignTools/2025.2/Vivado/data/ip/xilinx/util_vector_logic_v2_0/doc/util_vector_logic_v2_0_changelog.txt
*(8) c:/AMDDesignTools/2025.2/Vivado/data/ip/xilinx/smartconnect_v1_0/doc/smartconnect_v1_0_changelog.txt
*(9) c:/AMDDesignTools/2025.2/Vivado/data/ip/xilinx/proc_sys_reset_v5_0/doc/proc_sys_reset_v5_0_changelog.txt
*(10) c:/AMDDesignTools/2025.2/Vivado/data/ip/xilinx/proc_sys_reset_v5_0/doc/proc_sys_reset_v5_0_changelog.txt
*(11) c:/AMDDesignTools/2025.2/Vivado/data/ip/xilinx/zynq_ultra_ps_e_v3_5/doc/zynq_ultra_ps_e_v3_5_changelog.txt
*(12) c:/AMDDesignTools/2025.2/Vivado/data/ip/xilinx/microblaze_mcs_v3_0/doc/microblaze_mcs_v3_0_changelog.txt
*(13) c:/AMDDesignTools/2025.2/Vivado/data/ip/xilinx/ddr4_phy_v2_2/doc/ddr4_phy_v2_2_changelog.txt
*(14) c:/AMDDesignTools/2025.2/Vivado/data/ip/xilinx/sc_switchboard_v1_0/doc/sc_switchboard_v1_0_changelog.txt
*(15) c:/AMDDesignTools/2025.2/Vivado/data/ip/xilinx/sc_switchboard_v1_0/doc/sc_switchboard_v1_0_changelog.txt
*(16) c:/AMDDesignTools/2025.2/Vivado/data/ip/xilinx/sc_switchboard_v1_0/doc/sc_switchboard_v1_0_changelog.txt
*(17) c:/AMDDesignTools/2025.2/Vivado/data/ip/xilinx/sc_node_v1_0/doc/sc_node_v1_0_changelog.txt
*(18) c:/AMDDesignTools/2025.2/Vivado/data/ip/xilinx/sc_node_v1_0/doc/sc_node_v1_0_changelog.txt
*(19) c:/AMDDesignTools/2025.2/Vivado/data/ip/xilinx/sc_node_v1_0/doc/sc_node_v1_0_changelog.txt
*(20) c:/AMDDesignTools/2025.2/Vivado/data/ip/xilinx/sc_exit_v1_0/doc/sc_exit_v1_0_changelog.txt
*(21) c:/AMDDesignTools/2025.2/Vivado/data/ip/xilinx/sc_node_v1_0/doc/sc_node_v1_0_changelog.txt
*(22) c:/AMDDesignTools/2025.2/Vivado/data/ip/xilinx/sc_sc2axi_v1_0/doc/sc_sc2axi_v1_0_changelog.txt
*(23) c:/AMDDesignTools/2025.2/Vivado/data/ip/xilinx/sc_node_v1_0/doc/sc_node_v1_0_changelog.txt
*(24) c:/AMDDesignTools/2025.2/Vivado/data/ip/xilinx/proc_sys_reset_v5_0/doc/proc_sys_reset_v5_0_changelog.txt
*(25) c:/AMDDesignTools/2025.2/Vivado/data/ip/xilinx/sc_switchboard_v1_0/doc/sc_switchboard_v1_0_changelog.txt
*(26) c:/AMDDesignTools/2025.2/Vivado/data/ip/xilinx/sc_axi2sc_v1_0/doc/sc_axi2sc_v1_0_changelog.txt
*(27) c:/AMDDesignTools/2025.2/Vivado/data/ip/xilinx/sc_mmu_v1_0/doc/sc_mmu_v1_0_changelog.txt
*(28) c:/AMDDesignTools/2025.2/Vivado/data/ip/xilinx/sc_si_converter_v1_0/doc/sc_si_converter_v1_0_changelog.txt
*(29) c:/AMDDesignTools/2025.2/Vivado/data/ip/xilinx/sc_transaction_regulator_v1_0/doc/sc_transaction_regulator_v1_0_changelog.txt
*(30) c:/AMDDesignTools/2025.2/Vivado/data/ip/xilinx/sc_axi2sc_v1_0/doc/sc_axi2sc_v1_0_changelog.txt
*(31) c:/AMDDesignTools/2025.2/Vivado/data/ip/xilinx/sc_mmu_v1_0/doc/sc_mmu_v1_0_changelog.txt
*(32) c:/AMDDesignTools/2025.2/Vivado/data/ip/xilinx/sc_si_converter_v1_0/doc/sc_si_converter_v1_0_changelog.txt
*(33) c:/AMDDesignTools/2025.2/Vivado/data/ip/xilinx/sc_transaction_regulator_v1_0/doc/sc_transaction_regulator_v1_0_changelog.txt
*(34) c:/AMDDesignTools/2025.2/Vivado/data/ip/xilinx/sc_axi2sc_v1_0/doc/sc_axi2sc_v1_0_changelog.txt
*(35) c:/AMDDesignTools/2025.2/Vivado/data/ip/xilinx/sc_mmu_v1_0/doc/sc_mmu_v1_0_changelog.txt
*(36) c:/AMDDesignTools/2025.2/Vivado/data/ip/xilinx/sc_si_converter_v1_0/doc/sc_si_converter_v1_0_changelog.txt
*(37) c:/AMDDesignTools/2025.2/Vivado/data/ip/xilinx/sc_transaction_regulator_v1_0/doc/sc_transaction_regulator_v1_0_changelog.txt
*(38) c:/AMDDesignTools/2025.2/Vivado/data/ip/xilinx/sc_node_v1_0/doc/sc_node_v1_0_changelog.txt
*(39) c:/AMDDesignTools/2025.2/Vivado/data/ip/xilinx/sc_node_v1_0/doc/sc_node_v1_0_changelog.txt
*(40) c:/AMDDesignTools/2025.2/Vivado/data/ip/xilinx/sc_node_v1_0/doc/sc_node_v1_0_changelog.txt
*(41) c:/AMDDesignTools/2025.2/Vivado/data/ip/xilinx/sc_node_v1_0/doc/sc_node_v1_0_changelog.txt
*(42) c:/AMDDesignTools/2025.2/Vivado/data/ip/xilinx/sc_node_v1_0/doc/sc_node_v1_0_changelog.txt
*(43) c:/AMDDesignTools/2025.2/Vivado/data/ip/xilinx/sc_node_v1_0/doc/sc_node_v1_0_changelog.txt
*(44) c:/AMDDesignTools/2025.2/Vivado/data/ip/xilinx/sc_node_v1_0/doc/sc_node_v1_0_changelog.txt
*(45) c:/AMDDesignTools/2025.2/Vivado/data/ip/xilinx/sc_node_v1_0/doc/sc_node_v1_0_changelog.txt
*(46) c:/AMDDesignTools/2025.2/Vivado/data/ip/xilinx/sc_node_v1_0/doc/sc_node_v1_0_changelog.txt
*(47) c:/AMDDesignTools/2025.2/Vivado/data/ip/xilinx/sc_node_v1_0/doc/sc_node_v1_0_changelog.txt
*(48) c:/AMDDesignTools/2025.2/Vivado/data/ip/xilinx/sc_node_v1_0/doc/sc_node_v1_0_changelog.txt
*(49) c:/AMDDesignTools/2025.2/Vivado/data/ip/xilinx/sc_node_v1_0/doc/sc_node_v1_0_changelog.txt
*(50) c:/AMDDesignTools/2025.2/Vivado/data/ip/xilinx/sc_node_v1_0/doc/sc_node_v1_0_changelog.txt
*(51) c:/AMDDesignTools/2025.2/Vivado/data/ip/xilinx/sc_node_v1_0/doc/sc_node_v1_0_changelog.txt
*(52) c:/AMDDesignTools/2025.2/Vivado/data/ip/xilinx/sc_node_v1_0/doc/sc_node_v1_0_changelog.txt
*(53) c:/AMDDesignTools/2025.2/Vivado/data/ip/xilinx/sc_switchboard_v1_0/doc/sc_switchboard_v1_0_changelog.txt
*(54) c:/AMDDesignTools/2025.2/Vivado/data/ip/xilinx/sc_exit_v1_0/doc/sc_exit_v1_0_changelog.txt
*(55) c:/AMDDesignTools/2025.2/Vivado/data/ip/xilinx/sc_sc2axi_v1_0/doc/sc_sc2axi_v1_0_changelog.txt
*(56) c:/AMDDesignTools/2025.2/Vivado/data/ip/xilinx/proc_sys_reset_v5_0/doc/proc_sys_reset_v5_0_changelog.txt
*(57) c:/AMDDesignTools/2025.2/Vivado/data/ip/xilinx/sc_axi2sc_v1_0/doc/sc_axi2sc_v1_0_changelog.txt
*(58) c:/AMDDesignTools/2025.2/Vivado/data/ip/xilinx/sc_mmu_v1_0/doc/sc_mmu_v1_0_changelog.txt
*(59) c:/AMDDesignTools/2025.2/Vivado/data/ip/xilinx/sc_si_converter_v1_0/doc/sc_si_converter_v1_0_changelog.txt
*(60) c:/AMDDesignTools/2025.2/Vivado/data/ip/xilinx/sc_transaction_regulator_v1_0/doc/sc_transaction_regulator_v1_0_changelog.txt
*(61) c:/AMDDesignTools/2025.2/Vivado/data/ip/xilinx/sc_node_v1_0/doc/sc_node_v1_0_changelog.txt
*(62) c:/AMDDesignTools/2025.2/Vivado/data/ip/xilinx/sc_node_v1_0/doc/sc_node_v1_0_changelog.txt
*(63) c:/AMDDesignTools/2025.2/Vivado/data/ip/xilinx/sc_node_v1_0/doc/sc_node_v1_0_changelog.txt
*(64) c:/AMDDesignTools/2025.2/Vivado/data/ip/xilinx/sc_node_v1_0/doc/sc_node_v1_0_changelog.txt
*(65) c:/AMDDesignTools/2025.2/Vivado/data/ip/xilinx/sc_node_v1_0/doc/sc_node_v1_0_changelog.txt
*(66) c:/AMDDesignTools/2025.2/Vivado/data/ip/xilinx/lmb_v10_v3_0/doc/lmb_v10_v3_0_changelog.txt
*(67) c:/AMDDesignTools/2025.2/Vivado/data/ip/xilinx/lmb_bram_if_cntlr_v4_0/doc/lmb_bram_if_cntlr_v4_0_changelog.txt
*(68) c:/AMDDesignTools/2025.2/Vivado/data/ip/xilinx/lmb_v10_v3_0/doc/lmb_v10_v3_0_changelog.txt
*(69) c:/AMDDesignTools/2025.2/Vivado/data/ip/xilinx/lmb_bram_if_cntlr_v4_0/doc/lmb_bram_if_cntlr_v4_0_changelog.txt
*(70) c:/AMDDesignTools/2025.2/Vivado/data/ip/xilinx/iomodule_v3_1/doc/iomodule_v3_1_changelog.txt
*(71) c:/AMDDesignTools/2025.2/Vivado/data/ip/xilinx/blk_mem_gen_v8_4/doc/blk_mem_gen_v8_4_changelog.txt
*(72) c:/AMDDesignTools/2025.2/Vivado/data/ip/xilinx/microblaze_v11_0/doc/microblaze_v11_0_changelog.txt
*(73) c:/AMDDesignTools/2025.2/Vivado/data/ip/xilinx/proc_sys_reset_v5_0/doc/proc_sys_reset_v5_0_changelog.txt
*(74) c:/AMDDesignTools/2025.2/Vivado/data/ip/xilinx/lmb_bram_if_cntlr_v4_0/doc/lmb_bram_if_cntlr_v4_0_changelog.txt
*(75) c:/AMDDesignTools/2025.2/Vivado/data/ip/xilinx/lmb_bram_if_cntlr_v4_0/doc/lmb_bram_if_cntlr_v4_0_changelog.txt
*(76) c:/AMDDesignTools/2025.2/Vivado/data/ip/xilinx/blk_mem_gen_v8_4/doc/blk_mem_gen_v8_4_changelog.txt


